Component: ARM Compiler 5.06 update 6 (build 750) Tool: armlink [4d35ed]

==============================================================================

Section Cross References

    system_stm32f4xx.o(i.SystemCoreClockUpdate) refers to system_stm32f4xx.o(.data) for SystemCoreClock
    system_stm32f4xx.o(i.SystemCoreClockUpdate) refers to system_stm32f4xx.o(.constdata) for AHBPrescTable
    etharp.o(i.etharp_cleanup_netif) refers to etharp.o(i.etharp_free_entry) for etharp_free_entry
    etharp.o(i.etharp_cleanup_netif) refers to etharp.o(.bss) for arp_table
    etharp.o(i.etharp_find_addr) refers to etharp.o(i.etharp_find_entry) for etharp_find_entry
    etharp.o(i.etharp_find_addr) refers to etharp.o(.bss) for arp_table
    etharp.o(i.etharp_find_entry) refers to etharp.o(i.etharp_free_entry) for etharp_free_entry
    etharp.o(i.etharp_find_entry) refers to etharp.o(.bss) for arp_table
    etharp.o(i.etharp_free_entry) refers to pbuf.o(i.pbuf_free) for pbuf_free
    etharp.o(i.etharp_free_entry) refers to etharp.o(.bss) for arp_table
    etharp.o(i.etharp_get_entry) refers to etharp.o(.bss) for arp_table
    etharp.o(i.etharp_input) refers to pbuf.o(i.pbuf_free) for pbuf_free
    etharp.o(i.etharp_input) refers to etharp.o(i.etharp_update_arp_entry) for etharp_update_arp_entry
    etharp.o(i.etharp_input) refers to def.o(i.lwip_htons) for lwip_htons
    etharp.o(i.etharp_input) refers to ethernet.o(i.ethernet_output) for ethernet_output
    etharp.o(i.etharp_output) refers to ip4_addr.o(i.ip4_addr_isbroadcast_u32) for ip4_addr_isbroadcast_u32
    etharp.o(i.etharp_output) refers to etharp.o(i.etharp_output_to_arp_index) for etharp_output_to_arp_index
    etharp.o(i.etharp_output) refers to etharp.o(i.etharp_query) for etharp_query
    etharp.o(i.etharp_output) refers to ethernet.o(i.ethernet_output) for ethernet_output
    etharp.o(i.etharp_output) refers to ethernet.o(.constdata) for ethbroadcast
    etharp.o(i.etharp_output) refers to etharp.o(.data) for etharp_cached_entry
    etharp.o(i.etharp_output) refers to etharp.o(.bss) for arp_table
    etharp.o(i.etharp_output_to_arp_index) refers to etharp.o(i.etharp_request) for etharp_request
    etharp.o(i.etharp_output_to_arp_index) refers to etharp.o(i.etharp_request_dst) for etharp_request_dst
    etharp.o(i.etharp_output_to_arp_index) refers to ethernet.o(i.ethernet_output) for ethernet_output
    etharp.o(i.etharp_output_to_arp_index) refers to etharp.o(.bss) for arp_table
    etharp.o(i.etharp_query) refers to ip4_addr.o(i.ip4_addr_isbroadcast_u32) for ip4_addr_isbroadcast_u32
    etharp.o(i.etharp_query) refers to etharp.o(i.etharp_find_entry) for etharp_find_entry
    etharp.o(i.etharp_query) refers to etharp.o(i.etharp_request) for etharp_request
    etharp.o(i.etharp_query) refers to ethernet.o(i.ethernet_output) for ethernet_output
    etharp.o(i.etharp_query) refers to pbuf.o(i.pbuf_alloc) for pbuf_alloc
    etharp.o(i.etharp_query) refers to pbuf.o(i.pbuf_copy) for pbuf_copy
    etharp.o(i.etharp_query) refers to pbuf.o(i.pbuf_free) for pbuf_free
    etharp.o(i.etharp_query) refers to pbuf.o(i.pbuf_ref) for pbuf_ref
    etharp.o(i.etharp_query) refers to etharp.o(.bss) for arp_table
    etharp.o(i.etharp_query) refers to etharp.o(.data) for etharp_cached_entry
    etharp.o(i.etharp_raw) refers to pbuf.o(i.pbuf_alloc) for pbuf_alloc
    etharp.o(i.etharp_raw) refers to def.o(i.lwip_htons) for lwip_htons
    etharp.o(i.etharp_raw) refers to ethernet.o(i.ethernet_output) for ethernet_output
    etharp.o(i.etharp_raw) refers to pbuf.o(i.pbuf_free) for pbuf_free
    etharp.o(i.etharp_request) refers to etharp.o(i.etharp_request_dst) for etharp_request_dst
    etharp.o(i.etharp_request) refers to ethernet.o(.constdata) for ethbroadcast
    etharp.o(i.etharp_request_dst) refers to etharp.o(i.etharp_raw) for etharp_raw
    etharp.o(i.etharp_request_dst) refers to ethernet.o(.constdata) for ethzero
    etharp.o(i.etharp_tmr) refers to etharp.o(i.etharp_free_entry) for etharp_free_entry
    etharp.o(i.etharp_tmr) refers to etharp.o(i.etharp_request) for etharp_request
    etharp.o(i.etharp_tmr) refers to etharp.o(.bss) for arp_table
    etharp.o(i.etharp_update_arp_entry) refers to ip4_addr.o(i.ip4_addr_isbroadcast_u32) for ip4_addr_isbroadcast_u32
    etharp.o(i.etharp_update_arp_entry) refers to etharp.o(i.etharp_find_entry) for etharp_find_entry
    etharp.o(i.etharp_update_arp_entry) refers to ethernet.o(i.ethernet_output) for ethernet_output
    etharp.o(i.etharp_update_arp_entry) refers to pbuf.o(i.pbuf_free) for pbuf_free
    etharp.o(i.etharp_update_arp_entry) refers to etharp.o(.bss) for arp_table
    icmp.o(i.icmp_dest_unreach) refers to icmp.o(i.icmp_send_response) for icmp_send_response
    icmp.o(i.icmp_input) refers to ip4_addr.o(i.ip4_addr_isbroadcast_u32) for ip4_addr_isbroadcast_u32
    icmp.o(i.icmp_input) refers to inet_chksum.o(i.inet_chksum_pbuf) for inet_chksum_pbuf
[...]
    HAL_RCC_GetHCLKFreq                      0x0800292d   Thumb Code     6  stm32f4xx_hal_rcc.o(i.HAL_RCC_GetHCLKFreq)
    HAL_RCC_GetPCLK1Freq                     0x08002939   Thumb Code    36  stm32f4xx_hal_rcc.o(i.HAL_RCC_GetPCLK1Freq)
    HAL_RCC_GetPCLK2Freq                     0x08002965   Thumb Code    36  stm32f4xx_hal_rcc.o(i.HAL_RCC_GetPCLK2Freq)
    HAL_RCC_GetSysClockFreq                  0x08002991   Thumb Code   168  stm32f4xx_hal_rcc.o(i.HAL_RCC_GetSysClockFreq)
    HAL_RCC_MCOConfig                        0x08002a45   Thumb Code   178  stm32f4xx_hal_rcc.o(i.HAL_RCC_MCOConfig)
    HAL_RCC_OscConfig                        0x08002b05   Thumb Code  1090  stm32f4xx_hal_rcc.o(i.HAL_RCC_OscConfig)
    HAL_SPI_Init                             0x08002f51   Thumb Code   160  stm32f4xx_hal_spi.o(i.HAL_SPI_Init)
    HAL_SPI_MspInit                          0x08002ff1   Thumb Code    78  spi_flash.o(i.HAL_SPI_MspInit)
    HAL_SPI_TransmitReceive                  0x0800304d   Thumb Code   716  stm32f4xx_hal_spi.o(i.HAL_SPI_TransmitReceive)
    HAL_SYSTICK_Config                       0x08003319   Thumb Code    52  stm32f4xx_hal_cortex.o(i.HAL_SYSTICK_Config)
    HAL_TIMEx_BreakCallback                  0x0800334d   Thumb Code     2  stm32f4xx_hal_tim_ex.o(i.HAL_TIMEx_BreakCallback)
    HAL_TIMEx_CommutationCallback            0x0800334f   Thumb Code     2  stm32f4xx_hal_tim_ex.o(i.HAL_TIMEx_CommutationCallback)
    HAL_TIM_Base_Init                        0x08003351   Thumb Code    52  stm32f4xx_hal_tim.o(i.HAL_TIM_Base_Init)
    HAL_TIM_Base_MspInit                     0x08003385   Thumb Code   152  timer.o(i.HAL_TIM_Base_MspInit)
    HAL_TIM_Base_Start_IT                    0x0800342d   Thumb Code    30  stm32f4xx_hal_tim.o(i.HAL_TIM_Base_Start_IT)
    HAL_TIM_IC_CaptureCallback               0x0800344b   Thumb Code     2  stm32f4xx_hal_tim.o(i.HAL_TIM_IC_CaptureCallback)
    HAL_TIM_IRQHandler                       0x0800344d   Thumb Code   406  stm32f4xx_hal_tim.o(i.HAL_TIM_IRQHandler)
    HAL_TIM_OC_DelayElapsedCallback          0x080035e3   Thumb Code     2  stm32f4xx_hal_tim.o(i.HAL_TIM_OC_DelayElapsedCallback)
    HAL_TIM_PWM_PulseFinishedCallback        0x080035e5   Thumb Code     2  stm32f4xx_hal_tim.o(i.HAL_TIM_PWM_PulseFinishedCallback)
    HAL_TIM_PeriodElapsedCallback            0x080035e9   Thumb Code    88  timer.o(i.HAL_TIM_PeriodElapsedCallback)
    HAL_TIM_TriggerCallback                  0x08003659   Thumb Code     2  stm32f4xx_hal_tim.o(i.HAL_TIM_TriggerCallback)
    HAL_UART_ErrorCallback                   0x0800365b   Thumb Code     2  usrat.o(i.HAL_UART_ErrorCallback)
    HAL_UART_IRQHandler                      0x0800365d   Thumb Code   326  stm32f4xx_hal_uart.o(i.HAL_UART_IRQHandler)
    HAL_UART_Init                            0x080037a9   Thumb Code   114  stm32f4xx_hal_uart.o(i.HAL_UART_Init)
    HAL_UART_MspInit                         0x0800381d   Thumb Code   380  usrat.o(i.HAL_UART_MspInit)
    HAL_UART_Receive_IT                      0x080039b5   Thumb Code   100  stm32f4xx_hal_uart.o(i.HAL_UART_Receive_IT)
    HAL_UART_RxCpltCallback                  0x08003a19   Thumb Code    48  usrat.o(i.HAL_UART_RxCpltCallback)
    HAL_UART_Transmit_IT                     0x08003a61   Thumb Code    88  stm32f4xx_hal_uart.o(i.HAL_UART_Transmit_IT)
    HAL_UART_TxCpltCallback                  0x08003ab9   Thumb Code     2  usrat.o(i.HAL_UART_TxCpltCallback)
    HAL_WWDG_EarlyWakeupCallback             0x08003abd   Thumb Code    18  wwdg.o(i.HAL_WWDG_EarlyWakeupCallback)
    HAL_WWDG_IRQHandler                      0x08003ad5   Thumb Code    40  stm32f4xx_hal_wwdg.o(i.HAL_WWDG_IRQHandler)
    HAL_WWDG_Init                            0x08003afd   Thumb Code    44  stm32f4xx_hal_wwdg.o(i.HAL_WWDG_Init)
    HAL_WWDG_MspInit                         0x08003b29   Thumb Code    62  wwdg.o(i.HAL_WWDG_MspInit)
    HAL_WWDG_Refresh                         0x08003b71   Thumb Code    12  stm32f4xx_hal_wwdg.o(i.HAL_WWDG_Refresh)
    HardFault_Handler                        0x08003b7d   Thumb Code     4  stm32f4xx_it.o(i.HardFault_Handler)
    LED_Block_Screen_Buf                     0x08003b81   Thumb Code   204  led.o(i.LED_Block_Screen_Buf)
    LED_FONT_POSITION                        0x08003c59   Thumb Code   148  led.o(i.LED_FONT_POSITION)
    LED_GPIO_Init                            0x08003d11   Thumb Code   228  led.o(i.LED_GPIO_Init)
    LED_Imag_ScreenDown                      0x08003e09   Thumb Code    82  led.o(i.LED_Imag_ScreenDown)
    LED_Imag_ScreenScroll                    0x08003e65   Thumb Code   110  led.o(i.LED_Imag_ScreenScroll)
    LED_Imag_ScreenUp                        0x08003ee9   Thumb Code    76  led.o(i.LED_Imag_ScreenUp)
    LED_Pattern_TEST                         0x08003f3d   Thumb Code   120  led.o(i.LED_Pattern_TEST)
    LED_Timer_1ms                            0x08003fd1   Thumb Code    80  led.o(i.LED_Timer_1ms)
    LED_init                                 0x08004035   Thumb Code   446  led.o(i.LED_init)
    MemManage_Handler                        0x08004211   Thumb Code     4  stm32f4xx_it.o(i.MemManage_Handler)
    MyPrintf                                 0x08004215   Thumb Code   140  usrat.o(i.MyPrintf)
    MyPrintf_USART1                          0x080042b1   Thumb Code    82  usrat.o(i.MyPrintf_USART1)
    NMI_Handler                              0x0800430d   Thumb Code     2  stm32f4xx_it.o(i.NMI_Handler)
    SPI_FLASH_BufferRead                     0x080043d9   Thumb Code   190  spi_flash.o(i.SPI_FLASH_BufferRead)
    SPI_FLASH_BufferWrite                    0x080044a1   Thumb Code   290  spi_flash.o(i.SPI_FLASH_BufferWrite)
    SPI_FLASH_GlobalBlockProtec              0x080045c5   Thumb Code    50  spi_flash.o(i.SPI_FLASH_GlobalBlockProtec)
    SPI_FLASH_Init                           0x08004601   Thumb Code   150  spi_flash.o(i.SPI_FLASH_Init)
    SPI_FLASH_Main                           0x080046a9   Thumb Code   138  spi_flash.o(i.SPI_FLASH_Main)
    SPI_FLASH_PageWrite                      0x0800478d   Thumb Code   164  spi_flash.o(i.SPI_FLASH_PageWrite)
    SPI_FLASH_ReadID                         0x08004839   Thumb Code   148  spi_flash.o(i.SPI_FLASH_ReadID)
    SPI_FLASH_SectorErase                    0x080048d5   Thumb Code   126  spi_flash.o(i.SPI_FLASH_SectorErase)
    SPI_FLASH_Timer_1ms                      0x0800495d   Thumb Code    12  spi_flash.o(i.SPI_FLASH_Timer_1ms)
    SPI_FLASH_WaitForWriteEnd                0x0800496d   Thumb Code    88  spi_flash.o(i.SPI_FLASH_WaitForWriteEnd)
    SPI_FLASH_WriteEnable                    0x080049cd   Thumb Code    50  spi_flash.o(i.SPI_FLASH_WriteEnable)
    SysTick_Handler                          0x08004ab3   Thumb Code     8  stm32f4xx_it.o(i.SysTick_Handler)
    SystemInit                               0x08004b71   Thumb Code    82  system_stm32f4xx.o(i.SystemInit)
    TIM3_IRQHandler                          0x08004bd5   Thumb Code    10  timer.o(i.TIM3_IRQHandler)
    TIM4_IRQHandler                          0x08004be5   Thumb Code    10  timer.o(i.TIM4_IRQHandler)
    TIM5_IRQHandler                          0x08004bf5   Thumb Code    10  timer.o(i.TIM5_IRQHandler)
    TIM_Base_SetConfig                       0x08004c05   Thumb Code   184  stm32f4xx_hal_tim.o(i.TIM_Base_SetConfig)
    TextLCD_GPIO_Init                        0x08004ce9   Thumb Code   170  charlcd.o(i.TextLCD_GPIO_Init)
    Time_Main                                0x08004da5   Thumb Code    78  main.o(i.Time_Main)
    Timer_init                               0x08004e25   Thumb Code   120  timer.o(i.Timer_init)
    UART4_IRQHandler                         0x08004ebd   Thumb Code    10  usrat.o(i.UART4_IRQHandler)
    USART1_IRQHandler                        0x0800538d   Thumb Code    10  usrat.o(i.USART1_IRQHandler)
    USART3_IRQHandler                        0x0800539d   Thumb Code    10  usrat.o(i.USART3_IRQHandler)
    USARTRX_MainPro                          0x080053ad   Thumb Code    10  usrat.o(i.USARTRX_MainPro)
    USART_RingBuf_Pro                        0x080053b9   Thumb Code   152  usrat.o(i.USART_RingBuf_Pro)
    USRAT_init                               0x08005469   Thumb Code   404  usrat.o(i.USRAT_init)
    UsageFault_Handler                       0x08005651   Thumb Code     4  stm32f4xx_it.o(i.UsageFault_Handler)
    User_notification                        0x08005655   Thumb Code    82  app_ethernet.o(i.User_notification)
    WWDG_IRQHandler                          0x08005719   Thumb Code    10  wwdg.o(i.WWDG_IRQHandler)
    WWDG_Init                                0x08005729   Thumb Code    76  wwdg.o(i.WWDG_Init)
    __0sprintf                               0x080057a9   Thumb Code    34  printfa.o(i.__0sprintf)
    __1sprintf                               0x080057a9   Thumb Code     0  printfa.o(i.__0sprintf)
    __2sprintf                               0x080057a9   Thumb Code     0  printfa.o(i.__0sprintf)
    __c89sprintf                             0x080057a9   Thumb Code     0  printfa.o(i.__0sprintf)
    sprintf                                  0x080057a9   Thumb Code     0  printfa.o(i.__0sprintf)
    __0vsprintf                              0x080057d1   Thumb Code    30  printfa.o(i.__0vsprintf)
    __1vsprintf                              0x080057d1   Thumb Code     0  printfa.o(i.__0vsprintf)
    __2vsprintf                              0x080057d1   Thumb Code     0  printfa.o(i.__0vsprintf)
    __c89vsprintf                            0x080057d1   Thumb Code     0  printfa.o(i.__0vsprintf)
    vsprintf                                 0x080057d1   Thumb Code     0  printfa.o(i.__0vsprintf)
    __scatterload_copy                       0x0800582d   Thumb Code    14  handlers.o(i.__scatterload_copy)
    __scatterload_null                       0x0800583b   Thumb Code     2  handlers.o(i.__scatterload_null)
    __scatterload_zeroinit                   0x0800583d   Thumb Code    14  handlers.o(i.__scatterload_zeroinit)
    crc8                                     0x08006109   Thumb Code    34  crc8.o(i.crc8)
    display_out                              0x0800614d   Thumb Code   430  charlcd.o(i.display_out)
    etharp_cleanup_netif                     0x08006335   Thumb Code    52  etharp.o(i.etharp_cleanup_netif)
    etharp_input                             0x0800650d   Thumb Code   214  etharp.o(i.etharp_input)
    etharp_output                            0x080065e5   Thumb Code   296  etharp.o(i.etharp_output)
    etharp_query                             0x080067d1   Thumb Code   362  etharp.o(i.etharp_query)
    etharp_request                           0x080069dd   Thumb Code    18  etharp.o(i.etharp_request)
    etharp_tmr                               0x08006a21   Thumb Code   216  etharp.o(i.etharp_tmr)
    ethernet_input                           0x08006bbd   Thumb Code   196  ethernet.o(i.ethernet_input)
    ethernet_output                          0x08006c85   Thumb Code    86  ethernet.o(i.ethernet_output)
    ethernetif_init                          0x08006cdd   Thumb Code    38  ethernetif.o(i.ethernetif_init)
    ethernetif_input                         0x08006d0d   Thumb Code    40  ethernetif.o(i.ethernetif_input)
    ethernetif_notify_conn_changed           0x08006d35   Thumb Code   176  app_ethernet.o(i.ethernetif_notify_conn_changed)
    ethernetif_set_link                      0x08006e8d   Thumb Code    60  ethernetif.o(i.ethernetif_set_link)
    ethernetif_update_config                 0x08006ecd   Thumb Code   206  ethernetif.o(i.ethernetif_update_config)
    icmp_dest_unreach                        0x08006fa1   Thumb Code    18  icmp.o(i.icmp_dest_unreach)
    icmp_input                               0x08006fb5   Thumb Code   392  icmp.o(i.icmp_input)
    icmp_time_exceeded                       0x080071b5   Thumb Code    18  icmp.o(i.icmp_time_exceeded)
    inet_chksum_pbuf                         0x080071c7   Thumb Code    82  inet_chksum.o(i.inet_chksum_pbuf)
    instruction_out                          0x08007219   Thumb Code   440  charlcd.o(i.instruction_out)
    ip4_addr_isbroadcast_u32                 0x080073d9   Thumb Code    78  ip4_addr.o(i.ip4_addr_isbroadcast_u32)
    ip4_frag                                 0x08007429   Thumb Code   444  ip4_frag.o(i.ip4_frag)
    ip4_input                                0x080075e9   Thumb Code   434  ip4.o(i.ip4_input)
    ip4_output_if                            0x080077a5   Thumb Code    54  ip4.o(i.ip4_output_if)
    ip4_output_if_src                        0x080077dd   Thumb Code   190  ip4.o(i.ip4_output_if_src)
    ip4_reass                                0x080078a5   Thumb Code   408  ip4_frag.o(i.ip4_reass)
    ip4_route                                0x08007a45   Thumb Code   134  ip4.o(i.ip4_route)
    ip4addr_ntoa                             0x08007ad5   Thumb Code    16  ip4_addr.o(i.ip4addr_ntoa)
    ip4addr_ntoa_r                           0x08007ae9   Thumb Code   168  ip4_addr.o(i.ip4addr_ntoa_r)
    ip_reass_tmr                             0x08007ec1   Thumb Code    48  ip4_frag.o(i.ip_reass_tmr)
    lcd_Main                                 0x08007f15   Thumb Code    96  charlcd.o(i.lcd_Main)
    lcd_Timer                                0x08007f7d   Thumb Code    12  charlcd.o(i.lcd_Timer)
    lcd_gotoxy                               0x08007f8d   Thumb Code    74  charlcd.o(i.lcd_gotoxy)
    lcd_init                                 0x08007fd9   Thumb Code    80  charlcd.o(i.lcd_init)
    lcd_putstr                               0x0800802d   Thumb Code    62  charlcd.o(i.lcd_putstr)
    lwip_htonl                               0x08008605   Thumb Code    26  def.o(i.lwip_htonl)
    lwip_htons                               0x0800861f   Thumb Code    12  def.o(i.lwip_htons)
    lwip_init                                0x0800862b   Thumb Code    28  init.o(i.lwip_init)
    lwip_standard_chksum                     0x08008647   Thumb Code    94  inet_chksum.o(i.lwip_standard_chksum)
    main                                     0x080086a5   Thumb Code   498  main.o(i.main)
    mem_free                                 0x0800898d   Thumb Code    68  mem.o(i.mem_free)
    mem_init                                 0x080089dd   Thumb Code    74  mem.o(i.mem_init)
    mem_malloc                               0x08008a39   Thumb Code   222  mem.o(i.mem_malloc)
    mem_trim                                 0x08008b25   Thumb Code   288  mem.o(i.mem_trim)
    memp_free                                0x08008c51   Thumb Code    36  memp.o(i.memp_free)
    memp_init                                0x08008c79   Thumb Code    26  memp.o(i.memp_init)
    memp_init_pool                           0x08008c99   Thumb Code    44  memp.o(i.memp_init_pool)
    memp_malloc                              0x08008cc5   Thumb Code    32  memp.o(i.memp_malloc)
    netif_add                                0x08008ce9   Thumb Code   110  netif.o(i.netif_add)
    netif_init                               0x08008d61   Thumb Code     2  netif.o(i.netif_init)
    netif_set_addr                           0x08008d87   Thumb Code    72  netif.o(i.netif_set_addr)
    netif_set_default                        0x08008dd1   Thumb Code     6  netif.o(i.netif_set_default)
    netif_set_down                           0x08008ddd   Thumb Code    42  netif.o(i.netif_set_down)
    netif_set_gw                             0x08008e07   Thumb Code    12  netif.o(i.netif_set_gw)
    netif_set_ipaddr                         0x08008e15   Thumb Code    72  netif.o(i.netif_set_ipaddr)
    netif_set_link_callback                  0x08008e61   Thumb Code     6  netif.o(i.netif_set_link_callback)
    netif_set_link_down                      0x08008e67   Thumb Code    42  netif.o(i.netif_set_link_down)
    netif_set_link_up                        0x08008e91   Thumb Code    58  netif.o(i.netif_set_link_up)
    netif_set_netmask                        0x08008ecb   Thumb Code    12  netif.o(i.netif_set_netmask)
    netif_set_up                             0x08008ed7   Thumb Code    44  netif.o(i.netif_set_up)
    pbuf_alloc                               0x08008f03   Thumb Code   396  pbuf.o(i.pbuf_alloc)
    pbuf_alloced_custom                      0x0800908f   Thumb Code   110  pbuf.o(i.pbuf_alloced_custom)
    pbuf_cat                                 0x080090fd   Thumb Code    56  pbuf.o(i.pbuf_cat)
    pbuf_chain                               0x08009135   Thumb Code    22  pbuf.o(i.pbuf_chain)
    pbuf_clen                                0x0800914b   Thumb Code    18  pbuf.o(i.pbuf_clen)
    pbuf_copy                                0x0800915d   Thumb Code   192  pbuf.o(i.pbuf_copy)
    pbuf_copy_partial                        0x0800921d   Thumb Code   146  pbuf.o(i.pbuf_copy_partial)
    pbuf_free                                0x080092af   Thumb Code   134  pbuf.o(i.pbuf_free)
    pbuf_header                              0x08009335   Thumb Code    18  pbuf.o(i.pbuf_header)
    pbuf_header_force                        0x08009347   Thumb Code    18  pbuf.o(i.pbuf_header_force)
    pbuf_realloc                             0x080093e7   Thumb Code   128  pbuf.o(i.pbuf_realloc)
    pbuf_ref                                 0x08009467   Thumb Code    14  pbuf.o(i.pbuf_ref)
    raw_input                                0x080094fd   Thumb Code   122  raw.o(i.raw_input)
    raw_netif_ip_addr_changed                0x080095ad   Thumb Code    42  raw.o(i.raw_netif_ip_addr_changed)
    sys_check_timeouts                       0x080095dd   Thumb Code    98  timeouts.o(i.sys_check_timeouts)
    sys_now                                  0x08009649   Thumb Code     8  ethernetif.o(i.sys_now)
    sys_timeout                              0x08009651   Thumb Code   206  timeouts.o(i.sys_timeout)
    sys_timeouts_init                        0x08009729   Thumb Code    38  timeouts.o(i.sys_timeouts_init)
    tcp_abandon                              0x0800975d   Thumb Code   216  tcp.o(i.tcp_abandon)
    tcp_abort                                0x08009845   Thumb Code    14  tcp.o(i.tcp_abort)
    tcp_accept                               0x08009853   Thumb Code    16  tcp.o(i.tcp_accept)
    tcp_alloc                                0x08009879   Thumb Code   176  tcp.o(i.tcp_alloc)
    tcp_arg                                  0x08009939   Thumb Code     6  tcp.o(i.tcp_arg)
    tcp_bind                                 0x08009941   Thumb Code   164  tcp.o(i.tcp_bind)
    tcp_close                                0x080099f1   Thumb Code    28  tcp.o(i.tcp_close)
    tcp_echoserver_init                      0x08009d91   Thumb Code    74  tcp_echoserver.o(i.tcp_echoserver_init)
    tcp_eff_send_mss_impl                    0x08009fc9   Thumb Code    58  tcp.o(i.tcp_eff_send_mss_impl)
    tcp_enqueue_flags                        0x0800a003   Thumb Code   270  tcp_out.o(i.tcp_enqueue_flags)
    tcp_err                                  0x0800a111   Thumb Code    12  tcp.o(i.tcp_err)
    tcp_fasttmr                              0x0800a11d   Thumb Code   108  tcp.o(i.tcp_fasttmr)
    tcp_init                                 0x0800a1ed   Thumb Code     2  tcp.o(i.tcp_init)
    tcp_input                                0x0800a1f1   Thumb Code  1252  tcp_in.o(i.tcp_input)
    tcp_keepalive                            0x0800a6f5   Thumb Code    90  tcp_out.o(i.tcp_keepalive)
    tcp_listen_with_backlog                  0x0800a99d   Thumb Code   168  tcp.o(i.tcp_listen_with_backlog)
    tcp_netif_ip_addr_changed                0x0800aa51   Thumb Code    70  tcp.o(i.tcp_netif_ip_addr_changed)
    tcp_new                                  0x0800aacf   Thumb Code    10  tcp.o(i.tcp_new)
    tcp_next_iss                             0x0800ab41   Thumb Code    20  tcp.o(i.tcp_next_iss)
    tcp_output                               0x0800ab5d   Thumb Code   534  tcp_out.o(i.tcp_output)
    tcp_pcb_purge                            0x0800afcd   Thumb Code    64  tcp.o(i.tcp_pcb_purge)
    tcp_pcb_remove                           0x0800b00d   Thumb Code   120  tcp.o(i.tcp_pcb_remove)
    tcp_poll                                 0x0800b085   Thumb Code    12  tcp.o(i.tcp_poll)
    tcp_process_refused_data                 0x0800b64d   Thumb Code   146  tcp.o(i.tcp_process_refused_data)
    tcp_recv                                 0x0800bce5   Thumb Code    10  tcp.o(i.tcp_recv)
    tcp_recv_null                            0x0800bcef   Thumb Code    46  tcp.o(i.tcp_recv_null)
    tcp_recved                               0x0800bd1d   Thumb Code    96  tcp.o(i.tcp_recved)
    tcp_rexmit                               0x0800bd95   Thumb Code    90  tcp_out.o(i.tcp_rexmit)
    tcp_rexmit_fast                          0x0800bdef   Thumb Code   116  tcp_out.o(i.tcp_rexmit_fast)
    tcp_rexmit_rto                           0x0800be63   Thumb Code    58  tcp_out.o(i.tcp_rexmit_rto)
    tcp_rst                                  0x0800be9d   Thumb Code   136  tcp_out.o(i.tcp_rst)
    tcp_seg_free                             0x0800bf25   Thumb Code    26  tcp.o(i.tcp_seg_free)
    tcp_segs_free                            0x0800bf3f   Thumb Code    24  tcp.o(i.tcp_segs_free)
    tcp_send_empty_ack                       0x0800bf57   Thumb Code   118  tcp_out.o(i.tcp_send_empty_ack)
    tcp_send_fin                             0x0800bfcd   Thumb Code    74  tcp_out.o(i.tcp_send_fin)
    tcp_sent                                 0x0800c017   Thumb Code    10  tcp.o(i.tcp_sent)
    tcp_setprio                              0x0800c021   Thumb Code     4  tcp.o(i.tcp_setprio)
    tcp_slowtmr                              0x0800c025   Thumb Code   808  tcp.o(i.tcp_slowtmr)
    tcp_timer_needed                         0x0800c36d   Thumb Code    38  timeouts.o(i.tcp_timer_needed)
    tcp_tmr                                  0x0800c449   Thumb Code    30  tcp.o(i.tcp_tmr)
    tcp_trigger_input_pcb_close              0x0800c46d   Thumb Code    14  tcp_in.o(i.tcp_trigger_input_pcb_close)
    tcp_update_rcv_ann_wnd                   0x0800c481   Thumb Code    78  tcp.o(i.tcp_update_rcv_ann_wnd)
    tcp_write                                0x0800c4cf   Thumb Code   956  tcp_out.o(i.tcp_write)
    tcp_zero_window_probe                    0x0800c8fb   Thumb Code   222  tcp_out.o(i.tcp_zero_window_probe)
    AHBPrescTable                            0x0800ca10   Data          16  system_stm32f4xx.o(.constdata)
    APBPrescTable                            0x0800ca20   Data           8  system_stm32f4xx.o(.constdata)
    ip_addr_any                              0x0800ca28   Data           4  ip4_addr.o(.constdata)
    ip_addr_broadcast                        0x0800ca2c   Data           4  ip4_addr.o(.constdata)
    GPIO_PIN                                 0x0800ca30   Data           8  stm324xg_eval.o(.constdata)
    BUTTON_PIN                               0x0800ca38   Data           6  stm324xg_eval.o(.constdata)
    BUTTON_IRQn                              0x0800ca3e   Data           6  stm324xg_eval.o(.constdata)
    COM_TX_PIN                               0x0800ca44   Data           2  stm324xg_eval.o(.constdata)
    COM_RX_PIN                               0x0800ca46   Data           2  stm324xg_eval.o(.constdata)
    COM_TX_AF                                0x0800ca48   Data           2  stm324xg_eval.o(.constdata)
    COM_RX_AF                                0x0800ca4a   Data           2  stm324xg_eval.o(.constdata)
    ethbroadcast                             0x0800cb4c   Data           6  ethernet.o(.constdata)
    ethzero                                  0x0800cb52   Data           6  ethernet.o(.constdata)
    memp_RAW_PCB                             0x0800cb58   Data          12  memp.o(.constdata)
    memp_TCP_PCB                             0x0800cb64   Data          12  memp.o(.constdata)
    memp_TCP_PCB_LISTEN                      0x0800cb70   Data          12  memp.o(.constdata)
    memp_TCP_SEG                             0x0800cb7c   Data          12  memp.o(.constdata)
    memp_REASSDATA                           0x0800cb88   Data          12  memp.o(.constdata)
    memp_FRAG_PBUF                           0x0800cb94   Data          12  memp.o(.constdata)
    memp_SYS_TIMEOUT                         0x0800cba0   Data          12  memp.o(.constdata)
    memp_PBUF                                0x0800cbac   Data          12  memp.o(.constdata)
    memp_PBUF_POOL                           0x0800cbb8   Data          12  memp.o(.constdata)
    memp_pools                               0x0800cbc4   Data          36  memp.o(.constdata)
    tcp_pcb_lists                            0x0800cc28   Data          16  tcp.o(.constdata)
    lwip_cyclic_timers                       0x0800cc38   Data          24  timeouts.o(.constdata)
    EventRecorderInfo                        0x0800cc50   Data          24  eventrecorder.o(.constdata)
    Region$$Table$$Base                      0x0800cd78   Number         0  anon$$obj.o(Region$$Table)
    Region$$Table$$Limit                     0x0800cd98   Number         0  anon$$obj.o(Region$$Table)
    SystemCoreClock                          0x20000000   Data           4  system_stm32f4xx.o(.data)
    GPIO_PORT                                0x20000010   Data          16  stm324xg_eval.o(.data)
    BUTTON_PORT                              0x20000020   Data          12  stm324xg_eval.o(.data)
    COM_USART                                0x2000002c   Data           4  stm324xg_eval.o(.data)
    COM_TX_PORT                              0x20000030   Data           4  stm324xg_eval.o(.data)
    COM_RX_PORT                              0x20000034   Data           4  stm324xg_eval.o(.data)
    uwTick                                   0x2000003c   Data           4  stm32f4xx_hal.o(.data)
    mEtherNetRx_Flag                         0x20000040   Data           1  main.o(.data)
    m_Main_TIM_Cnt                           0x20000044   Data           4  main.o(.data)
    IP_ADDR1_INPUT_DATA                      0x20000048   Data           1  main.o(.data)
    IP_ADDR2_INPUT_DATA                      0x20000049   Data           1  main.o(.data)
    IP_ADDR3_INPUT_DATA                      0x2000004a   Data           1  main.o(.data)
    IP_ADDR4_INPUT_DATA                      0x2000004b   Data           1  main.o(.data)
    JDS_CRC1                                 0x20000050   Data           1  ethernetif.o(.data)
    JDS_CRC2                                 0x20000051   Data           1  ethernetif.o(.data)
    LED_FONTDATA                             0x20000054   Data        1600  led.o(.data)
    LED_FONTDATA_2                           0x20000694   Data        1600  led.o(.data)
    mLEDAddCntLine                           0x20000cd4   Data           4  led.o(.data)
    mLEDAddCnt                               0x20000cd8   Data           4  led.o(.data)
    mFdi_Screen_Print                        0x20000cdc   Data           4  led.o(.data)
    d_EthernetRxCnt                          0x20000ce0   Data           1  led.o(.data)
    dEthnetFlag                              0x20000ce1   Data           1  led.o(.data)
    mEther_Rx_OK                             0x20000ce2   Data           1  led.o(.data)
    mDisplay_Variable                        0x20000ce3   Data           4  led.o(.data)
    mEthernet_Rx_struct                      0x20000ce8   Data           4  led.o(.data)
    mEthernet_Rx_struct_Pattern              0x20000cec   Data           4  led.o(.data)
    mEthernet_Rx_struct_SwVer                0x20000cf0   Data           4  led.o(.data)
    mEthernet_Rx_struct_State                0x20000cf4   Data           4  led.o(.data)
    aaaaa                                    0x20000cf8   Data           4  led.o(.data)
    bbbbb                                    0x20000cfc   Data           4  led.o(.data)
    mPrint1                                  0x20000d00   Data           4  led.o(.data)
    mPrint2                                  0x20000d04   Data           4  led.o(.data)
    mPrint3                                  0x20000d08   Data           4  led.o(.data)
    mPrint4                                  0x20000d0c   Data           4  led.o(.data)
    mPrint5                                  0x20000d10   Data           4  led.o(.data)
    mPrint6                                  0x20000d14   Data           4  led.o(.data)
    mLed_PatternFlag                         0x20000d18   Data           4  led.o(.data)
    mLed_PatternFlag_Cnt                     0x20000d1c   Data           4  led.o(.data)
    mLed_PatternTimeFlagCnt                  0x20000d20   Data           4  led.o(.data)
    mLed_BlinkFlag                           0x20000d24   Data           4  led.o(.data)
    mLed_BlinkFlag_Cnt                       0x20000d28   Data           4  led.o(.data)
    mLed_PrintScreen_E_M                     0x20000d2c   Data           4  led.o(.data)
    mLed_Timer_Cnt                           0x20000d30   Data           4  led.o(.data)
    InputDataRouteNumReNumBer                0x20000d34   Data           4  led.o(.data)
    mUpFont_Save_posi                        0x20000d38   Data           4  led.o(.data)
    mDownFont_Save_posi                      0x20000d3c   Data           4  led.o(.data)
    Font_Pr_P                                0x20000d40   Data           4  led.o(.data)
    mStringBuf                               0x20000d44   Data         450  led.o(.data)
    mMoveCnt                                 0x20000f08   Data           4  led.o(.data)
    mMoveCnt2                                0x20000f0c   Data           4  led.o(.data)
    nTime_Flage                              0x20000f14   Data           4  timer.o(.data)
    nTime_Flage_1ms                          0x20000f18   Data           4  timer.o(.data)
    nTime_Flage_100us                        0x20000f1c   Data           4  timer.o(.data)
    nLedPrintf_Flag                          0x20000f20   Data           4  timer.o(.data)
    nLcdPrintf_Cnt                           0x20000f24   Data           4  timer.o(.data)
    uwPrescalerValue_Time3                   0x20000f28   Data           4  timer.o(.data)
    uwPrescalerValue_Time4                   0x20000f2c   Data           4  timer.o(.data)
    uwPrescalerValue_Time5                   0x20000f30   Data           4  timer.o(.data)
    uwPrescalerValue_Time8                   0x20000f34   Data           4  timer.o(.data)
    dTimerCnt4                               0x20000f38   Data           4  timer.o(.data)
    FirstSector                              0x20000f3c   Data           4  flash.o(.data)
    NbOfSectors                              0x20000f40   Data           4  flash.o(.data)
    FlashAddressPosion                       0x20000f44   Data           4  flash.o(.data)
    SectorError                              0x20000f48   Data           4  flash.o(.data)
    data8                                    0x20000f4c   Data           1  flash.o(.data)
    mFLASH_TIM_Cnt                           0x20000f50   Data           4  flash.o(.data)
    mFlashMemoySaveBuf                       0x20000f54   Data         100  flash.o(.data)
    mFlashSaveCnt                            0x20000fb8   Data           2  flash.o(.data)
    mFlashFlag                               0x20000fba   Data           1  flash.o(.data)
    SPI_Tx_Buffer                            0x20000fbc   Data         100  spi_flash.o(.data)
    SPI_Index                                0x20001020   Data           1  spi_flash.o(.data)
    SPI_FLASH_ID                             0x20001024   Data           4  spi_flash.o(.data)
    mSPI_Time_Cnt                            0x20001028   Data           4  spi_flash.o(.data)
    mSPI_Write_Cnt                           0x2000102c   Data           4  spi_flash.o(.data)
    nBufCmapCnt                              0x20001030   Data           2  spi_flash.o(.data)
    nBufCmapCnt2                             0x20001032   Data           2  spi_flash.o(.data)
    UartReady                                0x20001034   Data           1  usrat.o(.data)
    crc16tab                                 0x20001036   Data         512  usrat.o(.data)
    mUSARTRXFlag_1Ch                         0x20001236   Data           1  usrat.o(.data)
    mUSARTRXFlag_3Ch                         0x20001237   Data           1  usrat.o(.data)
    mUSARTRXFlag_4Ch                         0x20001238   Data           1  usrat.o(.data)
    mUSART_GetRXBuf_1ch                      0x20001239   Data           5  usrat.o(.data)
    mUSART_GetRXBuf_3ch                      0x2000123e   Data           5  usrat.o(.data)
    mUSART_GetRXBuf_4ch                      0x20001243   Data           5  usrat.o(.data)
    mUSART_TIM_Flag                          0x20001248   Data           1  usrat.o(.data)
    mUSART_TIM_60sFlag                       0x20001249   Data           1  usrat.o(.data)
    mSSID_TIM_1sFlag                         0x2000124a   Data           1  usrat.o(.data)
    mUSART_TIM_Cnt                           0x2000124c   Data           4  usrat.o(.data)
    mXbeeSSID                                0x20001250   Data          60  usrat.o(.data)
    mXbeeSSIDFlagCnt                         0x2000128c   Data           1  usrat.o(.data)
    dUSART_Test                              0x2000128e   Data           2  usrat.o(.data)
    mChen                                    0x20001290   Data           4  usrat.o(.data)
    mLcd_TimerCnt                            0x20001294   Data           4  charlcd.o(.data)
    mLCD_InputData                           0x20001298   Data           4  charlcd.o(.data)
    s_lcd_putstr                             0x2000129c   Data           4  charlcd.o(.data)
    netif_list                               0x200012d0   Data           4  netif.o(.data)
    netif_default                            0x200012d4   Data           4  netif.o(.data)
    tcp_ticks                                0x200012e4   Data           4  tcp.o(.data)
    tcp_bound_pcbs                           0x200012e8   Data           4  tcp.o(.data)
    tcp_listen_pcbs                          0x200012ec   Data           4  tcp.o(.data)
    tcp_active_pcbs                          0x200012f0   Data           4  tcp.o(.data)
    tcp_tw_pcbs                              0x200012f4   Data           4  tcp.o(.data)
    tcp_active_pcbs_changed                  0x200012f8   Data           1  tcp.o(.data)
    tcp_input_pcb                            0x20001324   Data           4  tcp_in.o(.data)
    pFlash                                   0x20001434   Data          32  stm32f4xx_hal_flash.o(.bss)
    gnetif                                   0x20001454   Data          52  main.o(.bss)
    DMARxDscrTab                             0x20001488   Data         128  ethernetif.o(.bss)
    DMATxDscrTab                             0x20001508   Data         128  ethernetif.o(.bss)
    Rx_Buff                                  0x20001588   Data        6096  ethernetif.o(.bss)
    Tx_Buff                                  0x20002d58   Data        6096  ethernetif.o(.bss)
    EthHandle                                0x20004528   Data          72  ethernetif.o(.bss)
    d_EthernetBuff                           0x20004570   Data         100  led.o(.bss)
    sLedDataBuf                              0x200045d4   Data         128  led.o(.bss)
    mStataionList                            0x20004654   Data          10  led.o(.bss)
    TimHandle3                               0x20004660   Data          60  timer.o(.bss)
    TimHandle4                               0x2000469c   Data          60  timer.o(.bss)
    TimHandle5                               0x200046d8   Data          60  timer.o(.bss)
    TimHandle8                               0x20004714   Data          60  timer.o(.bss)
    Tim3Pwm                                  0x20004750   Data          28  timer.o(.bss)
    Tim8Pwm                                  0x2000476c   Data          28  timer.o(.bss)
    mFlashMemoyBuf                           0x2000479c   Data         110  flash.o(.bss)
    SpiMemoryHandle                          0x2000480c   Data          88  spi_flash.o(.bss)
    SPI_Rx_Buffer                            0x20004864   Data         100  spi_flash.o(.bss)
    WwdgHandle                               0x200048c8   Data          20  wwdg.o(.bss)
    UartHandle1                              0x200048dc   Data          64  usrat.o(.bss)
    UartHandle3                              0x2000491c   Data          64  usrat.o(.bss)
    UartHandle4                              0x2000495c   Data          64  usrat.o(.bss)
    USART_1Ch                                0x2000499c   Data          40  usrat.o(.bss)
    USART_3Ch                                0x200049c4   Data          40  usrat.o(.bss)
    USART_4Ch                                0x200049ec   Data          40  usrat.o(.bss)
    RingBuf                                  0x20004a14   Data        5044  usrat.o(.bss)
    mUSART_RXBuf_1ch                         0x20005dc8   Data         500  usrat.o(.bss)
    mUSART_TXBuf_1ch                         0x20005fbc   Data         500  usrat.o(.bss)
    mUSART_RXBufBackUp_1ch                   0x200061b0   Data         500  usrat.o(.bss)
    mUSART_RXBuf_3ch                         0x200063a4   Data         500  usrat.o(.bss)
    mUSART_TXBuf_3ch                         0x20006598   Data         500  usrat.o(.bss)
    mUSART_RXBufBackUp_3ch                   0x2000678c   Data         500  usrat.o(.bss)
    mUSART_RXBuf_4ch                         0x20006980   Data         500  usrat.o(.bss)
    mUSART_TXBuf_4ch                         0x20006b74   Data         500  usrat.o(.bss)
    mUSART_RXBufBackUp_4ch                   0x20006d68   Data         500  usrat.o(.bss)
    mSSID                                    0x20006f5c   Data          10  usrat.o(.bss)
    mLCDPrintBuf                             0x20007f66   Data          80  charlcd.o(.bss)
    ip_data                                  0x20007fb8   Data          24  ip.o(.bss)
    ram_heap                                 0x20007fd0   Data       10259  mem.o(.bss)
    memp_memory_RAW_PCB_base                 0x2000a7e3   Data         115  memp.o(.bss)
    memp_memory_TCP_PCB_base                 0x2000a856   Data        1483  memp.o(.bss)
    memp_memory_TCP_PCB_LISTEN_base          0x2000ae21   Data         143  memp.o(.bss)
    memp_memory_TCP_SEG_base                 0x2000aeb0   Data         131  memp.o(.bss)
    memp_memory_REASSDATA_base               0x2000af33   Data         163  memp.o(.bss)
    memp_memory_FRAG_PBUF_base               0x2000afd6   Data         363  memp.o(.bss)
    memp_memory_SYS_TIMEOUT_base             0x2000b141   Data         163  memp.o(.bss)
    memp_memory_PBUF_base                    0x2000b1e4   Data         163  memp.o(.bss)
    memp_memory_PBUF_POOL_base               0x2000b287   Data        4227  memp.o(.bss)
    __initial_sp                             0x2000cbe8   Data           0  startup_stm32f407xx.o(STACK)



==============================================================================

Memory Map of the image

  Image Entry point : 0x08000189

  Load Region LR_IROM1 (Base: 0x08000000, Size: 0x0000e0cc, Max: 0x00100000, ABSOLUTE, COMPRESSED[0x0000d698])

    Execution Region ER_IROM1 (Exec base: 0x08000000, Load base: 0x08000000, Size: 0x0000cd98, Max: 0x00100000, ABSOLUTE)

    Exec Addr    Load Addr    Size         Type   Attr      Idx    E Section Name        Object

    0x08000000   0x08000000   0x00000188   Data   RO         1340    RESET               startup_stm32f407xx.o
    0x08000188   0x08000188   0x00000000   Code   RO         8145  * .ARM.Collect$$$$00000000  mc_w.l(entry.o)
    0x08000188   0x08000188   0x00000004   Code   RO         8421    .ARM.Collect$$$$00000001  mc_w.l(entry2.o)
    0x0800018c   0x0800018c   0x00000004   Code   RO         8424    .ARM.Collect$$$$00000004  mc_w.l(entry5.o)
    0x08000190   0x08000190   0x00000000   Code   RO         8426    .ARM.Collect$$$$00000008  mc_w.l(entry7b.o)
    0x08000190   0x08000190   0x00000000   Code   RO         8428    .ARM.Collect$$$$0000000A  mc_w.l(entry8b.o)
    0x08000190   0x08000190   0x00000008   Code   RO         8429    .ARM.Collect$$$$0000000B  mc_w.l(entry9a.o)
    0x08000198   0x08000198   0x00000000   Code   RO         8431    .ARM.Collect$$$$0000000D  mc_w.l(entry10a.o)
    0x08000198   0x08000198   0x00000000   Code   RO         8433    .ARM.Collect$$$$0000000F  mc_w.l(entry11a.o)
    0x08000198   0x08000198   0x00000004   Code   RO         8422    .ARM.Collect$$$$00002712  mc_w.l(entry2.o)
    0x0800019c   0x0800019c   0x00000024   Code   RO         1341    .text               startup_stm32f407xx.o
    0x080001c0   0x080001c0   0x00000024   Code   RO         8148    .text               mc_w.l(memcpya.o)
    0x080001e4   0x080001e4   0x00000024   Code   RO         8150    .text               mc_w.l(memseta.o)
    0x08000208   0x08000208   0x0000000e   Code   RO         8152    .text               mc_w.l(strlen.o)
    0x08000216   0x08000216   0x0000001a   Code   RO         8154    .text               mc_w.l(memcmp.o)
    0x08000230   0x08000230   0x0000002c   Code   RO         8436    .text               mc_w.l(uidiv.o)
    0x0800025c   0x0800025c   0x00000062   Code   RO         8438    .text               mc_w.l(uldiv.o)
    0x080002be   0x080002be   0x00000000   Code   RO         8440    .text               mc_w.l(iusefp.o)
    0x080002be   0x080002be   0x0000014e   Code   RO         8441    .text               mf_w.l(dadd.o)
    0x0800040c   0x0800040c   0x000000e4   Code   RO         8443    .text               mf_w.l(dmul.o)
    0x080004f0   0x080004f0   0x000000de   Code   RO         8445    .text               mf_w.l(ddiv.o)
    0x080005ce   0x080005ce   0x00000030   Code   RO         8447    .text               mf_w.l(dfixul.o)
    0x080005fe   0x080005fe   0x00000002   PAD
    0x08000600   0x08000600   0x00000030   Code   RO         8449    .text               mf_w.l(cdrcmple.o)
    0x08000630   0x08000630   0x00000024   Code   RO         8451    .text               mc_w.l(init.o)
    0x08000654   0x08000654   0x0000001e   Code   RO         8453    .text               mc_w.l(llshl.o)
    0x08000672   0x08000672   0x00000020   Code   RO         8455    .text               mc_w.l(llushr.o)
    0x08000692   0x08000692   0x00000024   Code   RO         8457    .text               mc_w.l(llsshr.o)
    0x080006b6   0x080006b6   0x000000ba   Code   RO         8459    .text               mf_w.l(depilogue.o)
    0x08000770   0x08000770   0x0000005e   Code   RO         8469    .text               mc_w.l(__dclz77c.o)
    0x080007ce   0x080007ce   0x00000002   PAD
    0x080007d0   0x080007d0   0x000002a4   Code   RO         5741    i.BSP_Config        main.o
    0x08000a74   0x08000a74   0x000000c8   Code   RO          601    i.BSP_LED_Init      stm324xg_eval.o
    0x08000b3c   0x08000b3c   0x00000024   Code   RO         6541    i.Buffercmp         usrat.o
    0x08000b60   0x08000b60   0x00000004   Code   RO         5888    i.BusFault_Handler  stm32f4xx_it.o
    0x08000b64   0x08000b64   0x00000064   Code   RO         6546    i.DP_RING_BUF_POP   usrat.o
    0x08000bc8   0x08000bc8   0x000000dc   Code   RO         6547    i.DP_RING_BUF_PUSH  usrat.o
    0x08000ca4   0x08000ca4   0x00000002   Code   RO         5889    i.DebugMon_Handler  stm32f4xx_it.o
    0x08000ca6   0x08000ca6   0x00000016   Code   RO         1348    i.ETH_DMAReceptionDisable  stm32f4xx_hal_eth.o
    0x08000cbc   0x08000cbc   0x00000016   Code   RO         1349    i.ETH_DMAReceptionEnable  stm32f4xx_hal_eth.o
    0x08000cd2   0x08000cd2   0x00000016   Code   RO         1350    i.ETH_DMATransmissionDisable  stm32f4xx_hal_eth.o
    0x08000ce8   0x08000ce8   0x00000016   Code   RO         1351    i.ETH_DMATransmissionEnable  stm32f4xx_hal_eth.o
    0x08000cfe   0x08000cfe   0x00000002   PAD
    0x08000d00   0x08000d00   0x00000028   Code   RO         1352    i.ETH_Delay         stm32f4xx_hal_eth.o
    0x08000d28   0x08000d28   0x00000038   Code   RO         1353    i.ETH_FlushTransmitFIFO  stm32f4xx_hal_eth.o
    0x08000d60   0x08000d60   0x00000034   Code   RO         1354    i.ETH_MACAddressConfig  stm32f4xx_hal_eth.o
    0x08000d94   0x08000d94   0x00000244   Code   RO         1355    i.ETH_MACDMAConfig  stm32f4xx_hal_eth.o
    0x08000fd8   0x08000fd8   0x00000028   Code   RO         1356    i.ETH_MACReceptionDisable  stm32f4xx_hal_eth.o
    0x08001000   0x08001000   0x00000028   Code   RO         1357    i.ETH_MACReceptionEnable  stm32f4xx_hal_eth.o
    0x08001028   0x08001028   0x00000028   Code   RO         1358    i.ETH_MACTransmissionDisable  stm32f4xx_hal_eth.o
    0x08001050   0x08001050   0x00000028   Code   RO         1359    i.ETH_MACTransmissionEnable  stm32f4xx_hal_eth.o
    0x08001078   0x08001078   0x0000000c   Code   RO         5890    i.EXTI15_10_IRQHandler  stm32f4xx_it.o
    0x08001084   0x08001084   0x00000004   Code   RO         6340    i.Error_Handler     spi_flash.o
    0x08001088   0x08001088   0x00000068   Code   RO         1768    i.FLASH_Erase_Sector  stm32f4xx_hal_flash_ex.o
    0x080010f0   0x080010f0   0x00000078   Code   RO         1769    i.FLASH_FlushCaches  stm32f4xx_hal_flash_ex.o
    0x08001168   0x08001168   0x00000030   Code   RO         1770    i.FLASH_MassErase   stm32f4xx_hal_flash_ex.o
    0x08001198   0x08001198   0x00000024   Code   RO         2052    i.FLASH_Program_Byte  stm32f4xx_hal_flash.o
    0x080011bc   0x080011bc   0x0000002c   Code   RO         2053    i.FLASH_Program_DoubleWord  stm32f4xx_hal_flash.o
    0x080011e8   0x080011e8   0x00000028   Code   RO         2054    i.FLASH_Program_HalfWord  stm32f4xx_hal_flash.o
    0x08001210   0x08001210   0x00000028   Code   RO         2055    i.FLASH_Program_Word  stm32f4xx_hal_flash.o
    0x08001238   0x08001238   0x00000098   Code   RO         2056    i.FLASH_SetErrorCode  stm32f4xx_hal_flash.o
    0x080012d0   0x080012d0   0x00000064   Code   RO         2057    i.FLASH_WaitForLastOperation  stm32f4xx_hal_flash.o
    0x08001334   0x08001334   0x0000001c   Code   RO         6263    i.Flash_Errase      flash.o
    0x08001350   0x08001350   0x00000004   Code   RO         6264    i.Flash_Error_Handler  flash.o
    0x08001354   0x08001354   0x000000b4   Code   RO         6265    i.Flash_Main        flash.o
    0x08001408   0x08001408   0x00000120   Code   RO         6266    i.Flash_Read        flash.o
    0x08001528   0x08001528   0x00000024   Code   RO         6267    i.Flash_TIM         flash.o
    0x0800154c   0x0800154c   0x000000b8   Code   RO         6268    i.Flash_Write       flash.o
    0x08001604   0x08001604   0x00000064   Code   RO         6269    i.Flash_init        flash.o
    0x08001668   0x08001668   0x000000e4   Code   RO         6270    i.GetSector         flash.o
    0x0800174c   0x0800174c   0x00000026   Code   RO         6271    i.GetSectorSize     flash.o
    0x08001772   0x08001772   0x00000028   Code   RO         1950    i.HAL_DMA_Abort_IT  stm32f4xx_hal_dma.o
    0x0800179a   0x0800179a   0x0000001e   Code   RO         3855    i.HAL_Delay         stm32f4xx_hal.o
    0x080017b8   0x080017b8   0x00000140   Code   RO         1361    i.HAL_ETH_ConfigMAC  stm32f4xx_hal_eth.o
    0x080018f8   0x080018f8   0x0000008c   Code   RO         1362    i.HAL_ETH_DMARxDescListInit  stm32f4xx_hal_eth.o
    0x08001984   0x08001984   0x00000084   Code   RO         1363    i.HAL_ETH_DMATxDescListInit  stm32f4xx_hal_eth.o
    0x08001a08   0x08001a08   0x000000b2   Code   RO         1366    i.HAL_ETH_GetReceivedFrame  stm32f4xx_hal_eth.o
    0x08001aba   0x08001aba   0x00000002   PAD
    0x08001abc   0x08001abc   0x000002a0   Code   RO         1370    i.HAL_ETH_Init      stm32f4xx_hal_eth.o
    0x08001d5c   0x08001d5c   0x000001c8   Code   RO         6009    i.HAL_ETH_MspInit   ethernetif.o
    0x08001f24   0x08001f24   0x00000092   Code   RO         1373    i.HAL_ETH_ReadPHYRegister  stm32f4xx_hal_eth.o
    0x08001fb6   0x08001fb6   0x00000052   Code   RO         1375    i.HAL_ETH_Start     stm32f4xx_hal_eth.o
    0x08002008   0x08002008   0x00000052   Code   RO         1376    i.HAL_ETH_Stop      stm32f4xx_hal_eth.o
    0x0800205a   0x0800205a   0x0000013e   Code   RO         1377    i.HAL_ETH_TransmitFrame  stm32f4xx_hal_eth.o
    0x08002198   0x08002198   0x00000090   Code   RO         1379    i.HAL_ETH_WritePHYRegister  stm32f4xx_hal_eth.o
    0x08002228   0x08002228   0x000000ac   Code   RO         1780    i.HAL_FLASHEx_Erase  stm32f4xx_hal_flash_ex.o
    0x080022d4   0x080022d4   0x00000098   Code   RO         2066    i.HAL_FLASH_Program  stm32f4xx_hal_flash.o
    0x0800236c   0x0800236c   0x0000002c   Code   RO         2068    i.HAL_FLASH_Unlock  stm32f4xx_hal_flash.o
    0x08002398   0x08002398   0x00000018   Code   RO         5742    i.HAL_GPIO_EXTI_Callback  main.o
    0x080023b0   0x080023b0   0x0000001c   Code   RO         3125    i.HAL_GPIO_EXTI_IRQHandler  stm32f4xx_hal_gpio.o
    0x080023cc   0x080023cc   0x00000200   Code   RO         3126    i.HAL_GPIO_Init     stm32f4xx_hal_gpio.o
    0x080025cc   0x080025cc   0x00000010   Code   RO         3128    i.HAL_GPIO_ReadPin  stm32f4xx_hal_gpio.o
    0x080025dc   0x080025dc   0x00000008   Code   RO         3129    i.HAL_GPIO_TogglePin  stm32f4xx_hal_gpio.o
    0x080025e4   0x080025e4   0x0000000c   Code   RO         3130    i.HAL_GPIO_WritePin  stm32f4xx_hal_gpio.o
    0x080025f0   0x080025f0   0x0000000c   Code   RO         3860    i.HAL_GetREVID      stm32f4xx_hal.o
    0x080025fc   0x080025fc   0x0000000c   Code   RO         3861    i.HAL_GetTick       stm32f4xx_hal.o
    0x08002608   0x08002608   0x00000010   Code   RO         3863    i.HAL_IncTick       stm32f4xx_hal.o
    0x08002618   0x08002618   0x00000030   Code   RO         3864    i.HAL_Init          stm32f4xx_hal.o
    0x08002648   0x08002648   0x00000028   Code   RO         3865    i.HAL_InitTick      stm32f4xx_hal.o
    0x08002670   0x08002670   0x00000002   Code   RO         3867    i.HAL_MspInit       stm32f4xx_hal.o
    0x08002672   0x08002672   0x00000002   PAD
    0x08002674   0x08002674   0x00000024   Code   RO         4130    i.HAL_NVIC_ClearPendingIRQ  stm32f4xx_hal_cortex.o
    0x08002698   0x08002698   0x00000020   Code   RO         4132    i.HAL_NVIC_EnableIRQ  stm32f4xx_hal_cortex.o
    0x080026b8   0x080026b8   0x0000007c   Code   RO         4138    i.HAL_NVIC_SetPriority  stm32f4xx_hal_cortex.o
    0x08002734   0x08002734   0x00000028   Code   RO         4139    i.HAL_NVIC_SetPriorityGrouping  stm32f4xx_hal_cortex.o
    0x0800275c   0x0800275c   0x000001d0   Code   RO         1547    i.HAL_RCC_ClockConfig  stm32f4xx_hal_rcc.o
    0x0800292c   0x0800292c   0x0000000c   Code   RO         1552    i.HAL_RCC_GetHCLKFreq  stm32f4xx_hal_rcc.o
    0x08002938   0x08002938   0x0000002c   Code   RO         1554    i.HAL_RCC_GetPCLK1Freq  stm32f4xx_hal_rcc.o
    0x08002964   0x08002964   0x0000002c   Code   RO         1555    i.HAL_RCC_GetPCLK2Freq  stm32f4xx_hal_rcc.o
    0x08002990   0x08002990   0x000000b4   Code   RO         1556    i.HAL_RCC_GetSysClockFreq  stm32f4xx_hal_rcc.o
    0x08002a44   0x08002a44   0x000000c0   Code   RO         1557    i.HAL_RCC_MCOConfig  stm32f4xx_hal_rcc.o
    0x08002b04   0x08002b04   0x0000044c   Code   RO         1559    i.HAL_RCC_OscConfig  stm32f4xx_hal_rcc.o
    0x08002f50   0x08002f50   0x000000a0   Code   RO         4679    i.HAL_SPI_Init      stm32f4xx_hal_spi.o
    0x08002ff0   0x08002ff0   0x0000005c   Code   RO         6342    i.HAL_SPI_MspInit   spi_flash.o
    0x0800304c   0x0800304c   0x000002cc   Code   RO         4688    i.HAL_SPI_TransmitReceive  stm32f4xx_hal_spi.o
    0x08003318   0x08003318   0x00000034   Code   RO         4143    i.HAL_SYSTICK_Config  stm32f4xx_hal_cortex.o
    0x0800334c   0x0800334c   0x00000002   Code   RO         4429    i.HAL_TIMEx_BreakCallback  stm32f4xx_hal_tim_ex.o
    0x0800334e   0x0800334e   0x00000002   Code   RO         4430    i.HAL_TIMEx_CommutationCallback  stm32f4xx_hal_tim_ex.o
    0x08003350   0x08003350   0x00000034   Code   RO         3209    i.HAL_TIM_Base_Init  stm32f4xx_hal_tim.o
    0x08003384   0x08003384   0x000000a8   Code   RO         6174    i.HAL_TIM_Base_MspInit  timer.o
    0x0800342c   0x0800342c   0x0000001e   Code   RO         3214    i.HAL_TIM_Base_Start_IT  stm32f4xx_hal_tim.o
    0x0800344a   0x0800344a   0x00000002   Code   RO         3238    i.HAL_TIM_IC_CaptureCallback  stm32f4xx_hal_tim.o
    0x0800344c   0x0800344c   0x00000196   Code   RO         3251    i.HAL_TIM_IRQHandler  stm32f4xx_hal_tim.o
    0x080035e2   0x080035e2   0x00000002   Code   RO         3254    i.HAL_TIM_OC_DelayElapsedCallback  stm32f4xx_hal_tim.o
    0x080035e4   0x080035e4   0x00000002   Code   RO         3281    i.HAL_TIM_PWM_PulseFinishedCallback  stm32f4xx_hal_tim.o
    0x080035e6   0x080035e6   0x00000002   PAD
    0x080035e8   0x080035e8   0x00000070   Code   RO         6175    i.HAL_TIM_PeriodElapsedCallback  timer.o
    0x08003658   0x08003658   0x00000002   Code   RO         3292    i.HAL_TIM_TriggerCallback  stm32f4xx_hal_tim.o
    0x0800365a   0x0800365a   0x00000002   Code   RO         6550    i.HAL_UART_ErrorCallback  usrat.o
    0x0800365c   0x0800365c   0x0000014c   Code   RO         2194    i.HAL_UART_IRQHandler  stm32f4xx_hal_uart.o
    0x080037a8   0x080037a8   0x00000072   Code   RO         2195    i.HAL_UART_Init     stm32f4xx_hal_uart.o
    0x0800381a   0x0800381a   0x00000002   PAD
    0x0800381c   0x0800381c   0x00000198   Code   RO         6552    i.HAL_UART_MspInit  usrat.o
    0x080039b4   0x080039b4   0x00000064   Code   RO         2200    i.HAL_UART_Receive_IT  stm32f4xx_hal_uart.o
    0x08003a18   0x08003a18   0x00000048   Code   RO         6553    i.HAL_UART_RxCpltCallback  usrat.o
    0x08003a60   0x08003a60   0x00000058   Code   RO         2205    i.HAL_UART_Transmit_IT  stm32f4xx_hal_uart.o
    0x08003ab8   0x08003ab8   0x00000002   Code   RO         6554    i.HAL_UART_TxCpltCallback  usrat.o
    0x08003aba   0x08003aba   0x00000002   PAD
    0x08003abc   0x08003abc   0x00000018   Code   RO         6490    i.HAL_WWDG_EarlyWakeupCallback  wwdg.o
    0x08003ad4   0x08003ad4   0x00000028   Code   RO         5006    i.HAL_WWDG_IRQHandler  stm32f4xx_hal_wwdg.o
    0x08003afc   0x08003afc   0x0000002c   Code   RO         5007    i.HAL_WWDG_Init     stm32f4xx_hal_wwdg.o
    0x08003b28   0x08003b28   0x00000048   Code   RO         6491    i.HAL_WWDG_MspInit  wwdg.o
    0x08003b70   0x08003b70   0x0000000c   Code   RO         5009    i.HAL_WWDG_Refresh  stm32f4xx_hal_wwdg.o
    0x08003b7c   0x08003b7c   0x00000004   Code   RO         5891    i.HardFault_Handler  stm32f4xx_it.o
    0x08003b80   0x08003b80   0x000000d8   Code   RO         6094    i.LED_Block_Screen_Buf  led.o
    0x08003c58   0x08003c58   0x000000b8   Code   RO         6095    i.LED_FONT_POSITION  led.o
    0x08003d10   0x08003d10   0x000000f8   Code   RO         6096    i.LED_GPIO_Init     led.o
    0x08003e08   0x08003e08   0x0000005c   Code   RO         6097    i.LED_Imag_ScreenDown  led.o
    0x08003e64   0x08003e64   0x00000084   Code   RO         6098    i.LED_Imag_ScreenScroll  led.o
    0x08003ee8   0x08003ee8   0x00000054   Code   RO         6099    i.LED_Imag_ScreenUp  led.o
    0x08003f3c   0x08003f3c   0x00000094   Code   RO         6100    i.LED_Pattern_TEST  led.o
    0x08003fd0   0x08003fd0   0x00000064   Code   RO         6101    i.LED_Timer_1ms     led.o
    0x08004034   0x08004034   0x000001dc   Code   RO         6102    i.LED_init          led.o
    0x08004210   0x08004210   0x00000004   Code   RO         5892    i.MemManage_Handler  stm32f4xx_it.o
    0x08004214   0x08004214   0x0000009c   Code   RO         6556    i.MyPrintf          usrat.o
    0x080042b0   0x080042b0   0x0000005c   Code   RO         6557    i.MyPrintf_USART1   usrat.o
    0x0800430c   0x0800430c   0x00000002   Code   RO         5893    i.NMI_Handler       stm32f4xx_it.o
    0x0800430e   0x0800430e   0x00000002   PAD
    0x08004310   0x08004310   0x000000a0   Code   RO         5743    i.Netif_Config      main.o
    0x080043b0   0x080043b0   0x00000028   Code   RO         4705    i.SPI_CheckFlag_BSY  stm32f4xx_hal_spi.o
    0x080043d8   0x080043d8   0x000000c8   Code   RO         6344    i.SPI_FLASH_BufferRead  spi_flash.o
    0x080044a0   0x080044a0   0x00000122   Code   RO         6345    i.SPI_FLASH_BufferWrite  spi_flash.o
    0x080045c2   0x080045c2   0x00000002   PAD
    0x080045c4   0x080045c4   0x0000003c   Code   RO         6347    i.SPI_FLASH_GlobalBlockProtec  spi_flash.o
    0x08004600   0x08004600   0x000000a8   Code   RO         6348    i.SPI_FLASH_Init    spi_flash.o
    0x080046a8   0x080046a8   0x000000e4   Code   RO         6349    i.SPI_FLASH_Main    spi_flash.o
    0x0800478c   0x0800478c   0x000000ac   Code   RO         6350    i.SPI_FLASH_PageWrite  spi_flash.o
    0x08004838   0x08004838   0x0000009c   Code   RO         6352    i.SPI_FLASH_ReadID  spi_flash.o
    0x080048d4   0x080048d4   0x00000088   Code   RO         6353    i.SPI_FLASH_SectorErase  spi_flash.o
    0x0800495c   0x0800495c   0x00000010   Code   RO         6357    i.SPI_FLASH_Timer_1ms  spi_flash.o
    0x0800496c   0x0800496c   0x00000060   Code   RO         6358    i.SPI_FLASH_WaitForWriteEnd  spi_flash.o
    0x080049cc   0x080049cc   0x0000003c   Code   RO         6360    i.SPI_FLASH_WriteEnable  spi_flash.o
    0x08004a08   0x08004a08   0x000000aa   Code   RO         4725    i.SPI_WaitFlagStateUntilTimeout  stm32f4xx_hal_spi.o
    0x08004ab2   0x08004ab2   0x00000008   Code   RO         5894    i.SysTick_Handler   stm32f4xx_it.o
    0x08004aba   0x08004aba   0x00000002   PAD
    0x08004abc   0x08004abc   0x000000b4   Code   RO         5744    i.SystemClock_Config  main.o
    0x08004b70   0x08004b70   0x00000064   Code   RO            5    i.SystemInit        system_stm32f4xx.o
    0x08004bd4   0x08004bd4   0x00000010   Code   RO         6176    i.TIM3_IRQHandler   timer.o
    0x08004be4   0x08004be4   0x00000010   Code   RO         6177    i.TIM4_IRQHandler   timer.o
    0x08004bf4   0x08004bf4   0x00000010   Code   RO         6178    i.TIM5_IRQHandler   timer.o
    0x08004c04   0x08004c04   0x000000e4   Code   RO         3293    i.TIM_Base_SetConfig  stm32f4xx_hal_tim.o
    0x08004ce8   0x08004ce8   0x000000bc   Code   RO         6781    i.TextLCD_GPIO_Init  charlcd.o
    0x08004da4   0x08004da4   0x00000080   Code   RO         5745    i.Time_Main         main.o
    0x08004e24   0x08004e24   0x00000098   Code   RO         6180    i.Timer_init        timer.o
    0x08004ebc   0x08004ebc   0x00000010   Code   RO         6558    i.UART4_IRQHandler  usrat.o
    0x08004ecc   0x08004ecc   0x00000014   Code   RO         2208    i.UART_DMAAbortOnError  stm32f4xx_hal_uart.o
    0x08004ee0   0x08004ee0   0x00000020   Code   RO         2218    i.UART_EndRxTransfer  stm32f4xx_hal_uart.o
    0x08004f00   0x08004f00   0x00000020   Code   RO         2219    i.UART_EndTransmit_IT  stm32f4xx_hal_uart.o
    0x08004f20   0x08004f20   0x0000009a   Code   RO         2221    i.UART_Receive_IT   stm32f4xx_hal_uart.o
    0x08004fba   0x08004fba   0x00000002   PAD
    0x08004fbc   0x08004fbc   0x00000368   Code   RO         2222    i.UART_SetConfig    stm32f4xx_hal_uart.o
    0x08005324   0x08005324   0x00000068   Code   RO         2223    i.UART_Transmit_IT  stm32f4xx_hal_uart.o
    0x0800538c   0x0800538c   0x00000010   Code   RO         6559    i.USART1_IRQHandler  usrat.o
    0x0800539c   0x0800539c   0x00000010   Code   RO         6560    i.USART3_IRQHandler  usrat.o
    0x080053ac   0x080053ac   0x0000000a   Code   RO         6561    i.USARTRX_MainPro   usrat.o
    0x080053b6   0x080053b6   0x00000002   PAD
    0x080053b8   0x080053b8   0x000000b0   Code   RO         6564    i.USART_RingBuf_Pro  usrat.o
    0x08005468   0x08005468   0x000001e8   Code   RO         6567    i.USRAT_init        usrat.o
    0x08005650   0x08005650   0x00000004   Code   RO         5895    i.UsageFault_Handler  stm32f4xx_it.o
    0x08005654   0x08005654   0x000000c0   Code   RO         5850    i.User_notification  app_ethernet.o
    0x08005714   0x08005714   0x00000004   Code   RO         6492    i.WWDG_Error_Handler  wwdg.o
    0x08005718   0x08005718   0x00000010   Code   RO         6493    i.WWDG_IRQHandler   wwdg.o
    0x08005728   0x08005728   0x00000080   Code   RO         6494    i.WWDG_Init         wwdg.o
    0x080057a8   0x080057a8   0x00000028   Code   RO         8395    i.__0sprintf        mc_w.l(printfa.o)
    0x080057d0   0x080057d0   0x00000024   Code   RO         8399    i.__0vsprintf       mc_w.l(printfa.o)
    0x080057f4   0x080057f4   0x00000010   Code   RO         4145    i.__NVIC_GetPriorityGrouping  stm32f4xx_hal_cortex.o
    0x08005804   0x08005804   0x00000028   Code   RO         4146    i.__NVIC_SetPriority  stm32f4xx_hal_cortex.o
    0x0800582c   0x0800582c   0x0000000e   Code   RO         8463    i.__scatterload_copy  mc_w.l(handlers.o)
    0x0800583a   0x0800583a   0x00000002   Code   RO         8464    i.__scatterload_null  mc_w.l(handlers.o)
    0x0800583c   0x0800583c   0x0000000e   Code   RO         8465    i.__scatterload_zeroinit  mc_w.l(handlers.o)
    0x0800584a   0x0800584a   0x00000002   PAD
    0x0800584c   0x0800584c   0x00000184   Code   RO         8400    i._fp_digits        mc_w.l(printfa.o)
    0x080059d0   0x080059d0   0x000006dc   Code   RO         8401    i._printf_core      mc_w.l(printfa.o)
    0x080060ac   0x080060ac   0x00000024   Code   RO         8402    i._printf_post_padding  mc_w.l(printfa.o)
    0x080060d0   0x080060d0   0x0000002e   Code   RO         8403    i._printf_pre_padding  mc_w.l(printfa.o)
    0x080060fe   0x080060fe   0x0000000a   Code   RO         8405    i._sputc            mc_w.l(printfa.o)
    0x08006108   0x08006108   0x00000028   Code   RO         6746    i.crc8              crc8.o
    0x08006130   0x08006130   0x0000001c   Code   RO         7939    i.cyclic_timer      timeouts.o
    0x0800614c   0x0800614c   0x000001b8   Code   RO         6782    i.display_out       charlcd.o
    0x08006304   0x08006304   0x00000014   Code   RO         7088    i.do_memp_free_pool  memp.o
    0x08006318   0x08006318   0x0000001a   Code   RO         7089    i.do_memp_malloc_pool  memp.o
    0x08006332   0x08006332   0x00000002   PAD
    0x08006334   0x08006334   0x00000038   Code   RO          197    i.etharp_cleanup_netif  etharp.o
    0x0800636c   0x0800636c   0x00000160   Code   RO          199    i.etharp_find_entry  etharp.o
    0x080064cc   0x080064cc   0x00000040   Code   RO          200    i.etharp_free_entry  etharp.o
    0x0800650c   0x0800650c   0x000000d6   Code   RO          202    i.etharp_input      etharp.o
    0x080065e2   0x080065e2   0x00000002   PAD
    0x080065e4   0x080065e4   0x00000134   Code   RO          203    i.etharp_output     etharp.o
    0x08006718   0x08006718   0x000000b8   Code   RO          204    i.etharp_output_to_arp_index  etharp.o
    0x080067d0   0x080067d0   0x00000174   Code   RO          205    i.etharp_query      etharp.o
    0x08006944   0x08006944   0x00000098   Code   RO          206    i.etharp_raw        etharp.o
    0x080069dc   0x080069dc   0x00000018   Code   RO          207    i.etharp_request    etharp.o
    0x080069f4   0x080069f4   0x0000002c   Code   RO          208    i.etharp_request_dst  etharp.o
    0x08006a20   0x08006a20   0x000000dc   Code   RO          209    i.etharp_tmr        etharp.o
    0x08006afc   0x08006afc   0x000000c0   Code   RO          210    i.etharp_update_arp_entry  etharp.o
    0x08006bbc   0x08006bbc   0x000000c8   Code   RO         6857    i.ethernet_input    ethernet.o
    0x08006c84   0x08006c84   0x00000056   Code   RO         6858    i.ethernet_output   ethernet.o
    0x08006cda   0x08006cda   0x00000002   PAD
    0x08006cdc   0x08006cdc   0x00000030   Code   RO         6010    i.ethernetif_init   ethernetif.o
    0x08006d0c   0x08006d0c   0x00000028   Code   RO         6011    i.ethernetif_input  ethernetif.o
    0x08006d34   0x08006d34   0x00000158   Code   RO         5851    i.ethernetif_notify_conn_changed  app_ethernet.o
    0x08006e8c   0x08006e8c   0x00000040   Code   RO         6013    i.ethernetif_set_link  ethernetif.o
    0x08006ecc   0x08006ecc   0x000000d4   Code   RO         6014    i.ethernetif_update_config  ethernetif.o
    0x08006fa0   0x08006fa0   0x00000012   Code   RO          354    i.icmp_dest_unreach  icmp.o
    0x08006fb2   0x08006fb2   0x00000002   PAD
    0x08006fb4   0x08006fb4   0x0000018c   Code   RO          355    i.icmp_input        icmp.o
    0x08007140   0x08007140   0x00000074   Code   RO          356    i.icmp_send_response  icmp.o
    0x080071b4   0x080071b4   0x00000012   Code   RO          357    i.icmp_time_exceeded  icmp.o
    0x080071c6   0x080071c6   0x00000052   Code   RO         6934    i.inet_chksum_pbuf  inet_chksum.o
    0x08007218   0x08007218   0x000001c0   Code   RO         6783    i.instruction_out   charlcd.o
    0x080073d8   0x080073d8   0x0000004e   Code   RO          471    i.ip4_addr_isbroadcast_u32  ip4_addr.o
    0x08007426   0x08007426   0x00000002   PAD
    0x08007428   0x08007428   0x000001c0   Code   RO          524    i.ip4_frag          ip4_frag.o
    0x080075e8   0x080075e8   0x000001bc   Code   RO          408    i.ip4_input         ip4.o
    0x080077a4   0x080077a4   0x00000036   Code   RO          410    i.ip4_output_if     ip4.o
    0x080077da   0x080077da   0x00000002   PAD
    0x080077dc   0x080077dc   0x000000c8   Code   RO          411    i.ip4_output_if_src  ip4.o
    0x080078a4   0x080078a4   0x000001a0   Code   RO          525    i.ip4_reass         ip4_frag.o
    0x08007a44   0x08007a44   0x00000090   Code   RO          412    i.ip4_route         ip4.o
    0x08007ad4   0x08007ad4   0x00000014   Code   RO          474    i.ip4addr_ntoa      ip4_addr.o
    0x08007ae8   0x08007ae8   0x000000a8   Code   RO          475    i.ip4addr_ntoa_r    ip4_addr.o
    0x08007b90   0x08007b90   0x0000000a   Code   RO          526    i.ip_frag_alloc_pbuf_custom_ref  ip4_frag.o
    0x08007b9a   0x08007b9a   0x00000012   Code   RO          527    i.ip_frag_free_pbuf_custom_ref  ip4_frag.o
    0x08007bac   0x08007bac   0x0000016c   Code   RO          528    i.ip_reass_chain_frag_into_datagram_and_validate  ip4_frag.o
    0x08007d18   0x08007d18   0x0000002c   Code   RO          529    i.ip_reass_dequeue_datagram  ip4_frag.o
    0x08007d44   0x08007d44   0x00000054   Code   RO          530    i.ip_reass_enqueue_new_datagram  ip4_frag.o
    0x08007d98   0x08007d98   0x000000a0   Code   RO          531    i.ip_reass_free_complete_datagram  ip4_frag.o
    0x08007e38   0x08007e38   0x00000088   Code   RO          532    i.ip_reass_remove_oldest_datagram  ip4_frag.o
    0x08007ec0   0x08007ec0   0x00000034   Code   RO          533    i.ip_reass_tmr      ip4_frag.o
    0x08007ef4   0x08007ef4   0x00000020   Code   RO          534    i.ipfrag_free_pbuf_custom  ip4_frag.o
    0x08007f14   0x08007f14   0x00000068   Code   RO         6784    i.lcd_Main          charlcd.o
    0x08007f7c   0x08007f7c   0x00000010   Code   RO         6785    i.lcd_Timer         charlcd.o
    0x08007f8c   0x08007f8c   0x0000004a   Code   RO         6787    i.lcd_gotoxy        charlcd.o
    0x08007fd6   0x08007fd6   0x00000002   PAD
    0x08007fd8   0x08007fd8   0x00000054   Code   RO         6788    i.lcd_init          charlcd.o
    0x0800802c   0x0800802c   0x00000048   Code   RO         6789    i.lcd_putstr        charlcd.o
    0x08008074   0x08008074   0x00000134   Code   RO         6015    i.low_level_init    ethernetif.o
    0x080081a8   0x080081a8   0x00000374   Code   RO         6016    i.low_level_input   ethernetif.o
    0x0800851c   0x0800851c   0x000000e8   Code   RO         6017    i.low_level_output  ethernetif.o
    0x08008604   0x08008604   0x0000001a   Code   RO         6884    i.lwip_htonl        def.o
    0x0800861e   0x0800861e   0x0000000c   Code   RO         6885    i.lwip_htons        def.o
    0x0800862a   0x0800862a   0x0000001c   Code   RO         7001    i.lwip_init         init.o
    0x08008646   0x08008646   0x0000005e   Code   RO         6941    i.lwip_standard_chksum  inet_chksum.o
    0x080086a4   0x080086a4   0x000002e8   Code   RO         5746    i.main              main.o
    0x0800898c   0x0800898c   0x00000050   Code   RO         7044    i.mem_free          mem.o
    0x080089dc   0x080089dc   0x0000005c   Code   RO         7045    i.mem_init          mem.o
    0x08008a38   0x08008a38   0x000000ec   Code   RO         7046    i.mem_malloc        mem.o
    0x08008b24   0x08008b24   0x0000012c   Code   RO         7047    i.mem_trim          mem.o
    0x08008c50   0x08008c50   0x00000028   Code   RO         7090    i.memp_free         memp.o
    0x08008c78   0x08008c78   0x00000020   Code   RO         7092    i.memp_init         memp.o
    0x08008c98   0x08008c98   0x0000002c   Code   RO         7093    i.memp_init_pool    memp.o
    0x08008cc4   0x08008cc4   0x00000024   Code   RO         7094    i.memp_malloc       memp.o
    0x08008ce8   0x08008ce8   0x00000078   Code   RO         7166    i.netif_add         netif.o
    0x08008d60   0x08008d60   0x00000002   Code   RO         7168    i.netif_init        netif.o
    0x08008d62   0x08008d62   0x00000024   Code   RO         7170    i.netif_issue_reports  netif.o
    0x08008d86   0x08008d86   0x00000048   Code   RO         7172    i.netif_set_addr    netif.o
    0x08008dce   0x08008dce   0x00000002   PAD
    0x08008dd0   0x08008dd0   0x0000000c   Code   RO         7173    i.netif_set_default  netif.o
    0x08008ddc   0x08008ddc   0x0000002a   Code   RO         7174    i.netif_set_down    netif.o
    0x08008e06   0x08008e06   0x0000000c   Code   RO         7175    i.netif_set_gw      netif.o
    0x08008e12   0x08008e12   0x00000002   PAD
    0x08008e14   0x08008e14   0x0000004c   Code   RO         7176    i.netif_set_ipaddr  netif.o
    0x08008e60   0x08008e60   0x00000006   Code   RO         7177    i.netif_set_link_callback  netif.o
    0x08008e66   0x08008e66   0x0000002a   Code   RO         7178    i.netif_set_link_down  netif.o
    0x08008e90   0x08008e90   0x0000003a   Code   RO         7179    i.netif_set_link_up  netif.o
    0x08008eca   0x08008eca   0x0000000c   Code   RO         7180    i.netif_set_netmask  netif.o
    0x08008ed6   0x08008ed6   0x0000002c   Code   RO         7181    i.netif_set_up      netif.o
    0x08008f02   0x08008f02   0x0000018c   Code   RO         7277    i.pbuf_alloc        pbuf.o
    0x0800908e   0x0800908e   0x0000006e   Code   RO         7278    i.pbuf_alloced_custom  pbuf.o
    0x080090fc   0x080090fc   0x00000038   Code   RO         7279    i.pbuf_cat          pbuf.o
    0x08009134   0x08009134   0x00000016   Code   RO         7280    i.pbuf_chain        pbuf.o
    0x0800914a   0x0800914a   0x00000012   Code   RO         7281    i.pbuf_clen         pbuf.o
    0x0800915c   0x0800915c   0x000000c0   Code   RO         7283    i.pbuf_copy         pbuf.o
    0x0800921c   0x0800921c   0x00000092   Code   RO         7284    i.pbuf_copy_partial  pbuf.o
    0x080092ae   0x080092ae   0x00000086   Code   RO         7286    i.pbuf_free         pbuf.o
    0x08009334   0x08009334   0x00000012   Code   RO         7288    i.pbuf_header       pbuf.o
    0x08009346   0x08009346   0x00000012   Code   RO         7289    i.pbuf_header_force  pbuf.o
    0x08009358   0x08009358   0x0000008e   Code   RO         7290    i.pbuf_header_impl  pbuf.o
    0x080093e6   0x080093e6   0x00000080   Code   RO         7294    i.pbuf_realloc      pbuf.o
    0x08009466   0x08009466   0x0000000e   Code   RO         7295    i.pbuf_ref          pbuf.o
    0x08009474   0x08009474   0x00000088   Code   RO         7048    i.plug_holes        mem.o
    0x080094fc   0x080094fc   0x00000084   Code   RO         7433    i.raw_input         raw.o
    0x08009580   0x08009580   0x0000002c   Code   RO         7434    i.raw_input_match   raw.o
    0x080095ac   0x080095ac   0x00000030   Code   RO         7435    i.raw_netif_ip_addr_changed  raw.o
    0x080095dc   0x080095dc   0x0000006c   Code   RO         7940    i.sys_check_timeouts  timeouts.o
    0x08009648   0x08009648   0x00000008   Code   RO         6018    i.sys_now           ethernetif.o
    0x08009650   0x08009650   0x000000d8   Code   RO         7942    i.sys_timeout       timeouts.o
    0x08009728   0x08009728   0x00000034   Code   RO         7943    i.sys_timeouts_init  timeouts.o
    0x0800975c   0x0800975c   0x000000e8   Code   RO         7516    i.tcp_abandon       tcp.o
    0x08009844   0x08009844   0x0000000e   Code   RO         7517    i.tcp_abort         tcp.o
    0x08009852   0x08009852   0x00000010   Code   RO         7518    i.tcp_accept        tcp.o
    0x08009862   0x08009862   0x00000014   Code   RO         7519    i.tcp_accept_null   tcp.o
    0x08009876   0x08009876   0x00000002   PAD
    0x08009878   0x08009878   0x000000c0   Code   RO         7520    i.tcp_alloc         tcp.o
    0x08009938   0x08009938   0x00000006   Code   RO         7521    i.tcp_arg           tcp.o
    0x0800993e   0x0800993e   0x00000002   PAD
    0x08009940   0x08009940   0x000000b0   Code   RO         7522    i.tcp_bind          tcp.o
    0x080099f0   0x080099f0   0x0000001c   Code   RO         7523    i.tcp_close         tcp.o
    0x08009a0c   0x08009a0c   0x000001b0   Code   RO         7524    i.tcp_close_shutdown  tcp.o
    0x08009bbc   0x08009bbc   0x000000be   Code   RO         7842    i.tcp_create_segment  tcp_out.o
    0x08009c7a   0x08009c7a   0x00000002   PAD
    0x08009c7c   0x08009c7c   0x00000090   Code   RO         5954    i.tcp_echoserver_accept  tcp_echoserver.o
    0x08009d0c   0x08009d0c   0x00000070   Code   RO         5955    i.tcp_echoserver_connection_close  tcp_echoserver.o
    0x08009d7c   0x08009d7c   0x00000012   Code   RO         5956    i.tcp_echoserver_error  tcp_echoserver.o
    0x08009d8e   0x08009d8e   0x00000002   PAD
    0x08009d90   0x08009d90   0x00000058   Code   RO         5957    i.tcp_echoserver_init  tcp_echoserver.o
    0x08009de8   0x08009de8   0x00000048   Code   RO         5958    i.tcp_echoserver_poll  tcp_echoserver.o
    0x08009e30   0x08009e30   0x000000d0   Code   RO         5959    i.tcp_echoserver_recv  tcp_echoserver.o
    0x08009f00   0x08009f00   0x00000088   Code   RO         5960    i.tcp_echoserver_send  tcp_echoserver.o
    0x08009f88   0x08009f88   0x00000040   Code   RO         5961    i.tcp_echoserver_sent  tcp_echoserver.o
    0x08009fc8   0x08009fc8   0x0000003a   Code   RO         7527    i.tcp_eff_send_mss_impl  tcp.o
    0x0800a002   0x0800a002   0x0000010e   Code   RO         7843    i.tcp_enqueue_flags  tcp_out.o
    0x0800a110   0x0800a110   0x0000000c   Code   RO         7528    i.tcp_err           tcp.o
    0x0800a11c   0x0800a11c   0x00000078   Code   RO         7529    i.tcp_fasttmr       tcp.o
    0x0800a194   0x0800a194   0x00000058   Code   RO         7783    i.tcp_getoptbyte    tcp_in.o
    0x0800a1ec   0x0800a1ec   0x00000002   Code   RO         7530    i.tcp_init          tcp.o
    0x0800a1ee   0x0800a1ee   0x00000002   PAD
    0x0800a1f0   0x0800a1f0   0x00000504   Code   RO         7784    i.tcp_input         tcp_in.o
    0x0800a6f4   0x0800a6f4   0x0000005a   Code   RO         7844    i.tcp_keepalive     tcp_out.o
    0x0800a74e   0x0800a74e   0x00000002   PAD
    0x0800a750   0x0800a750   0x00000058   Code   RO         7531    i.tcp_kill_prio     tcp.o
    0x0800a7a8   0x0800a7a8   0x0000004c   Code   RO         7532    i.tcp_kill_state    tcp.o
    0x0800a7f4   0x0800a7f4   0x0000003c   Code   RO         7533    i.tcp_kill_timewait  tcp.o
    0x0800a830   0x0800a830   0x0000002c   Code   RO         7534    i.tcp_listen_closed  tcp.o
    0x0800a85c   0x0800a85c   0x00000140   Code   RO         7785    i.tcp_listen_input  tcp_in.o
    0x0800a99c   0x0800a99c   0x000000b4   Code   RO         7535    i.tcp_listen_with_backlog  tcp.o
    0x0800aa50   0x0800aa50   0x00000054   Code   RO         7536    i.tcp_netif_ip_addr_changed  tcp.o
    0x0800aaa4   0x0800aaa4   0x0000002a   Code   RO         7537    i.tcp_netif_ip_addr_changed_pcblist  tcp.o
    0x0800aace   0x0800aace   0x0000000a   Code   RO         7538    i.tcp_new           tcp.o
    0x0800aad8   0x0800aad8   0x00000068   Code   RO         7540    i.tcp_new_port      tcp.o
    0x0800ab40   0x0800ab40   0x0000001c   Code   RO         7541    i.tcp_next_iss      tcp.o
    0x0800ab5c   0x0800ab5c   0x0000021c   Code   RO         7845    i.tcp_output        tcp_out.o
    0x0800ad78   0x0800ad78   0x00000078   Code   RO         7846    i.tcp_output_alloc_header  tcp_out.o
    0x0800adf0   0x0800adf0   0x000000c4   Code   RO         7847    i.tcp_output_segment  tcp_out.o
    0x0800aeb4   0x0800aeb4   0x000000a0   Code   RO         7786    i.tcp_parseopt      tcp_in.o
    0x0800af54   0x0800af54   0x00000078   Code   RO         7848    i.tcp_pbuf_prealloc  tcp_out.o
    0x0800afcc   0x0800afcc   0x00000040   Code   RO         7542    i.tcp_pcb_purge     tcp.o
    0x0800b00c   0x0800b00c   0x00000078   Code   RO         7543    i.tcp_pcb_remove    tcp.o
    0x0800b084   0x0800b084   0x0000000c   Code   RO         7544    i.tcp_poll          tcp.o
    0x0800b090   0x0800b090   0x000005bc   Code   RO         7787    i.tcp_process       tcp_in.o
    0x0800b64c   0x0800b64c   0x00000092   Code   RO         7545    i.tcp_process_refused_data  tcp.o
    0x0800b6de   0x0800b6de   0x00000002   PAD
    0x0800b6e0   0x0800b6e0   0x00000604   Code   RO         7788    i.tcp_receive       tcp_in.o
    0x0800bce4   0x0800bce4   0x0000000a   Code   RO         7546    i.tcp_recv          tcp.o
    0x0800bcee   0x0800bcee   0x0000002e   Code   RO         7547    i.tcp_recv_null     tcp.o
    0x0800bd1c   0x0800bd1c   0x00000060   Code   RO         7548    i.tcp_recved        tcp.o
    0x0800bd7c   0x0800bd7c   0x00000018   Code   RO         7549    i.tcp_remove_listener  tcp.o
    0x0800bd94   0x0800bd94   0x0000005a   Code   RO         7849    i.tcp_rexmit        tcp_out.o
    0x0800bdee   0x0800bdee   0x00000074   Code   RO         7850    i.tcp_rexmit_fast   tcp_out.o
    0x0800be62   0x0800be62   0x0000003a   Code   RO         7851    i.tcp_rexmit_rto    tcp_out.o
    0x0800be9c   0x0800be9c   0x00000088   Code   RO         7852    i.tcp_rst           tcp_out.o
    0x0800bf24   0x0800bf24   0x0000001a   Code   RO         7550    i.tcp_seg_free      tcp.o
    0x0800bf3e   0x0800bf3e   0x00000018   Code   RO         7551    i.tcp_segs_free     tcp.o
    0x0800bf56   0x0800bf56   0x00000076   Code   RO         7853    i.tcp_send_empty_ack  tcp_out.o
    0x0800bfcc   0x0800bfcc   0x0000004a   Code   RO         7854    i.tcp_send_fin      tcp_out.o
    0x0800c016   0x0800c016   0x0000000a   Code   RO         7552    i.tcp_sent          tcp.o
    0x0800c020   0x0800c020   0x00000004   Code   RO         7553    i.tcp_setprio       tcp.o
    0x0800c024   0x0800c024   0x00000348   Code   RO         7555    i.tcp_slowtmr       tcp.o
    0x0800c36c   0x0800c36c   0x00000038   Code   RO         7946    i.tcp_timer_needed  timeouts.o
    0x0800c3a4   0x0800c3a4   0x000000a4   Code   RO         7789    i.tcp_timewait_input  tcp_in.o
    0x0800c448   0x0800c448   0x00000024   Code   RO         7556    i.tcp_tmr           tcp.o
    0x0800c46c   0x0800c46c   0x00000014   Code   RO         7790    i.tcp_trigger_input_pcb_close  tcp_in.o
    0x0800c480   0x0800c480   0x0000004e   Code   RO         7558    i.tcp_update_rcv_ann_wnd  tcp.o
    0x0800c4ce   0x0800c4ce   0x000003bc   Code   RO         7855    i.tcp_write         tcp_out.o
    0x0800c88a   0x0800c88a   0x00000070   Code   RO         7856    i.tcp_write_checks  tcp_out.o
    0x0800c8fa   0x0800c8fa   0x000000de   Code   RO         7857    i.tcp_zero_window_probe  tcp_out.o
    0x0800c9d8   0x0800c9d8   0x00000038   Code   RO         7947    i.tcpip_tcp_timer   timeouts.o
    0x0800ca10   0x0800ca10   0x00000018   Data   RO            6    .constdata          system_stm32f4xx.o
    0x0800ca28   0x0800ca28   0x00000008   Data   RO          478    .constdata          ip4_addr.o
    0x0800ca30   0x0800ca30   0x0000001c   Data   RO          641    .constdata          stm324xg_eval.o
    0x0800ca4c   0x0800ca4c   0x00000100   Data   RO         6748    .constdata          crc8.o
    0x0800cb4c   0x0800cb4c   0x0000000c   Data   RO         6859    .constdata          ethernet.o
    0x0800cb58   0x0800cb58   0x00000090   Data   RO         7097    .constdata          memp.o
    0x0800cbe8   0x0800cbe8   0x00000050   Data   RO         7559    .constdata          tcp.o
    0x0800cc38   0x0800cc38   0x00000018   Data   RO         7948    .constdata          timeouts.o
    0x0800cc50   0x0800cc50   0x00000018   Data   RO         8032    .constdata          eventrecorder.o
    0x0800cc68   0x0800cc68   0x0000004c   Data   RO         5748    .conststring        main.o
    0x0800ccb4   0x0800ccb4   0x00000049   Data   RO         6273    .conststring        flash.o
    0x0800ccfd   0x0800ccfd   0x00000003   PAD
    0x0800cd00   0x0800cd00   0x00000075   Data   RO         7560    .conststring        tcp.o
    0x0800cd75   0x0800cd75   0x00000003   PAD
    0x0800cd78   0x0800cd78   0x00000020   Data   RO         8461    Region$$Table       anon$$obj.o


    Execution Region RW_IRAM1 (Exec base: 0x20000000, Load base: 0x0800cd98, Size: 0x0000cbe8, Max: 0x00020000, ABSOLUTE, COMPRESSED[0x00000900])

    Exec Addr    Load Addr    Size         Type   Attr      Idx    E Section Name        Object

    0x20000000   COMPRESSED   0x00000004   Data   RW            7    .data               system_stm32f4xx.o
    0x20000004   COMPRESSED   0x00000001   Data   RW          212    .data               etharp.o
    0x20000005   COMPRESSED   0x00000001   PAD
    0x20000006   COMPRESSED   0x00000002   Data   RW          413    .data               ip4.o
    0x20000008   COMPRESSED   0x00000006   Data   RW          535    .data               ip4_frag.o
    0x2000000e   COMPRESSED   0x00000002   PAD
    0x20000010   COMPRESSED   0x0000002a   Data   RW          642    .data               stm324xg_eval.o
    0x2000003a   COMPRESSED   0x00000002   PAD
    0x2000003c   COMPRESSED   0x00000004   Data   RW         3870    .data               stm32f4xx_hal.o
    0x20000040   COMPRESSED   0x0000000c   Data   RW         5749    .data               main.o
    0x2000004c   COMPRESSED   0x00000004   Data   RW         5962    .data               tcp_echoserver.o
    0x20000050   COMPRESSED   0x00000002   Data   RW         6020    .data               ethernetif.o
    0x20000052   COMPRESSED   0x00000002   PAD
    0x20000054   COMPRESSED   0x00000ec0   Data   RW         6104    .data               led.o
    0x20000f14   COMPRESSED   0x00000028   Data   RW         6182    .data               timer.o
    0x20000f3c   COMPRESSED   0x0000007f   Data   RW         6274    .data               flash.o
    0x20000fbb   COMPRESSED   0x00000001   PAD
    0x20000fbc   COMPRESSED   0x00000078   Data   RW         6362    .data               spi_flash.o
    0x20001034   COMPRESSED   0x00000260   Data   RW         6570    .data               usrat.o
    0x20001294   COMPRESSED   0x0000000c   Data   RW         6791    .data               charlcd.o
    0x200012a0   COMPRESSED   0x0000000c   Data   RW         7050    .data               mem.o
    0x200012ac   COMPRESSED   0x00000024   Data   RW         7098    .data               memp.o
    0x200012d0   COMPRESSED   0x00000009   Data   RW         7182    .data               netif.o
    0x200012d9   COMPRESSED   0x00000003   PAD
    0x200012dc   COMPRESSED   0x00000004   Data   RW         7442    .data               raw.o
    0x200012e0   COMPRESSED   0x00000020   Data   RW         7561    .data               tcp.o
    0x20001300   COMPRESSED   0x00000028   Data   RW         7792    .data               tcp_in.o
    0x20001328   COMPRESSED   0x0000000c   Data   RW         7949    .data               timeouts.o
    0x20001334        -       0x000000f0   Zero   RW          211    .bss                etharp.o
    0x20001424        -       0x00000010   Zero   RW          477    .bss                ip4_addr.o
    0x20001434        -       0x00000020   Zero   RW         2069    .bss                stm32f4xx_hal_flash.o
    0x20001454        -       0x00000034   Zero   RW         5747    .bss                main.o
    0x20001488        -       0x000030e8   Zero   RW         6019    .bss                ethernetif.o
    0x20004570        -       0x000000ee   Zero   RW         6103    .bss                led.o
    0x2000465e   COMPRESSED   0x00000002   PAD
    0x20004660        -       0x00000128   Zero   RW         6181    .bss                timer.o
    0x20004788        -       0x00000082   Zero   RW         6272    .bss                flash.o
    0x2000480a   COMPRESSED   0x00000002   PAD
    0x2000480c        -       0x000000bc   Zero   RW         6361    .bss                spi_flash.o
    0x200048c8        -       0x00000014   Zero   RW         6495    .bss                wwdg.o
    0x200048dc        -       0x0000368a   Zero   RW         6569    .bss                usrat.o
    0x20007f66        -       0x00000050   Zero   RW         6790    .bss                charlcd.o
    0x20007fb6   COMPRESSED   0x00000002   PAD
    0x20007fb8        -       0x00000018   Zero   RW         7031    .bss                ip.o
    0x20007fd0        -       0x00002813   Zero   RW         7049    .bss                mem.o
    0x2000a7e3        -       0x00001b27   Zero   RW         7096    .bss                memp.o
    0x2000c30a   COMPRESSED   0x00000002   PAD
    0x2000c30c        -       0x00000010   Zero   RW         7791    .bss                tcp_in.o
    0x2000c31c   COMPRESSED   0x00000024   PAD
    0x2000c340        -       0x000004a4   Zero   RW         8031    .bss.noinit         eventrecorder.o
    0x2000c7e4   COMPRESSED   0x00000004   PAD
    0x2000c7e8        -       0x00000400   Zero   RW         1338    STACK               startup_stm32f407xx.o


==============================================================================

Image component sizes


      Code (inc. data)   RO Data    RW Data    ZI Data      Debug   Object Name

       536        278          0          0          0       1401   app_ethernet.o
         0          0          0          0          0       2732   autoip.o
      1426         62          0         12         80       5921   charlcd.o
        40          6        256          0          0       1339   crc8.o
        38          0          0          0          0       1202   def.o
      2182         64          0          1        240      28194   etharp.o
       286          4         12          0          0       2854   ethernet.o
      2252        314          0          2      12520       8338   ethernetif.o
         0          0         24          0       1188       3828   eventrecorder.o
      1086        240         73        127        130       6281   flash.o
       548          4          0          0          0       5614   icmp.o
       176          0          0          0          0       9414   inet_chksum.o
        28          0          0          0          0        576   init.o
         0          0          0          0         24       3066   ip.o
       842         30          0          2          0      16719   ip4.o
       266          4          8          0         16       8778   ip4_addr.o
      1764         38          0          6          0      11378   ip4_frag.o
      1680        186          0       3776        238      10409   led.o
      1912        388         76         12         52       5249   main.o
       844         68          0         12      10259       5517   mem.o
       198         14        144         36       6951      10382   memp.o
       534         20          0          9          0      12083   netif.o
      1394         12          0          0          0      11843   pbuf.o
       224         22          0          4          0       3196   raw.o
      1678        190          0        120        188      10287   spi_flash.o
        36          8        392          0       1024        836   startup_stm32f407xx.o
       200         14         28         42          0       8605   stm324xg_eval.o
       160         22          0          4          0       5744   stm32f4xx_hal.o
       340         28          0          0          0      35622   stm32f4xx_hal_cortex.o
        40          0          0          0          0       1195   stm32f4xx_hal_dma.o
      3190         58          0          0          0      17854   stm32f4xx_hal_eth.o
       608         58          0          0         32       5689   stm32f4xx_hal_flash.o
       444         26          0          0          0       3406   stm32f4xx_hal_flash_ex.o
       576         50          0          0          0       4419   stm32f4xx_hal_gpio.o
      2036         94          0          0          0       6620   stm32f4xx_hal_rcc.o
      1086          0          0          0          0       4633   stm32f4xx_hal_spi.o
       724         44          0          0          0       5971   stm32f4xx_hal_tim.o
         4          0          0          0          0       1666   stm32f4xx_hal_tim_ex.o
      1848         14          0          0          0       7983   stm32f4xx_hal_uart.o
        96          0          0          0          0       2389   stm32f4xx_hal_wwdg.o
        40          0          0          0          0       3950   stm32f4xx_it.o
       100         18         24          4          0     736059   system_stm32f4xx.o
      3560        204        197         32          0      38351   tcp.o
       842        118          0          4          0       9826   tcp_echoserver.o
      5044        324          0         40         16      18775   tcp_in.o
      3408         10          0          0          0      17283   tcp_out.o
       516         74         24         12          0       6175   timeouts.o
       480         90          0         40        296       4768   timer.o
      1810        214          0        608      13962      14631   usrat.o
       244         74          0          0         20       3221   wwdg.o

    ----------------------------------------------------------------------
     47420       3486       1296       4916      47284    1152272   Object Totals
         0          0         32          0          0          0   (incl. Generated)
        54          0          6         11         48          0   (incl. Padding)

    ----------------------------------------------------------------------

      Code (inc. data)   RO Data    RW Data    ZI Data      Debug   Library Member Name

        94          0          0          0          0          0   __dclz77c.o
         0          0          0          0          0          0   entry.o
         0          0          0          0          0          0   entry10a.o
         0          0          0          0          0          0   entry11a.o
         8          4          0          0          0          0   entry2.o
         4          0          0          0          0          0   entry5.o
         0          0          0          0          0          0   entry7b.o
         0          0          0          0          0          0   entry8b.o
         8          4          0          0          0          0   entry9a.o
        30          0          0          0          0          0   handlers.o
        36          8          0          0          0         68   init.o
         0          0          0          0          0          0   iusefp.o
        30          0          0          0          0         68   llshl.o
        36          0          0          0          0         68   llsshr.o
        32          0          0          0          0         68   llushr.o
        26          0          0          0          0         80   memcmp.o
        36          0          0          0          0         68   memcpya.o
        36          0          0          0          0        108   memseta.o
      2312         92          0          0          0        600   printfa.o
        14          0          0          0          0         68   strlen.o
        44          0          0          0          0         80   uidiv.o
        98          0          0          0          0         92   uldiv.o
        48          0          0          0          0         68   cdrcmple.o
       334          0          0          0          0        148   dadd.o
       222          0          0          0          0        100   ddiv.o
       186          0          0          0          0        176   depilogue.o
        48          0          0          0          0         68   dfixul.o
       228          0          0          0          0         96   dmul.o

    ----------------------------------------------------------------------
      3916        108          0          0          0       2024   Library Totals
         6          0          0          0          0          0   (incl. Padding)

    ----------------------------------------------------------------------

      Code (inc. data)   RO Data    RW Data    ZI Data      Debug   Library Name

      2844        108          0          0          0       1368   mc_w.l
      1066          0          0          0          0        656   mf_w.l

    ----------------------------------------------------------------------
      3916        108          0          0          0       2024   Library Totals

    ----------------------------------------------------------------------

==============================================================================


      Code (inc. data)   RO Data    RW Data    ZI Data      Debug   

     51336       3594       1296       4916      47284    1120340   Grand Totals
     51336       3594       1296       2304      47284    1120340   ELF Image Totals (compressed)
     51336       3594       1296       2304          0          0   ROM Totals

==============================================================================

    Total RO  Size (Code + RO Data)                52632 (  51.40kB)
    Total RW  Size (RW Data + ZI Data)             52200 (  50.98kB)
    Total ROM Size (Code + RO Data + RW Data)      54936 (  53.65kB)

==============================================================================

