<html>
<body>
<pre>
<h1>µVision Build Log</h1>
<h2>Tool Versions:</h2>
IDE-Version: •ÏVision V5.25.2.0
Copyright (C) 2018 ARM Ltd and ARM Germany GmbH. All rights reserved.
License Information: JANG DUKSU, CS_CLUB, LIC=TA3TG-VLBK9-CZ9WV-PPHHD-0CQLH-IDJ8Y
 
Tool Versions:
Toolchain:       MDK-ARM Professional  Version: 5.25.2.0
Toolchain Path:  C:\Keil_v5\ARM\ARMCC\Bin
C Compiler:      Armcc.exe V5.06 update 6 (build 750)
Assembler:       Armasm.exe V5.06 update 6 (build 750)
Linker/Locator:  ArmLink.exe V5.06 update 6 (build 750)
Library Manager: ArmAr.exe V5.06 update 6 (build 750)
Hex Converter:   FromElf.exe V5.06 update 6 (build 750)
CPU DLL:         SARMCM3.DLL V5.25.2.0
Dialog DLL:      DCM.DLL V1.17.1.0
Target DLL:      ULP2CM3.DLL V2.209.20.0
Dialog DLL:      TCM.DLL V1.35.1.0
 
<h2>Project:</h2>
D:\GitHub_Pro\LEDC5.1_TRACE_TEST\LwIP_TCP_Echo_Server(SDI)_Ver1.1.1\MDK-ARM\Project.uvprojx
Project File Date:  10/19/2018

<h2>Output:</h2>
*** Using Compiler 'V5.06 update 6 (build 750)', folder: 'C:\Keil_v5\ARM\ARMCC\Bin'
Rebuild target 'STM324xG_EVAL'
compiling system_stm32f4xx.c...
compiling autoip.c...
compiling dhcp.c...
compiling etharp.c...
compiling icmp.c...
compiling igmp.c...
compiling ip4.c...
compiling ip4_addr.c...
compiling ip4_frag.c...
compiling stm324xg_eval.c...
compiling stm324xg_eval_io.c...
compiling stm324xg_eval_lcd.c...
compiling stm324xg_eval_sram.c...
compiling api_lib.c...
compiling api_msg.c...
compiling err.c...
compiling netbuf.c...
compiling netdb.c...
compiling netifapi.c...
compiling sockets.c...
compiling tcpip.c...
assembling startup_stm32f407xx.s...
compiling stm32f4xx_hal_eth.c...
compiling stm32f4xx_hal_rcc.c...
compiling stm32f4xx_hal_pwr.c...
compiling stm32f4xx_hal_flash_ex.c...
compiling stm32f4xx_hal_i2s_ex.c...
compiling stm32f4xx_hal_dma.c...
compiling stm32f4xx_hal_flash.c...
compiling stm32f4xx_hal_uart.c...
compiling stm32f4xx_hal_i2c.c...
compiling stm32f4xx_hal_i2s.c...
compiling stm32f4xx_hal_gpio.c...
compiling stm32f4xx_hal_sdram.c...
compiling stm32f4xx_hal_tim.c...
compiling stm32f4xx_hal.c...
compiling stm32f4xx_ll_fsmc.c...
compiling stm32f4xx_hal_cortex.c...
compiling stm32f4xx_hal_rcc_ex.c...
compiling stm32f4xx_hal_sram.c...
compiling stm32f4xx_hal_tim_ex.c...
compiling stm32f4xx_hal_spi.c...
compiling stm32f4xx_hal_wwdg.c...
compiling stm32f4xx_hal_usart.c...
compiling ili9325.c...
compiling stmpe811.c...
compiling lcd_log.c...
compiling main.c...
..\Inc\Timer.h(109): warning:  #1-D: last line of file ends without a newline
  */
..\Inc\Flash.h(51): warning:  #1-D: last line of file ends without a newline
  #endif
..\Inc\WWDG.h(16): warning:  #1-D: last line of file ends without a newline
  #endif
../Src/main.c: 3 warnings, 0 errors
compiling app_ethernet.c...
compiling stm32f4xx_it.c...
compiling tcp_echoserver.c...
../Src/tcp_echoserver.c(150): warning:  #223-D: function "MyPrintf_USART1" declared implicitly
      MyPrintf_USART1 (" tcp_echoserver_accept  \n\r");
../Src/tcp_echoserver.c(451): warning:  #223-D: function "MyPrintf_USART1" declared implicitly
    MyPrintf_USART1 (" tcp_echoserver_connection_close  \n\r");
../Src/tcp_echoserver.c: 2 warnings, 0 errors
compiling ethernetif.c...
compiling LED.c...
..\Src\LED.c(361): warning:  #177-D: variable "i"  was declared but never referenced
      int i,j;
..\Src\LED.c(362): warning:  #177-D: variable "sLedDATa"  was declared but never referenced
        int sLedDATa = 0x4444;
..\Src\LED.c(364): warning:  #177-D: variable "sUpLineCnt"  was declared but never referenced
        int sUpLineCnt = 0;
..\Src\LED.c(365): warning:  #177-D: variable "sDoLineCnt"  was declared but never referenced
        int sDoLineCnt = 0;
..\Src\LED.c(371): warning:  #550-D: variable "sssLine"  was set but never used
        uint16_t sssLine = 0;
..\Src\LED.c(373): warning:  #177-D: variable "sLedColor"  was declared but never referenced
        uint16_t sLedColor = 0;
..\Src\LED.c(519): warning:  #223-D: function "memset" declared implicitly
        memset(pVd,0x00,6144);
..\Src\LED.c(549): warning:  #177-D: variable "Font_16"  was declared but never referenced
        uint32_t Font_16=0;
..\Src\LED.c(582): warning:  #177-D: variable "Font_16"  was declared but never referenced
        uint32_t Font_16=0;
..\Src\LED.c(661): warning:  #177-D: variable "i"  was declared but never referenced
        int i,j,sLINE,s12_Block,sDot;
..\Src\LED.c(661): warning:  #177-D: variable "j"  was declared but never referenced
        int i,j,sLINE,s12_Block,sDot;
..\Src\LED.c(661): warning:  #177-D: variable "sLINE"  was declared but never referenced
        int i,j,sLINE,s12_Block,sDot;
..\Src\LED.c(663): warning:  #177-D: variable "sDotPrintCnt_Led"  was declared but never referenced
        uint32_t sDotPrintCnt_Led = 0;
..\Src\LED.c(664): warning:  #177-D: variable "Font_16"  was declared but never referenced
        uint32_t Font_16=0;
..\Src\LED.c(665): warning:  #177-D: variable "Lint_sort"  was declared but never referenced
        uint32_t Lint_sort=0;
..\Src\LED.c(668): warning:  #177-D: variable "sDotLineCnt"  was declared but never referenced
        uint32_t sDotLineCnt = 0;
..\Src\LED.c(727): warning:  #223-D: function "memset" declared implicitly
      memset(pVd,0x00,6144);
..\Src\LED.c: 17 warnings, 0 errors
compiling Timer.c...
..\Inc\Timer.h(109): warning:  #1-D: last line of file ends without a newline
  */
..\Inc\Flash.h(51): warning:  #1-D: last line of file ends without a newline
  #endif
..\Src\Timer.c(509): warning:  #177-D: function "Timer_Error_Handler"  was declared but never referenced
  static void Timer_Error_Handler(void)
..\Src\Timer.c: 3 warnings, 0 errors
compiling stm32f4xx_hal_msp.c...
compiling Flash.c...
..\Inc\Flash.h(51): warning:  #1-D: last line of file ends without a newline
  #endif
..\Src\Flash.c: 1 warning, 0 errors
compiling spi_flash.c...
..\Src\spi_flash.c(575): warning:  #940-D: missing return statement at end of non-void function "SPI_FLASH_ReadByte" 
  }
..\Src\spi_flash.c(597): warning:  #940-D: missing return statement at end of non-void function "SPI_FLASH_SendByte" 
  }
..\Src\spi_flash.c(617): warning:  #940-D: missing return statement at end of non-void function "SPI_FLASH_SendHalfWord" 
  }
..\Src\spi_flash.c: 3 warnings, 0 errors
compiling WWDG.c...
..\Inc\WWDG.h(16): warning:  #1-D: last line of file ends without a newline
  #endif
..\Src\WWDG.c(52): warning:  #223-D: function "MyPrintf_USART1" declared implicitly
                MyPrintf_USART1("**WWDG RESET** \n\r");
..\Src\WWDG.c(75): warning:  #223-D: function "MyPrintf_USART1" declared implicitly
                MyPrintf_USART1("**WWDG Error** \n\r");
..\Src\WWDG.c: 3 warnings, 0 errors
compiling USRAT.c...
..\Src\USRAT.c(535): warning:  #177-D: variable "sRXBuf"  was declared but never referenced
      uint8_t sRXBuf[5];
..\Src\USRAT.c(536): warning:  #177-D: variable "sKeypadFalg"  was declared but never referenced
      uint8_t sKeypadFalg = 0;
..\Src\USRAT.c(800): warning:  #186-D: pointless comparison of unsigned integer with zero
        if(btCh >= 0 && btCh <= 9) chBuf = btCh+'0';
..\Src\USRAT.c: 3 warnings, 0 errors
compiling CRC8.c...
compiling CharLCD.c...
compiling ethernet.c...
compiling def.c...
compiling dns.c...
compiling inet_chksum.c...
compiling init.c...
compiling ip.c...
compiling mem.c...
compiling memp.c...
compiling netif.c...
compiling pbuf.c...
compiling raw.c...
compiling stats.c...
compiling sys.c...
compiling tcp.c...
compiling tcp_in.c...
compiling tcp_out.c...
compiling timeouts.c...
compiling udp.c...
compiling EventRecorder.c...
linking...
Program Size: Code=51336 RO-data=1296 RW-data=4916 ZI-data=47284  
FromELF: creating hex file...
".\STM324xG_EVAL\STM324xG_EVAL.axf" - 0 Error(s), 35 Warning(s).

<h2>Software Packages used:</h2>

Package Vendor: ARM
                http://www.keil.com/pack/ARM.CMSIS.5.4.0.pack
                ARM.CMSIS.5.4.0
                CMSIS (Cortex Microcontroller Software Interface Standard)
   * Component: CORE Version: 5.1.2

Package Vendor: Keil
                http://www.keil.com/pack/Keil.ARM_Compiler.1.5.0.pack
                Keil.ARM_Compiler.1.5.0
                Keil ARM Compiler extensions for ARM Compiler 5 and ARM Compiler 6
   * Component: Event Recorder Variant: DAP Version: 1.3.0

Package Vendor: Keil
                http://www.keil.com/pack/Keil.STM32F4xx_DFP.2.13.0.pack
                Keil.STM32F4xx_DFP.2.13.0
                STMicroelectronics STM32F4 Series Device Support, Drivers and Examples

<h2>Collection of Component include folders:</h2>
  .\RTE\Compiler
  .\RTE\_STM324xG_EVAL
  C:\Keil_v5\ARM\PACK\ARM\CMSIS\5.4.0\CMSIS\Core\Include
  C:\Keil_v5\ARM\PACK\Keil\ARM_Compiler\1.5.0\Include
  C:\Keil_v5\ARM\PACK\Keil\STM32F4xx_DFP\2.13.0\Drivers\CMSIS\Device\ST\STM32F4xx\Include

<h2>Collection of Component Files used:</h2>

   * Component: ARM::CMSIS:CORE:5.1.2

   * Component: Keil.ARM Compiler::Compiler:Event Recorder:DAP:1.3.0
      Include file:  Config\EventRecorderConf.h
      Include file:  Include\EventRecorder.h
      Source file:   Source\EventRecorder.c
Build Time Elapsed:  00:01:21
</pre>
</body>
</html>
