###############################################################################
#
# IAR ELF Linker V9.30.1.335/W64 for ARM                  07/Aug/2023  22:03:53
# Copyright 2007-2022 IAR Systems AB.
#
#    Output file  =
#        C:\D\Git_Hub\LEDC-B1\File\EWARM\STM324xG_EVAL\Exe\Project.out
#    Map file     =
#        C:\D\Git_Hub\LEDC-B1\File\EWARM\STM324xG_EVAL\List\Project.map
#    Command line =
#        -f C:\D\Git_Hub\LEDC-B1\File\EWARM\STM324xG_EVAL\Exe\Project.out.rsp
#        (C:\D\Git_Hub\LEDC-B1\File\EWARM\STM324xG_EVAL\Obj\Application\User\AmpGpio.o
#        C:\D\Git_Hub\LEDC-B1\File\EWARM\STM324xG_EVAL\Obj\Middlewares\LwIP\Api\api_lib.o
#        C:\D\Git_Hub\LEDC-B1\File\EWARM\STM324xG_EVAL\Obj\Middlewares\LwIP\Api\api_msg.o
#        C:\D\Git_Hub\LEDC-B1\File\EWARM\STM324xG_EVAL\Obj\Application\User\app_ethernet.o
#        C:\D\Git_Hub\LEDC-B1\File\EWARM\STM324xG_EVAL\Obj\Middlewares\LwIP\Core\IPv4\autoip.o
#        C:\D\Git_Hub\LEDC-B1\File\EWARM\STM324xG_EVAL\Obj\Application\User\CRC8.o
#        C:\D\Git_Hub\LEDC-B1\File\EWARM\STM324xG_EVAL\Obj\Application\User\debug_task.o
#        C:\D\Git_Hub\LEDC-B1\File\EWARM\STM324xG_EVAL\Obj\Middlewares\LwIP\Core\def.o
#        C:\D\Git_Hub\LEDC-B1\File\EWARM\STM324xG_EVAL\Obj\Drivers\display\Config\DEV_Config.o
#        C:\D\Git_Hub\LEDC-B1\File\EWARM\STM324xG_EVAL\Obj\Middlewares\LwIP\Core\IPv4\dhcp.o
#        C:\D\Git_Hub\LEDC-B1\File\EWARM\STM324xG_EVAL\Obj\Middlewares\LwIP\Core\dns.o
#        C:\D\Git_Hub\LEDC-B1\File\EWARM\STM324xG_EVAL\Obj\Middlewares\LwIP\Api\err.o
#        C:\D\Git_Hub\LEDC-B1\File\EWARM\STM324xG_EVAL\Obj\Middlewares\LwIP\Core\IPv4\etharp.o
#        C:\D\Git_Hub\LEDC-B1\File\EWARM\STM324xG_EVAL\Obj\Middlewares\LwIP\Netif\ethernet.o
#        C:\D\Git_Hub\LEDC-B1\File\EWARM\STM324xG_EVAL\Obj\Application\User\ethernetif.o
#        C:\D\Git_Hub\LEDC-B1\File\EWARM\STM324xG_EVAL\Obj\Application\User\Flash.o
#        C:\D\Git_Hub\LEDC-B1\File\EWARM\STM324xG_EVAL\Obj\Application\Utilities\Fonts\font12.o
#        C:\D\Git_Hub\LEDC-B1\File\EWARM\STM324xG_EVAL\Obj\Application\Utilities\Fonts\font12CN.o
#        C:\D\Git_Hub\LEDC-B1\File\EWARM\STM324xG_EVAL\Obj\Application\Utilities\Fonts\font16.o
#        C:\D\Git_Hub\LEDC-B1\File\EWARM\STM324xG_EVAL\Obj\Application\Utilities\Fonts\font20.o
#        C:\D\Git_Hub\LEDC-B1\File\EWARM\STM324xG_EVAL\Obj\Application\Utilities\Fonts\font24.o
#        C:\D\Git_Hub\LEDC-B1\File\EWARM\STM324xG_EVAL\Obj\Application\Utilities\Fonts\font24CN.o
#        C:\D\Git_Hub\LEDC-B1\File\EWARM\STM324xG_EVAL\Obj\Application\Utilities\Fonts\font8.o
#        C:\D\Git_Hub\LEDC-B1\File\EWARM\STM324xG_EVAL\Obj\Drivers\display\GUI\GUI_Paint.o
#        C:\D\Git_Hub\LEDC-B1\File\EWARM\STM324xG_EVAL\Obj\Application\User\I2C.o
#        C:\D\Git_Hub\LEDC-B1\File\EWARM\STM324xG_EVAL\Obj\Middlewares\LwIP\Core\IPv4\icmp.o
#        C:\D\Git_Hub\LEDC-B1\File\EWARM\STM324xG_EVAL\Obj\Middlewares\LwIP\Core\IPv4\igmp.o
#        C:\D\Git_Hub\LEDC-B1\File\EWARM\STM324xG_EVAL\Obj\Drivers\BSP\Components\ili9325.o
#        C:\D\Git_Hub\LEDC-B1\File\EWARM\STM324xG_EVAL\Obj\Drivers\display\Example\ImageData.o
#        C:\D\Git_Hub\LEDC-B1\File\EWARM\STM324xG_EVAL\Obj\Middlewares\LwIP\Core\inet_chksum.o
#        C:\D\Git_Hub\LEDC-B1\File\EWARM\STM324xG_EVAL\Obj\Middlewares\LwIP\Core\init.o
#        C:\D\Git_Hub\LEDC-B1\File\EWARM\STM324xG_EVAL\Obj\Middlewares\LwIP\Core\ip.o
#        C:\D\Git_Hub\LEDC-B1\File\EWARM\STM324xG_EVAL\Obj\Middlewares\LwIP\Core\IPv4\ip4.o
#        C:\D\Git_Hub\LEDC-B1\File\EWARM\STM324xG_EVAL\Obj\Middlewares\LwIP\Core\IPv4\ip4_addr.o
#        C:\D\Git_Hub\LEDC-B1\File\EWARM\STM324xG_EVAL\Obj\Middlewares\LwIP\Core\IPv4\ip4_frag.o
#        C:\D\Git_Hub\LEDC-B1\File\EWARM\STM324xG_EVAL\Obj\Application\User\main.o
#        C:\D\Git_Hub\LEDC-B1\File\EWARM\STM324xG_EVAL\Obj\Middlewares\LwIP\Core\mem.o
#        C:\D\Git_Hub\LEDC-B1\File\EWARM\STM324xG_EVAL\Obj\Middlewares\LwIP\Core\memp.o
#        C:\D\Git_Hub\LEDC-B1\File\EWARM\STM324xG_EVAL\Obj\Middlewares\LwIP\Api\netbuf.o
#        C:\D\Git_Hub\LEDC-B1\File\EWARM\STM324xG_EVAL\Obj\Middlewares\LwIP\Api\netdb.o
#        C:\D\Git_Hub\LEDC-B1\File\EWARM\STM324xG_EVAL\Obj\Middlewares\LwIP\Core\netif.o
#        C:\D\Git_Hub\LEDC-B1\File\EWARM\STM324xG_EVAL\Obj\Middlewares\LwIP\Api\netifapi.o
#        C:\D\Git_Hub\LEDC-B1\File\EWARM\STM324xG_EVAL\Obj\Drivers\display\OLED\OLED_1in3_c.o
#        C:\D\Git_Hub\LEDC-B1\File\EWARM\STM324xG_EVAL\Obj\Drivers\display\Example\OLED_1in3_c_test.o
#        C:\D\Git_Hub\LEDC-B1\File\EWARM\STM324xG_EVAL\Obj\Middlewares\LwIP\Core\pbuf.o
#        C:\D\Git_Hub\LEDC-B1\File\EWARM\STM324xG_EVAL\Obj\Middlewares\LwIP\Core\raw.o
#        C:\D\Git_Hub\LEDC-B1\File\EWARM\STM324xG_EVAL\Obj\Middlewares\LwIP\Api\sockets.o
#        C:\D\Git_Hub\LEDC-B1\File\EWARM\STM324xG_EVAL\Obj\Application\EWARM\startup_stm32f407xx.o
#        C:\D\Git_Hub\LEDC-B1\File\EWARM\STM324xG_EVAL\Obj\Middlewares\LwIP\Core\stats.o
#        C:\D\Git_Hub\LEDC-B1\File\EWARM\STM324xG_EVAL\Obj\Drivers\BSP\STM324xG_EVAL\stm324xg_eval.o
#        C:\D\Git_Hub\LEDC-B1\File\EWARM\STM324xG_EVAL\Obj\Drivers\BSP\STM324xG_EVAL\stm324xg_eval_io.o
#        C:\D\Git_Hub\LEDC-B1\File\EWARM\STM324xG_EVAL\Obj\Drivers\BSP\STM324xG_EVAL\stm324xg_eval_sram.o
#        C:\D\Git_Hub\LEDC-B1\File\EWARM\STM324xG_EVAL\Obj\Drivers\STM32F4xx_HAL_Driver\stm32f4xx_hal.o
#        C:\D\Git_Hub\LEDC-B1\File\EWARM\STM324xG_EVAL\Obj\Drivers\STM32F4xx_HAL_Driver\stm32f4xx_hal_adc.o
#        C:\D\Git_Hub\LEDC-B1\File\EWARM\STM324xG_EVAL\Obj\Drivers\STM32F4xx_HAL_Driver\stm32f4xx_hal_cortex.o
#        C:\D\Git_Hub\LEDC-B1\File\EWARM\STM324xG_EVAL\Obj\Drivers\STM32F4xx_HAL_Driver\stm32f4xx_hal_dma.o
#        C:\D\Git_Hub\LEDC-B1\File\EWARM\STM324xG_EVAL\Obj\Drivers\STM32F4xx_HAL_Driver\stm32f4xx_hal_dma_ex.o
#        C:\D\Git_Hub\LEDC-B1\File\EWARM\STM324xG_EVAL\Obj\Drivers\STM32F4xx_HAL_Driver\stm32f4xx_hal_eth.o
#        C:\D\Git_Hub\LEDC-B1\File\EWARM\STM324xG_EVAL\Obj\Drivers\STM32F4xx_HAL_Driver\stm32f4xx_hal_flash.o
#        C:\D\Git_Hub\LEDC-B1\File\EWARM\STM324xG_EVAL\Obj\Drivers\STM32F4xx_HAL_Driver\stm32f4xx_hal_flash_ex.o
#        C:\D\Git_Hub\LEDC-B1\File\EWARM\STM324xG_EVAL\Obj\Drivers\STM32F4xx_HAL_Driver\stm32f4xx_hal_gpio.o
#        C:\D\Git_Hub\LEDC-B1\File\EWARM\STM324xG_EVAL\Obj\Drivers\STM32F4xx_HAL_Driver\stm32f4xx_hal_i2c.o
#        C:\D\Git_Hub\LEDC-B1\File\EWARM\STM324xG_EVAL\Obj\Drivers\STM32F4xx_HAL_Driver\stm32f4xx_hal_i2c_ex.o
#        C:\D\Git_Hub\LEDC-B1\File\EWARM\STM324xG_EVAL\Obj\Drivers\STM32F4xx_HAL_Driver\stm32f4xx_hal_i2s.o
#        C:\D\Git_Hub\LEDC-B1\File\EWARM\STM324xG_EVAL\Obj\Drivers\STM32F4xx_HAL_Driver\stm32f4xx_hal_i2s_ex.o
#        C:\D\Git_Hub\LEDC-B1\File\EWARM\STM324xG_EVAL\Obj\Application\User\stm32f4xx_hal_msp.o
#        C:\D\Git_Hub\LEDC-B1\File\EWARM\STM324xG_EVAL\Obj\Drivers\STM32F4xx_HAL_Driver\stm32f4xx_hal_pwr.o
#        C:\D\Git_Hub\LEDC-B1\File\EWARM\STM324xG_EVAL\Obj\Drivers\STM32F4xx_HAL_Driver\stm32f4xx_hal_pwr_ex.o
#        C:\D\Git_Hub\LEDC-B1\File\EWARM\STM324xG_EVAL\Obj\Drivers\STM32F4xx_HAL_Driver\stm32f4xx_hal_rcc.o
#        C:\D\Git_Hub\LEDC-B1\File\EWARM\STM324xG_EVAL\Obj\Drivers\STM32F4xx_HAL_Driver\stm32f4xx_hal_rcc_ex.o
#        C:\D\Git_Hub\LEDC-B1\File\EWARM\STM324xG_EVAL\Obj\Drivers\STM32F4xx_HAL_Driver\stm32f4xx_hal_rtc.o
#        C:\D\Git_Hub\LEDC-B1\File\EWARM\STM324xG_EVAL\Obj\Drivers\STM32F4xx_HAL_Driver\stm32f4xx_hal_rtc_ex.o
#        C:\D\Git_Hub\LEDC-B1\File\EWARM\STM324xG_EVAL\Obj\Drivers\STM32F4xx_HAL_Driver\stm32f4xx_hal_spi.o
#        C:\D\Git_Hub\LEDC-B1\File\EWARM\STM324xG_EVAL\Obj\Drivers\STM32F4xx_HAL_Driver\stm32f4xx_hal_sram.o
#        C:\D\Git_Hub\LEDC-B1\File\EWARM\STM324xG_EVAL\Obj\Drivers\STM32F4xx_HAL_Driver\stm32f4xx_hal_tim.o
#        C:\D\Git_Hub\LEDC-B1\File\EWARM\STM324xG_EVAL\Obj\Drivers\STM32F4xx_HAL_Driver\stm32f4xx_hal_tim_ex.o
#        C:\D\Git_Hub\LEDC-B1\File\EWARM\STM324xG_EVAL\Obj\Drivers\STM32F4xx_HAL_Driver\stm32f4xx_hal_uart.o
#        C:\D\Git_Hub\LEDC-B1\File\EWARM\STM324xG_EVAL\Obj\Drivers\STM32F4xx_HAL_Driver\stm32f4xx_hal_wwdg.o
#        C:\D\Git_Hub\LEDC-B1\File\EWARM\STM324xG_EVAL\Obj\Application\User\stm32f4xx_it.o
#        C:\D\Git_Hub\LEDC-B1\File\EWARM\STM324xG_EVAL\Obj\Drivers\STM32F4xx_HAL_Driver\stm32f4xx_ll_fsmc.o
#        C:\D\Git_Hub\LEDC-B1\File\EWARM\STM324xG_EVAL\Obj\Drivers\BSP\Components\stmpe811.o
#        C:\D\Git_Hub\LEDC-B1\File\EWARM\STM324xG_EVAL\Obj\Middlewares\LwIP\Core\sys.o
#        C:\D\Git_Hub\LEDC-B1\File\EWARM\STM324xG_EVAL\Obj\Drivers\CMSIS\system_stm32f4xx.o
#        C:\D\Git_Hub\LEDC-B1\File\EWARM\STM324xG_EVAL\Obj\Middlewares\LwIP\Core\tcp.o
#        C:\D\Git_Hub\LEDC-B1\File\EWARM\STM324xG_EVAL\Obj\Application\User\tcp_echoserver.o
#        C:\D\Git_Hub\LEDC-B1\File\EWARM\STM324xG_EVAL\Obj\Middlewares\LwIP\Core\tcp_in.o
#        C:\D\Git_Hub\LEDC-B1\File\EWARM\STM324xG_EVAL\Obj\Middlewares\LwIP\Core\tcp_out.o
#        C:\D\Git_Hub\LEDC-B1\File\EWARM\STM324xG_EVAL\Obj\Middlewares\LwIP\Api\tcpip.o
#        C:\D\Git_Hub\LEDC-B1\File\EWARM\STM324xG_EVAL\Obj\Middlewares\LwIP\Core\tftp_server.o
#        C:\D\Git_Hub\LEDC-B1\File\EWARM\STM324xG_EVAL\Obj\Middlewares\LwIP\Core\timeouts.o
#        C:\D\Git_Hub\LEDC-B1\File\EWARM\STM324xG_EVAL\Obj\Application\User\Timer.o
#        C:\D\Git_Hub\LEDC-B1\File\EWARM\STM324xG_EVAL\Obj\Middlewares\LwIP\Core\udp.o
#        C:\D\Git_Hub\LEDC-B1\File\EWARM\STM324xG_EVAL\Obj\Application\User\udp_echoclient.o
#        C:\D\Git_Hub\LEDC-B1\File\EWARM\STM324xG_EVAL\Obj\Application\User\USRAT.o
#        C:\D\Git_Hub\LEDC-B1\File\EWARM\STM324xG_EVAL\Obj\Application\User\WWDG.o
#        --redirect _Printf=_PrintfFullNoMb --redirect _Scanf=_ScanfFullNoMb
#        --no_out_extension -o
#        C:\D\Git_Hub\LEDC-B1\File\EWARM\STM324xG_EVAL\Exe\Project.out --map
#        C:\D\Git_Hub\LEDC-B1\File\EWARM\STM324xG_EVAL\List\Project.map
#        --config C:\D\Git_Hub\LEDC-B1\File\EWARM\stm32f407xx_flash.icf
#        --semihosting --entry __iar_program_start --vfe --text_out locale
#        --cpu=Cortex-M4 --fpu=VFPv4_sp)
#
###############################################################################

*******************************************************************************
*** RUNTIME MODEL ATTRIBUTES
***

CppFlavor       = *
__CPP_Runtime   = 1
__SystemLibrary = DLib
__dlib_version  = 6


*******************************************************************************
*** HEAP SELECTION
***

The basic heap was selected because --advanced_heap
was not specified and the application did not appear to
be primarily optimized for speed.


*******************************************************************************
*** PLACEMENT SUMMARY
***

"A0":  place at address 0x801'0000 { ro section .intvec };
"P1":  place in [from 0x801'0000 to 0x80f'ffff] { ro };
define block CSTACK with size = 8K, alignment = 8 { };
define block HEAP with size = 1K, alignment = 8 { };
"P2":  place in [from 0x2000'0000 to 0x2001'ffff] {
          rw, block CSTACK, block HEAP };
initialize by copy { rw };

  Section            Kind         Address      Size  Object
  -------            ----         -------      ----  ------
"A0":                                         0x188
  .intvec            ro code   0x801'0000     0x188  startup_stm32f407xx.o [1]
                             - 0x801'0188     0x188

"P1":                                      0x1'5854
  .text              ro code   0x801'0188    0x1ab4  stm32f4xx_hal_i2c.o [7]
  .text              ro code   0x801'1c3c     0x310  stm32f4xx_hal_msp.o [2]
  .text              ro code   0x801'1f4c     0x278  stm32f4xx_hal_rcc.o [7]
  .text              ro code   0x801'21c4       0xc  stm32f4xx_hal.o [7]
  .text              ro code   0x801'21d0       0x2  stm32f4xx_hal_i2c.o [7]
  .text              ro code   0x801'21d2       0x2  stm32f4xx_hal_i2c.o [7]
  .text              ro code   0x801'21d4       0x2  stm32f4xx_hal_i2c.o [7]
  .text              ro code   0x801'21d6       0x2  stm32f4xx_hal_i2c.o [7]
  .text              ro code   0x801'21d8       0x2  stm32f4xx_hal_i2c.o [7]
  .text              ro code   0x801'21da       0x2  stm32f4xx_hal_i2c.o [7]
  .text              ro code   0x801'21dc       0x2  stm32f4xx_hal_i2c.o [7]
  .text              ro code   0x801'21de       0x2  stm32f4xx_hal_i2c.o [7]
  .text              ro code   0x801'21e0     0x558  stm32f4xx_hal_dma.o [7]
  .text              ro code   0x801'2738       0x2  stm32f4xx_hal_i2c.o [7]
  .text              ro code   0x801'273a       0x2  stm32f4xx_hal_i2c.o [7]
  .text              ro code   0x801'273c     0x1b0  stm32f4xx_hal_cortex.o [7]
  .text              ro code   0x801'28ec     0x2dc  stm32f4xx_hal_tim.o [7]
  .text              ro code   0x801'2bc8     0x34c  stm32f4xx_hal_rcc.o [7]
  .text              ro code   0x801'2f14     0x15c  stm32f4xx_hal_rcc_ex.o [7]
  .text              ro code   0x801'3070      0x66  ABImemset.o [18]
  .text              ro code   0x801'30d6      0x3a  packbits_init_single.o [18]
  .text              ro code   0x801'3110     0x290  stm32f4xx_hal_gpio.o [7]
  .text              ro code   0x801'33a0      0x84  stm32f4xx_hal_rcc.o [7]
  .text              ro code   0x801'3424      0x28  stm32f4xx_hal.o [7]
  .text              ro code   0x801'344c       0x2  stm32f4xx_hal_tim.o [7]
  .text              ro code   0x801'344e       0x2  stm32f4xx_hal_tim.o [7]
  .text              ro code   0x801'3450       0x2  stm32f4xx_hal_tim.o [7]
  .text              ro code   0x801'3452       0xa  xsprout.o [16]
  .text              ro code   0x801'345c      0xf4  Timer.o [2]
  .text              ro code   0x801'3550       0x2  stm32f4xx_hal_tim_ex.o [7]
  .text              ro code   0x801'3552       0x2  stm32f4xx_hal_tim.o [7]
  .text              ro code   0x801'3554       0x2  stm32f4xx_hal_tim_ex.o [7]
  .rodata            const     0x801'3556       0x2  xlocale_c.o [16]
  .text              ro code   0x801'3558    0x1222  main.o [2]
  .text              ro code   0x801'477a      0x1e  stm32f4xx_hal.o [7]
  .text              ro code   0x801'4798     0x294  Flash.o [2]
  .text              ro code   0x801'4a2c     0x548  USRAT.o [2]
  .text              ro code   0x801'4f74      0x38  stm32f4xx_hal.o [7]
  .text              ro code   0x801'4fac      0x1c  init.o [13]
  .text              ro code   0x801'4fc8     0x1f8  app_ethernet.o [2]
  .text              ro code   0x801'51c0    0x1120  I2C.o [2]
  .text              ro code   0x801'62e0     0x2d0  OLED_1in3_c_test.o [9]
  .text              ro code   0x801'65b0      0x40  sprintf.o [16]
  .text              ro code   0x801'65f0      0xb6  WWDG.o [2]
  .rodata            const     0x801'66a6       0x1  xlocale_c.o [16]
  .text              ro code   0x801'66a8     0x678  ethernetif.o [2]
  .text              ro code   0x801'6d20     0x1e8  timeouts.o [13]
  .text              ro code   0x801'6f08     0x57a  stm32f4xx_hal_adc.o [7]
  .text              ro code   0x801'7484     0x1c4  OLED_1in3_c.o [11]
  .text              ro code   0x801'7648     0x2f4  udp_echoclient.o [2]
  .text              ro code   0x801'793c     0x222  netif.o [13]
  .text              ro code   0x801'7b60     0x6ac  stm32f4xx_hal_rtc.o [7]
  .text              ro code   0x801'820c     0x2b0  AmpGpio.o [2]
  .text              ro code   0x801'84bc     0x110  ip4_addr.o [14]
  .text              ro code   0x801'85cc      0x48  FltToDbl.o [17]
  .text              ro code   0x801'8614     0x1aa  DblMul.o [17]
  .text              ro code   0x801'87c0     0x246  DblDiv.o [17]
  .text              ro code   0x801'8a08      0x68  DblToFlt.o [17]
  .text              ro code   0x801'8a70     0x25e  DblAddSub.o [17]
  .text              ro code   0x801'8cd0      0x36  DblToS32.o [17]
  .text              ro code   0x801'8d08     0x2dc  debug_task.o [2]
  .text              ro code   0x801'8fe4     0x1f8  stm32f4xx_hal_flash.o [7]
  .text              ro code   0x801'91dc      0x2a  strncmp.o [16]
  .text              ro code   0x801'9208     0x194  stm32f4xx_hal_flash_ex.o [7]
  .text              ro code   0x801'939c     0x6d4  stm32f4xx_hal_uart.o [7]
  .text              ro code   0x801'9a70      0xa6  ABImemcpy.o [18]
  .text              ro code   0x801'9b18      0x34  vsprintf.o [16]
  .text              ro code   0x801'9b4c      0x36  strlen.o [18]
  .text              ro code   0x801'9b82       0x2  stm32f4xx_hal.o [7]
  .text              ro code   0x801'9b84     0x330  mem.o [13]
  .text              ro code   0x801'9eb4      0xbc  memp.o [13]
  .text              ro code   0x801'9f70     0x978  udp.o [13]
  .text              ro code   0x801'a8e8     0xd3a  tcp.o [13]
  .text              ro code   0x801'b624    0x1292  dhcp.o [14]
  .text              ro code   0x801'c8b8      0x58  DEV_Config.o [8]
  .text              ro code   0x801'c910     0x66c  GUI_Paint.o [10]
  .text              ro code   0x801'cf7c      0x22  S32ToDbl.o [17]
  .text              ro code   0x801'cfa0     0xeaa  xprintffull_nomb.o [16]
  .text              ro code   0x801'de4a      0x5e  stm32f4xx_hal_wwdg.o [7]
  .text              ro code   0x801'dea8     0xc44  stm32f4xx_hal_eth.o [7]
  .text              ro code   0x801'eaec     0x6b2  pbuf.o [13]
  .text              ro code   0x801'f19e       0x2  stm32f4xx_hal_adc.o [7]
  .text              ro code   0x801'f1a0       0x2  stm32f4xx_hal_adc.o [7]
  .text              ro code   0x801'f1a4     0x114  raw.o [13]
  .text              ro code   0x801'f2b8     0x9ac  etharp.o [14]
  .text              ro code   0x801'fc64       0x2  stm32f4xx_hal_rtc_ex.o [7]
  .text              ro code   0x801'fc68      0x2c  def.o [13]
  .text              ro code   0x801'fc94     0x286  icmp.o [14]
  .text              ro code   0x801'ff1c     0x3e8  ip4.o [14]
  .text              ro code   0x802'0304     0x90c  tcp_out.o [13]
  .text              ro code   0x802'0c10    0x1348  tcp_in.o [13]
  .text              ro code   0x802'1f58      0x9c  rand.o [16]
  .text              ro code   0x802'1ff4      0x16  strchr.o [18]
  .text              ro code   0x802'200c      0x40  xfail_s.o [16]
  .text              ro code   0x802'204c      0x58  memchr.o [18]
  .text              ro code   0x802'20a4      0x70  frexp.o [17]
  .text              ro code   0x802'2114      0x34  DblCmpLe.o [17]
  .text              ro code   0x802'2148      0x34  DblCmpGe.o [17]
  .text              ro code   0x802'217c     0x13a  ldexp.o [17]
  .text              ro code   0x802'22b8      0x22  DblToU32.o [17]
  .text              ro code   0x802'22dc      0x1c  U32ToDbl.o [17]
  .text              ro code   0x802'22f8       0x8  xlocale_c.o [16]
  .text              ro code   0x802'2300     0x230  I64DivMod.o [18]
  .text              ro code   0x802'2530     0x146  ethernet.o [15]
  .text              ro code   0x802'2676      0xca  inet_chksum.o [13]
  .text              ro code   0x802'2740     0x760  ip4_frag.o [14]
  .text              ro code   0x802'2ea0       0x6  abort.o [16]
  .text              ro code   0x802'2ea8       0x2  I64DivZer.o [18]
  .text              ro code   0x802'2eac      0x68  memcmp.o [18]
  .text              ro code   0x802'2f14      0x14  exit.o [19]
  .text              ro code   0x802'2f28      0x2c  iarttio.o [19]
  .text              ro code   0x802'2f54       0x8  XShttio.o [16]
  .rodata            const     0x802'2f5c     0xbe0  font16.o [3]
  .rodata            const     0x802'3b3c     0x474  font12.o [3]
  .rodata            const     0x802'3fb0     0x2f8  font8.o [3]
  .text              ro code   0x802'42a8      0x80  stm32f4xx_it.o [2]
  .text              ro code   0x802'4328      0x10  stm32f4xx_hal.o [7]
  .text              ro code   0x802'4338      0x64  system_stm32f4xx.o [6]
  .rodata            const     0x802'439c      0x5c  main.o [2]
  .rodata            const     0x802'43f8      0x4c  I2C.o [2]
  .rodata            const     0x802'4444      0x4c  main.o [2]
  .rodata            const     0x802'4490      0x3c  I2C.o [2]
  .rodata            const     0x802'44cc      0x3c  I2C.o [2]
  .rodata            const     0x802'4508      0x3c  I2C.o [2]
  .rodata            const     0x802'4544      0x3c  tcp.o [13]
  .rodata            const     0x802'4580      0x38  app_ethernet.o [2]
  .rodata            const     0x802'45b8      0x38  I2C.o [2]
  .rodata            const     0x802'45f0      0x38  tcp.o [13]
  .rodata            const     0x802'4628      0x38  tcp.o [13]
  .text              ro code   0x802'4660      0x38  zero_init3.o [18]
  .rodata            const     0x802'4698      0x34  app_ethernet.o [2]
  .rodata            const     0x802'46cc      0x34  app_ethernet.o [2]
  .rodata            const     0x802'4700      0x34  app_ethernet.o [2]
  .rodata            const     0x802'4734      0x34  I2C.o [2]
  .rodata            const     0x802'4768      0x34  main.o [2]
  .rodata            const     0x802'479c      0x34  tcp.o [13]
  .rodata            const     0x802'47d0      0x34  tcp.o [13]
  .rodata            const     0x802'4804      0x34  tcp.o [13]
  .rodata            const     0x802'4838      0x34  tcp.o [13]
  .rodata            const     0x802'486c      0x30  main.o [2]
  .rodata            const     0x802'489c      0x30  main.o [2]
  .rodata            const     0x802'48cc      0x30  main.o [2]
  .rodata            const     0x802'48fc      0x30  tcp.o [13]
  .rodata            const     0x802'492c      0x30  tcp.o [13]
  .rodata            const     0x802'495c      0x30  tcp.o [13]
  .rodata            const     0x802'498c      0x2c  I2C.o [2]
  .rodata            const     0x802'49b8      0x2c  I2C.o [2]
  .rodata            const     0x802'49e4      0x2c  I2C.o [2]
  .rodata            const     0x802'4a10      0x2c  I2C.o [2]
  .rodata            const     0x802'4a3c      0x2c  tcp.o [13]
  .rodata            const     0x802'4a68      0x2c  tcp.o [13]
  .rodata            const     0x802'4a94      0x28  app_ethernet.o [2]
  .rodata            const     0x802'4abc      0x28  I2C.o [2]
  .rodata            const     0x802'4ae4      0x28  I2C.o [2]
  .rodata            const     0x802'4b0c      0x28  I2C.o [2]
  .rodata            const     0x802'4b34      0x28  I2C.o [2]
  .rodata            const     0x802'4b5c      0x28  I2C.o [2]
  .rodata            const     0x802'4b84      0x28  main.o [2]
  .rodata            const     0x802'4bac      0x28  memp.o [13]
  .rodata            const     0x802'4bd4      0x28  tcp.o [13]
  .rodata            const     0x802'4bfc      0x28  tcp.o [13]
  .rodata            const     0x802'4c24      0x28  tcp.o [13]
  .rodata            const     0x802'4c4c      0x28  tcp.o [13]
  .rodata            const     0x802'4c74      0x28  timeouts.o [13]
  .text              ro code   0x802'4c9c      0x28  data_init.o [18]
  .rodata            const     0x802'4cc4      0x24  ethernetif.o [2]
  .rodata            const     0x802'4ce8      0x24  I2C.o [2]
  .rodata            const     0x802'4d0c      0x24  main.o [2]
  .rodata            const     0x802'4d30      0x24  main.o [2]
  .rodata            const     0x802'4d54      0x24  main.o [2]
  .rodata            const     0x802'4d78      0x24  main.o [2]
  .rodata            const     0x802'4d9c      0x24  tcp.o [13]
  .rodata            const     0x802'4dc0      0x24  tcp.o [13]
  .rodata            const     0x802'4de4      0x24  tcp.o [13]
  .rodata            const     0x802'4e08      0x24  tcp.o [13]
  .rodata            const     0x802'4e2c      0x24  udp.o [13]
  .rodata            const     0x802'4e50      0x24  udp_echoclient.o [2]
  .rodata            const     0x802'4e74      0x24  udp_echoclient.o [2]
  .text              ro code   0x802'4e98      0x22  fpinit_M.o [17]
  .iar.init_table    const     0x802'4ebc      0x20  - Linker created -
  .rodata            const     0x802'4edc      0x20  app_ethernet.o [2]
  .rodata            const     0x802'4efc      0x20  app_ethernet.o [2]
  .rodata            const     0x802'4f1c      0x20  app_ethernet.o [2]
  .rodata            const     0x802'4f3c      0x20  I2C.o [2]
  .rodata            const     0x802'4f5c      0x20  I2C.o [2]
  .rodata            const     0x802'4f7c      0x20  I2C.o [2]
  .rodata            const     0x802'4f9c      0x20  I2C.o [2]
  .rodata            const     0x802'4fbc      0x20  main.o [2]
  .rodata            const     0x802'4fdc      0x20  OLED_1in3_c_test.o [9]
  .rodata            const     0x802'4ffc      0x20  tcp.o [13]
  .rodata            const     0x802'501c      0x20  tcp.o [13]
  .text              ro code   0x802'503c      0x1e  cmain.o [18]
  .text              ro code   0x802'505a       0x4  low_level_init.o [16]
  .text              ro code   0x802'505e       0x4  exit.o [16]
  .text              ro code   0x802'5064       0xa  cexit.o [18]
  .rodata            const     0x802'5070      0x1c  debug_task.o [2]
  .rodata            const     0x802'508c      0x1c  debug_task.o [2]
  .rodata            const     0x802'50a8      0x1c  I2C.o [2]
  .rodata            const     0x802'50c4      0x1c  I2C.o [2]
  .rodata            const     0x802'50e0      0x1c  I2C.o [2]
  .rodata            const     0x802'50fc      0x1c  I2C.o [2]
  .rodata            const     0x802'5118      0x1c  I2C.o [2]
  .rodata            const     0x802'5134      0x1c  main.o [2]
  .rodata            const     0x802'5150      0x1c  main.o [2]
  .rodata            const     0x802'516c      0x1c  main.o [2]
  .rodata            const     0x802'5188      0x1c  main.o [2]
  .rodata            const     0x802'51a4      0x1c  main.o [2]
  .rodata            const     0x802'51c0      0x1c  main.o [2]
  .rodata            const     0x802'51dc      0x1c  main.o [2]
  .rodata            const     0x802'51f8      0x1c  main.o [2]
  .rodata            const     0x802'5214      0x1c  tcp.o [13]
  .rodata            const     0x802'5230      0x1c  tcp.o [13]
  .rodata            const     0x802'524c      0x1c  udp_echoclient.o [2]
  .rodata            const     0x802'5268      0x1c  udp_echoclient.o [2]
  .rodata            const     0x802'5284      0x1c  udp_echoclient.o [2]
  .text              ro code   0x802'52a0      0x1c  cstartup_M.o [18]
  .rodata            const     0x802'52bc      0x18  DEV_Config.o [8]
  .rodata            const     0x802'52d4      0x18  Flash.o [2]
  .rodata            const     0x802'52ec      0x18  I2C.o [2]
  .rodata            const     0x802'5304      0x18  I2C.o [2]
  .rodata            const     0x802'531c      0x18  I2C.o [2]
  .rodata            const     0x802'5334      0x18  I2C.o [2]
  .rodata            const     0x802'534c      0x18  main.o [2]
  .rodata            const     0x802'5364      0x18  OLED_1in3_c_test.o [9]
  .rodata            const     0x802'537c      0x18  tcp.o [13]
  .rodata            const     0x802'5394      0x18  udp.o [13]
  .rodata            const     0x802'53ac      0x14  I2C.o [2]
  .rodata            const     0x802'53c0      0x14  I2C.o [2]
  .rodata            const     0x802'53d4      0x14  I2C.o [2]
  .rodata            const     0x802'53e8      0x14  main.o [2]
  .rodata            const     0x802'53fc      0x14  OLED_1in3_c_test.o [9]
  .rodata            const     0x802'5410      0x14  OLED_1in3_c_test.o [9]
  .rodata            const     0x802'5424      0x14  OLED_1in3_c_test.o [9]
  .rodata            const     0x802'5438      0x14  udp.o [13]
  .rodata            const     0x802'544c      0x14  udp.o [13]
  .rodata            const     0x802'5460      0x14  udp.o [13]
  .rodata            const     0x802'5474      0x14  udp.o [13]
  .rodata            const     0x802'5488      0x14  WWDG.o [2]
  .rodata            const     0x802'549c      0x14  WWDG.o [2]
  .rodata            const     0x802'54b0      0x10  I2C.o [2]
  .rodata            const     0x802'54c0      0x10  I2C.o [2]
  .rodata            const     0x802'54d0      0x10  I2C.o [2]
  .rodata            const     0x802'54e0      0x10  main.o [2]
  .rodata            const     0x802'54f0      0x10  main.o [2]
  .rodata            const     0x802'5500      0x10  main.o [2]
  .rodata            const     0x802'5510      0x10  main.o [2]
  .rodata            const     0x802'5520      0x10  OLED_1in3_c_test.o [9]
  .rodata            const     0x802'5530      0x10  OLED_1in3_c_test.o [9]
  .rodata            const     0x802'5540      0x10  system_stm32f4xx.o [6]
  .rodata            const     0x802'5550      0x10  tcp.o [13]
  .rodata            const     0x802'5560      0x10  tcp.o [13]
  .rodata            const     0x802'5570      0x10  tcp.o [13]
  .rodata            const     0x802'5580      0x10  udp.o [13]
  .rodata            const     0x802'5590      0x10  udp.o [13]
  .rodata            const     0x802'55a0      0x10  udp.o [13]
  .rodata            const     0x802'55b0      0x10  udp.o [13]
  .text              ro code   0x802'55c0      0x10  startup_stm32f407xx.o [1]
  .rodata            const     0x802'55d0       0xc  DEV_Config.o [8]
  .rodata            const     0x802'55dc       0xc  I2C.o [2]
  .rodata            const     0x802'55e8       0xc  I2C.o [2]
  .rodata            const     0x802'55f4       0xc  main.o [2]
  .rodata            const     0x802'5600       0xc  main.o [2]
  .rodata            const     0x802'560c       0xc  main.o [2]
  .rodata            const     0x802'5618       0xc  memp.o [13]
  .rodata            const     0x802'5624       0xc  memp.o [13]
  .rodata            const     0x802'5630       0xc  memp.o [13]
  .rodata            const     0x802'563c       0xc  memp.o [13]
  .rodata            const     0x802'5648       0xc  memp.o [13]
  .rodata            const     0x802'5654       0xc  memp.o [13]
  .rodata            const     0x802'5660       0xc  memp.o [13]
  .rodata            const     0x802'566c       0xc  memp.o [13]
  .rodata            const     0x802'5678       0xc  memp.o [13]
  .rodata            const     0x802'5684       0xc  memp.o [13]
  .rodata            const     0x802'5690       0xc  OLED_1in3_c_test.o [9]
  .rodata            const     0x802'569c       0xc  OLED_1in3_c_test.o [9]
  .rodata            const     0x802'56a8       0xc  tcp.o [13]
  .rodata            const     0x802'56b4       0xc  tcp.o [13]
  .rodata            const     0x802'56c0       0xc  tcp.o [13]
  .rodata            const     0x802'56cc       0xc  tcp.o [13]
  .rodata            const     0x802'56d8       0xc  tcp.o [13]
  .rodata            const     0x802'56e4       0xc  tcp.o [13]
  .rodata            const     0x802'56f0       0xc  tcp.o [13]
  .rodata            const     0x802'56fc       0xc  tcp.o [13]
  .rodata            const     0x802'5708       0xc  tcp.o [13]
  .rodata            const     0x802'5714       0xc  udp.o [13]
  .rodata            const     0x802'5720       0xc  udp.o [13]
  .rodata            const     0x802'572c       0xc  udp.o [13]
  .rodata            const     0x802'5738       0xc  udp.o [13]
  .rodata            const     0x802'5744       0xc  udp.o [13]
  .rodata            const     0x802'5750       0x8  ethernet.o [15]
  .rodata            const     0x802'5758       0x8  ethernet.o [15]
  .rodata            const     0x802'5760       0x8  ethernetif.o [2]
  .rodata            const     0x802'5768       0x8  I2C.o [2]
  .rodata            const     0x802'5770       0x8  I2C.o [2]
  .rodata            const     0x802'5778       0x8  I2C.o [2]
  .rodata            const     0x802'5780       0x8  I2C.o [2]
  .rodata            const     0x802'5788       0x8  I2C.o [2]
  .rodata            const     0x802'5790       0x8  main.o [2]
  .rodata            const     0x802'5798       0x8  main.o [2]
  .rodata            const     0x802'57a0       0x8  main.o [2]
  .rodata            const     0x802'57a8       0x8  main.o [2]
  .rodata            const     0x802'57b0       0x8  main.o [2]
  .rodata            const     0x802'57b8       0x8  main.o [2]
  .rodata            const     0x802'57c0       0x8  main.o [2]
  .rodata            const     0x802'57c8       0x8  main.o [2]
  .rodata            const     0x802'57d0       0x8  OLED_1in3_c_test.o [9]
  .rodata            const     0x802'57d8       0x8  stm32f4xx_hal_dma.o [7]
  .rodata            const     0x802'57e0       0x8  system_stm32f4xx.o [6]
  .rodata            const     0x802'57e8       0x8  tcp.o [13]
  .rodata            const     0x802'57f0       0x8  tcp.o [13]
  .rodata            const     0x802'57f8       0x8  tcp.o [13]
  .rodata            const     0x802'5800       0x8  tcp.o [13]
  .rodata            const     0x802'5808       0x8  udp.o [13]
  .rodata            const     0x802'5810       0x8  udp.o [13]
  .rodata            const     0x802'5818       0x8  udp.o [13]
  .rodata            const     0x802'5820       0x8  udp.o [13]
  .rodata            const     0x802'5828       0x8  udp.o [13]
  .rodata            const     0x802'5830       0x8  USRAT.o [2]
  .rodata            const     0x802'5838       0x4  ip4_addr.o [14]
  .rodata            const     0x802'583c       0x4  ip4_addr.o [14]
  .text              ro code   0x802'5840       0x4  startup_stm32f407xx.o [1]
  .text              ro code   0x802'5844       0x4  startup_stm32f407xx.o [1]
  .text              ro code   0x802'5848       0x4  startup_stm32f407xx.o [1]
  .text              ro code   0x802'584c       0x4  startup_stm32f407xx.o [1]
  .text              ro code   0x802'5850       0x4  startup_stm32f407xx.o [1]
  .text              ro code   0x802'5854       0x4  startup_stm32f407xx.o [1]
  .text              ro code   0x802'5858       0x4  startup_stm32f407xx.o [1]
  .text              ro code   0x802'585c       0x4  startup_stm32f407xx.o [1]
  .text              ro code   0x802'5860       0x4  startup_stm32f407xx.o [1]
  .text              ro code   0x802'5864       0x4  startup_stm32f407xx.o [1]
  .text              ro code   0x802'5868       0x4  startup_stm32f407xx.o [1]
  .text              ro code   0x802'586c       0x4  startup_stm32f407xx.o [1]
  .text              ro code   0x802'5870       0x4  startup_stm32f407xx.o [1]
  .text              ro code   0x802'5874       0x4  startup_stm32f407xx.o [1]
  .text              ro code   0x802'5878       0x4  startup_stm32f407xx.o [1]
  .text              ro code   0x802'587c       0x4  startup_stm32f407xx.o [1]
  .text              ro code   0x802'5880       0x4  startup_stm32f407xx.o [1]
  .text              ro code   0x802'5884       0x4  startup_stm32f407xx.o [1]
  .text              ro code   0x802'5888       0x4  startup_stm32f407xx.o [1]
  .text              ro code   0x802'588c       0x4  startup_stm32f407xx.o [1]
  .text              ro code   0x802'5890       0x4  startup_stm32f407xx.o [1]
  .text              ro code   0x802'5894       0x4  startup_stm32f407xx.o [1]
  .text              ro code   0x802'5898       0x4  startup_stm32f407xx.o [1]
  .text              ro code   0x802'589c       0x4  startup_stm32f407xx.o [1]
  .text              ro code   0x802'58a0       0x4  startup_stm32f407xx.o [1]
  .text              ro code   0x802'58a4       0x4  startup_stm32f407xx.o [1]
  .text              ro code   0x802'58a8       0x4  startup_stm32f407xx.o [1]
  .text              ro code   0x802'58ac       0x4  startup_stm32f407xx.o [1]
  .text              ro code   0x802'58b0       0x4  startup_stm32f407xx.o [1]
  .text              ro code   0x802'58b4       0x4  startup_stm32f407xx.o [1]
  .text              ro code   0x802'58b8       0x4  startup_stm32f407xx.o [1]
  .text              ro code   0x802'58bc       0x4  startup_stm32f407xx.o [1]
  .text              ro code   0x802'58c0       0x4  startup_stm32f407xx.o [1]
  .text              ro code   0x802'58c4       0x4  startup_stm32f407xx.o [1]
  .text              ro code   0x802'58c8       0x4  startup_stm32f407xx.o [1]
  .text              ro code   0x802'58cc       0x4  startup_stm32f407xx.o [1]
  .text              ro code   0x802'58d0       0x4  startup_stm32f407xx.o [1]
  .text              ro code   0x802'58d4       0x4  startup_stm32f407xx.o [1]
  .text              ro code   0x802'58d8       0x4  startup_stm32f407xx.o [1]
  .text              ro code   0x802'58dc       0x4  startup_stm32f407xx.o [1]
  .text              ro code   0x802'58e0       0x4  startup_stm32f407xx.o [1]
  .text              ro code   0x802'58e4       0x4  startup_stm32f407xx.o [1]
  .text              ro code   0x802'58e8       0x4  startup_stm32f407xx.o [1]
  .text              ro code   0x802'58ec       0x4  startup_stm32f407xx.o [1]
  .text              ro code   0x802'58f0       0x4  startup_stm32f407xx.o [1]
  .text              ro code   0x802'58f4       0x4  startup_stm32f407xx.o [1]
  .text              ro code   0x802'58f8       0x4  startup_stm32f407xx.o [1]
  .text              ro code   0x802'58fc       0x4  startup_stm32f407xx.o [1]
  .text              ro code   0x802'5900       0x4  startup_stm32f407xx.o [1]
  .text              ro code   0x802'5904       0x4  startup_stm32f407xx.o [1]
  .text              ro code   0x802'5908       0x4  startup_stm32f407xx.o [1]
  .text              ro code   0x802'590c       0x4  startup_stm32f407xx.o [1]
  .text              ro code   0x802'5910       0x4  startup_stm32f407xx.o [1]
  .text              ro code   0x802'5914       0x4  startup_stm32f407xx.o [1]
  .text              ro code   0x802'5918       0x4  startup_stm32f407xx.o [1]
  .text              ro code   0x802'591c       0x4  startup_stm32f407xx.o [1]
  .text              ro code   0x802'5920       0x4  startup_stm32f407xx.o [1]
  .text              ro code   0x802'5924       0x4  startup_stm32f407xx.o [1]
  .text              ro code   0x802'5928       0x4  startup_stm32f407xx.o [1]
  .text              ro code   0x802'592c       0x4  startup_stm32f407xx.o [1]
  .text              ro code   0x802'5930       0x4  startup_stm32f407xx.o [1]
  .text              ro code   0x802'5934       0x4  startup_stm32f407xx.o [1]
  .text              ro code   0x802'5938       0x4  startup_stm32f407xx.o [1]
  .text              ro code   0x802'593c       0x4  startup_stm32f407xx.o [1]
  .text              ro code   0x802'5940       0x4  startup_stm32f407xx.o [1]
  .text              ro code   0x802'5944       0x4  startup_stm32f407xx.o [1]
  .rodata            const     0x802'5948       0x0  zero_init3.o [18]
  .rodata            const     0x802'5948       0x0  packbits_init_single.o [18]
  Initializer bytes  const     0x802'5948      0x94  <for P2-1>
                             - 0x802'59dc  0x1'5854

"P2", part 1 of 3:                            0x114
  P2-1                        0x2000'0000     0x114  <Init block>
    .data            inited   0x2000'0000       0x4  dhcp.o [14]
    .data            inited   0x2000'0004       0x4  Flash.o [2]
    .data            inited   0x2000'0008      0x64  Flash.o [2]
    .data            inited   0x2000'006c       0x8  font12.o [3]
    .data            inited   0x2000'0074       0x8  font16.o [3]
    .data            inited   0x2000'007c       0x8  font8.o [3]
    .data            inited   0x2000'0084       0x4  I2C.o [2]
    .data            inited   0x2000'0088      0x34  main.o [2]
    .data            inited   0x2000'00bc       0x4  system_stm32f4xx.o [6]
    .data            inited   0x2000'00c0       0x4  tcp.o [13]
    .data            inited   0x2000'00c4       0x8  rand.o [16]
    .data            inited   0x2000'00cc      0x38  xlocale_c.o [16]
    .data            inited   0x2000'0104       0x8  XShttio.o [16]
    .data            inited   0x2000'010c       0x2  Flash.o [2]
    .data            inited   0x2000'010e       0x2  udp.o [13]
    .data            inited   0x2000'0110       0x2  udp_echoclient.o [2]
    .data            inited   0x2000'0112       0x1  app_ethernet.o [2]
    .data            inited   0x2000'0113       0x1  main.o [2]
                            - 0x2000'0114     0x114

"P2", part 2 of 3:                           0xe508
  .bss               zero     0x2000'0114    0x32cc  USRAT.o [2]
  .bss               zero     0x2000'33e0    0x2e24  memp.o [13]
  .bss               zero     0x2000'6204    0x2814  mem.o [13]
  .bss               zero     0x2000'8a18    0x17d0  ethernetif.o [2]
  .bss               zero     0x2000'a1e8    0x17d0  ethernetif.o [2]
  .bss               zero     0x2000'b9b8     0x5cc  memp.o [13]
  .bss               zero     0x2000'bf84     0x44c  OLED_1in3_c_test.o [9]
  .bss               zero     0x2000'c3d0     0x400  udp_echoclient.o [2]
  .bss               zero     0x2000'c7d0     0x400  udp_echoclient.o [2]
  .bss               zero     0x2000'cbd0     0x400  USRAT.o [2]
  .bss               zero     0x2000'cfd0     0x200  main.o [2]
  .bss               zero     0x2000'd1d0     0x16c  memp.o [13]
  .bss               zero     0x2000'd33c     0x100  main.o [2]
  .bss               zero     0x2000'd43c     0x100  USRAT.o [2]
  .bss               zero     0x2000'd53c     0x100  USRAT.o [2]
  .bss               zero     0x2000'd63c     0x100  USRAT.o [2]
  .bss               zero     0x2000'd73c      0xf0  etharp.o [14]
  .bss               zero     0x2000'd82c      0xc4  memp.o [13]
  .bss               zero     0x2000'd8f0      0xa4  memp.o [13]
  .bss               zero     0x2000'd994      0xa4  memp.o [13]
  .bss               zero     0x2000'da38      0xa4  memp.o [13]
  .bss               zero     0x2000'dadc      0x94  main.o [2]
  .bss               zero     0x2000'db70      0x90  memp.o [13]
  .bss               zero     0x2000'dc00      0x84  memp.o [13]
  .bss               zero     0x2000'dc84      0x84  rand.o [16]
  .bss               zero     0x2000'dd08      0x80  ethernetif.o [2]
  .bss               zero     0x2000'dd88      0x80  ethernetif.o [2]
  .bss               zero     0x2000'de08      0x74  memp.o [13]
  .bss               zero     0x2000'de7c      0x60  main.o [2]
  .bss               zero     0x2000'dedc      0x60  main.o [2]
  .bss               zero     0x2000'df3c      0x60  USRAT.o [2]
  .bss               zero     0x2000'df9c      0x60  USRAT.o [2]
  .bss               zero     0x2000'dffc      0x54  I2C.o [2]
  .bss               zero     0x2000'e050      0x54  I2C.o [2]
  .bss               zero     0x2000'e0a4      0x48  ethernetif.o [2]
  .bss               zero     0x2000'e0ec      0x48  main.o [2]
  .bss               zero     0x2000'e134      0x48  main.o [2]
  .bss               zero     0x2000'e17c      0x40  USRAT.o [2]
  .bss               zero     0x2000'e1bc      0x40  USRAT.o [2]
  .bss               zero     0x2000'e1fc      0x40  USRAT.o [2]
  .bss               zero     0x2000'e23c      0x3c  Timer.o [2]
  .bss               zero     0x2000'e278      0x3c  Timer.o [2]
  .bss               zero     0x2000'e2b4      0x38  main.o [2]
  .bss               zero     0x2000'e2ec      0x28  dhcp.o [14]
  .bss               zero     0x2000'e314      0x28  main.o [2]
  .bss               zero     0x2000'e33c      0x28  USRAT.o [2]
  .bss               zero     0x2000'e364      0x28  USRAT.o [2]
  .bss               zero     0x2000'e38c      0x20  main.o [2]
  .bss               zero     0x2000'e3ac      0x20  stm32f4xx_hal_flash.o [7]
  .bss               zero     0x2000'e3cc      0x1c  main.o [2]
  .bss               zero     0x2000'e3e8      0x18  GUI_Paint.o [10]
  .bss               zero     0x2000'e400      0x18  ip.o [13]
  .bss               zero     0x2000'e418      0x14  Flash.o [2]
  .bss               zero     0x2000'e42c      0x14  Flash.o [2]
  .bss               zero     0x2000'e440      0x14  main.o [2]
  .bss               zero     0x2000'e454      0x14  main.o [2]
  .bss               zero     0x2000'e468      0x14  WWDG.o [2]
  .bss               zero     0x2000'e47c      0x10  ip4_addr.o [14]
  .bss               zero     0x2000'e48c      0x10  tcp_in.o [13]
  .bss               zero     0x2000'e49c       0xc  dhcp.o [14]
  .bss               zero     0x2000'e4a8       0xc  main.o [2]
  .bss               zero     0x2000'e4b4       0xc  main.o [2]
  .bss               zero     0x2000'e4c0       0x8  I2C.o [2]
  .bss               zero     0x2000'e4c8       0x8  USRAT.o [2]
  .bss               zero     0x2000'e4d0       0x4  app_ethernet.o [2]
  .bss               zero     0x2000'e4d4       0x4  dhcp.o [14]
  .bss               zero     0x2000'e4d8       0x4  dhcp.o [14]
  .bss               zero     0x2000'e4dc       0x4  Flash.o [2]
  .bss               zero     0x2000'e4e0       0x4  Flash.o [2]
  .bss               zero     0x2000'e4e4       0x4  Flash.o [2]
  .bss               zero     0x2000'e4e8       0x4  Flash.o [2]
  .bss               zero     0x2000'e4ec       0x4  Flash.o [2]
  .bss               zero     0x2000'e4f0       0x4  ip4_frag.o [14]
  .bss               zero     0x2000'e4f4       0x4  main.o [2]
  .bss               zero     0x2000'e4f8       0x4  main.o [2]
  .bss               zero     0x2000'e4fc       0x4  main.o [2]
  .bss               zero     0x2000'e500       0x4  main.o [2]
  .bss               zero     0x2000'e504       0x4  main.o [2]
  .bss               zero     0x2000'e508       0x4  main.o [2]
  .bss               zero     0x2000'e50c       0x4  main.o [2]
  .bss               zero     0x2000'e510       0x4  main.o [2]
  .bss               zero     0x2000'e514       0x4  main.o [2]
  .bss               zero     0x2000'e518       0x4  main.o [2]
  .bss               zero     0x2000'e51c       0x4  main.o [2]
  .bss               zero     0x2000'e520       0x4  main.o [2]
  .bss               zero     0x2000'e524       0x4  main.o [2]
  .bss               zero     0x2000'e528       0x4  main.o [2]
  .bss               zero     0x2000'e52c       0x4  main.o [2]
  .bss               zero     0x2000'e530       0x4  mem.o [13]
  .bss               zero     0x2000'e534       0x4  mem.o [13]
  .bss               zero     0x2000'e538       0x4  mem.o [13]
  .bss               zero     0x2000'e53c       0x4  memp.o [13]
  .bss               zero     0x2000'e540       0x4  memp.o [13]
  .bss               zero     0x2000'e544       0x4  memp.o [13]
  .bss               zero     0x2000'e548       0x4  memp.o [13]
  .bss               zero     0x2000'e54c       0x4  memp.o [13]
  .bss               zero     0x2000'e550       0x4  memp.o [13]
  .bss               zero     0x2000'e554       0x4  memp.o [13]
  .bss               zero     0x2000'e558       0x4  memp.o [13]
  .bss               zero     0x2000'e55c       0x4  memp.o [13]
  .bss               zero     0x2000'e560       0x4  memp.o [13]
  .bss               zero     0x2000'e564       0x4  netif.o [13]
  .bss               zero     0x2000'e568       0x4  netif.o [13]
  .bss               zero     0x2000'e56c       0x4  OLED_1in3_c_test.o [9]
  .bss               zero     0x2000'e570       0x4  OLED_1in3_c_test.o [9]
  .bss               zero     0x2000'e574       0x4  OLED_1in3_c_test.o [9]
  .bss               zero     0x2000'e578       0x4  raw.o [13]
  .bss               zero     0x2000'e57c       0x4  stm32f4xx_hal.o [7]
  .bss               zero     0x2000'e580       0x4  tcp.o [13]
  .bss               zero     0x2000'e584       0x4  tcp.o [13]
  .bss               zero     0x2000'e588       0x4  tcp.o [13]
  .bss               zero     0x2000'e58c       0x4  tcp.o [13]
  .bss               zero     0x2000'e590       0x4  tcp.o [13]
  .bss               zero     0x2000'e594       0x4  tcp_in.o [13]
  .bss               zero     0x2000'e598       0x4  tcp_in.o [13]
  .bss               zero     0x2000'e59c       0x4  tcp_in.o [13]
  .bss               zero     0x2000'e5a0       0x4  tcp_in.o [13]
  .bss               zero     0x2000'e5a4       0x4  tcp_in.o [13]
  .bss               zero     0x2000'e5a8       0x4  tcp_in.o [13]
  .bss               zero     0x2000'e5ac       0x4  timeouts.o [13]
  .bss               zero     0x2000'e5b0       0x4  timeouts.o [13]
  .bss               zero     0x2000'e5b4       0x4  timeouts.o [13]
  .bss               zero     0x2000'e5b8       0x4  Timer.o [2]
  .bss               zero     0x2000'e5bc       0x4  Timer.o [2]
  .bss               zero     0x2000'e5c0       0x4  Timer.o [2]
  .bss               zero     0x2000'e5c4       0x4  udp.o [13]
  .bss               zero     0x2000'e5c8       0x4  udp_echoclient.o [2]
  .bss               zero     0x2000'e5cc       0x4  udp_echoclient.o [2]
  .bss               zero     0x2000'e5d0       0x4  USRAT.o [2]
  .bss               zero     0x2000'e5d4       0x4  xfail_s.o [16]
  .bss               zero     0x2000'e5d8       0x2  debug_task.o [2]
  .bss               zero     0x2000'e5da       0x2  I2C.o [2]
  .bss               zero     0x2000'e5dc       0x2  I2C.o [2]
  .bss               zero     0x2000'e5de       0x2  I2C.o [2]
  .bss               zero     0x2000'e5e0       0x2  I2C.o [2]
  .bss               zero     0x2000'e5e2       0x2  I2C.o [2]
  .bss               zero     0x2000'e5e4       0x2  I2C.o [2]
  .bss               zero     0x2000'e5e6       0x2  ip4.o [14]
  .bss               zero     0x2000'e5e8       0x2  ip4_frag.o [14]
  .bss               zero     0x2000'e5ea       0x2  main.o [2]
  .bss               zero     0x2000'e5ec       0x2  main.o [2]
  .bss               zero     0x2000'e5ee       0x2  main.o [2]
  .bss               zero     0x2000'e5f0       0x2  main.o [2]
  .bss               zero     0x2000'e5f2       0x2  tcp_in.o [13]
  .bss               zero     0x2000'e5f4       0x2  tcp_in.o [13]
  .bss               zero     0x2000'e5f6       0x2  tcp_in.o [13]
  .bss               zero     0x2000'e5f8       0x2  tcp_in.o [13]
  .bss               zero     0x2000'e5fa       0x2  tcp_in.o [13]
  .bss               zero     0x2000'e5fc       0x2  udp.o [13]
  .bss               zero     0x2000'e5fe       0x1  debug_task.o [2]
  .bss               zero     0x2000'e5ff       0x1  debug_task.o [2]
  .bss               zero     0x2000'e600       0x1  debug_task.o [2]
  .bss               zero     0x2000'e601       0x1  debug_task.o [2]
  .bss               zero     0x2000'e602       0x1  debug_task.o [2]
  .bss               zero     0x2000'e603       0x1  debug_task.o [2]
  .bss               zero     0x2000'e604       0x1  debug_task.o [2]
  .bss               zero     0x2000'e605       0x1  debug_task.o [2]
  .bss               zero     0x2000'e606       0x1  dhcp.o [14]
  .bss               zero     0x2000'e607       0x1  etharp.o [14]
  .bss               zero     0x2000'e608       0x1  I2C.o [2]
  .bss               zero     0x2000'e609       0x1  I2C.o [2]
  .bss               zero     0x2000'e60a       0x1  I2C.o [2]
  .bss               zero     0x2000'e60b       0x1  main.o [2]
  .bss               zero     0x2000'e60c       0x1  main.o [2]
  .bss               zero     0x2000'e60d       0x1  main.o [2]
  .bss               zero     0x2000'e60e       0x1  main.o [2]
  .bss               zero     0x2000'e60f       0x1  main.o [2]
  .bss               zero     0x2000'e610       0x1  main.o [2]
  .bss               zero     0x2000'e611       0x1  main.o [2]
  .bss               zero     0x2000'e612       0x1  main.o [2]
  .bss               zero     0x2000'e613       0x1  main.o [2]
  .bss               zero     0x2000'e614       0x1  netif.o [13]
  .bss               zero     0x2000'e615       0x1  tcp.o [13]
  .bss               zero     0x2000'e616       0x1  tcp.o [13]
  .bss               zero     0x2000'e617       0x1  tcp.o [13]
  .bss               zero     0x2000'e618       0x1  tcp_in.o [13]
  .bss               zero     0x2000'e619       0x1  tcp_in.o [13]
  .bss               zero     0x2000'e61a       0x1  udp_echoclient.o [2]
  .bss               zero     0x2000'e61b       0x1  udp_echoclient.o [2]
                            - 0x2000'e61c    0xe508

"P2", part 3 of 3:                           0x2000
  CSTACK                      0x2000'e620    0x2000  <Block>
    CSTACK           uninit   0x2000'e620    0x2000  <Block tail>
                            - 0x2001'0620    0x2000

Unused ranges:

         From           To      Size
         ----           --      ----
   0x802'59dc   0x80f'ffff  0xd'a624
  0x2000'e61c  0x2000'e61f       0x4
  0x2001'0620  0x2001'ffff    0xf9e0


*******************************************************************************
*** INIT TABLE
***

          Address      Size
          -------      ----
Zero (__iar_zero_init3)
    1 destination range, total size 0xe508:
          0x2000'0114  0xe508

Copy/packbits (__iar_packbits_init_single3)
    1 source range, total size 0x94 (53% of destination):
           0x802'5948    0x94
    1 destination range, total size 0x114:
          0x2000'0000   0x114



*******************************************************************************
*** MODULE SUMMARY
***

    Module                    ro code  ro data  rw data
    ------                    -------  -------  -------
command line/config:
    ---------------------------------------------------
    Total:

C:\D\Git_Hub\LEDC-B1\File\EWARM\STM324xG_EVAL\Obj\Application\EWARM: [1]
    startup_stm32f407xx.o         672
    ---------------------------------------------------
    Total:                        672

C:\D\Git_Hub\LEDC-B1\File\EWARM\STM324xG_EVAL\Obj\Application\User: [2]
    AmpGpio.o                     688
    Flash.o                       660       80      166
    I2C.o                       4'384    1'314      195
    Timer.o                       244               132
    USRAT.o                     1'352        8   15'272
    WWDG.o                        182       40       20
    app_ethernet.o                504      349        5
    debug_task.o                  732       56       10
    ethernetif.o                1'656       44   12'520
    main.o                      4'642    1'041    1'602
    stm32f4xx_hal_msp.o           784
    stm32f4xx_it.o                128
    udp_echoclient.o              756      157    2'060
    ---------------------------------------------------
    Total:                     16'712    3'089   31'982

C:\D\Git_Hub\LEDC-B1\File\EWARM\STM324xG_EVAL\Obj\Application\Utilities\Fonts: [3]
    font12.o                             1'145        8
    font16.o                             3'044        8
    font8.o                                764        8
    ---------------------------------------------------
    Total:                               4'953       24

C:\D\Git_Hub\LEDC-B1\File\EWARM\STM324xG_EVAL\Obj\Drivers\BSP\Components: [4]
    ---------------------------------------------------
    Total:

C:\D\Git_Hub\LEDC-B1\File\EWARM\STM324xG_EVAL\Obj\Drivers\BSP\STM324xG_EVAL: [5]
    ---------------------------------------------------
    Total:

C:\D\Git_Hub\LEDC-B1\File\EWARM\STM324xG_EVAL\Obj\Drivers\CMSIS: [6]
    system_stm32f4xx.o            100       26        4
    ---------------------------------------------------
    Total:                        100       26        4

C:\D\Git_Hub\LEDC-B1\File\EWARM\STM324xG_EVAL\Obj\Drivers\STM32F4xx_HAL_Driver: [7]
    stm32f4xx_hal.o               156                 4
    stm32f4xx_hal_adc.o         1'406
    stm32f4xx_hal_cortex.o        432
    stm32f4xx_hal_dma.o         1'368        8
    stm32f4xx_hal_eth.o         3'140
    stm32f4xx_hal_flash.o         504                32
    stm32f4xx_hal_flash_ex.o      404
    stm32f4xx_hal_gpio.o          656
    stm32f4xx_hal_i2c.o         6'856
    stm32f4xx_hal_rcc.o         1'608
    stm32f4xx_hal_rcc_ex.o        348
    stm32f4xx_hal_rtc.o         1'708
    stm32f4xx_hal_rtc_ex.o          2
    stm32f4xx_hal_tim.o           740
    stm32f4xx_hal_tim_ex.o          4
    stm32f4xx_hal_uart.o        1'748
    stm32f4xx_hal_wwdg.o           94
    ---------------------------------------------------
    Total:                     21'174        8       36

C:\D\Git_Hub\LEDC-B1\File\EWARM\STM324xG_EVAL\Obj\Drivers\display\Config: [8]
    DEV_Config.o                   88       36
    ---------------------------------------------------
    Total:                         88       36

C:\D\Git_Hub\LEDC-B1\File\EWARM\STM324xG_EVAL\Obj\Drivers\display\Example: [9]
    OLED_1in3_c_test.o            720      180    1'112
    ---------------------------------------------------
    Total:                        720      180    1'112

C:\D\Git_Hub\LEDC-B1\File\EWARM\STM324xG_EVAL\Obj\Drivers\display\GUI: [10]
    GUI_Paint.o                 1'644                24
    ---------------------------------------------------
    Total:                      1'644                24

C:\D\Git_Hub\LEDC-B1\File\EWARM\STM324xG_EVAL\Obj\Drivers\display\OLED: [11]
    OLED_1in3_c.o                 452
    ---------------------------------------------------
    Total:                        452

C:\D\Git_Hub\LEDC-B1\File\EWARM\STM324xG_EVAL\Obj\Middlewares\LwIP\Api: [12]
    ---------------------------------------------------
    Total:

C:\D\Git_Hub\LEDC-B1\File\EWARM\STM324xG_EVAL\Obj\Middlewares\LwIP\Core: [13]
    def.o                          44
    inet_chksum.o                 202
    init.o                         28
    ip.o                                             24
    mem.o                         816            10'272
    memp.o                        188      160   14'780
    netif.o                       546                 9
    pbuf.o                      1'714
    raw.o                         276                 4
    tcp.o                       3'386    1'251       27
    tcp_in.o                    4'936                52
    tcp_out.o                   2'316
    timeouts.o                    488       40       12
    udp.o                       2'424      305        8
    ---------------------------------------------------
    Total:                     17'364    1'756   25'188

C:\D\Git_Hub\LEDC-B1\File\EWARM\STM324xG_EVAL\Obj\Middlewares\LwIP\Core\IPv4: [14]
    dhcp.o                      4'754        2       65
    etharp.o                    2'476               241
    icmp.o                        646
    ip4.o                       1'000                 2
    ip4_addr.o                    272        8       16
    ip4_frag.o                  1'888                 6
    ---------------------------------------------------
    Total:                     11'036       10      330

C:\D\Git_Hub\LEDC-B1\File\EWARM\STM324xG_EVAL\Obj\Middlewares\LwIP\Netif: [15]
    ethernet.o                    326       16
    ---------------------------------------------------
    Total:                        326       16

dl7M_tlf.a: [16]
    XShttio.o                       8        4        8
    abort.o                         6
    exit.o                          4
    low_level_init.o                4
    rand.o                        156        4      140
    sprintf.o                      64
    strncmp.o                      42
    vsprintf.o                     52
    xfail_s.o                      64                 4
    xlocale_c.o                     8       33       56
    xprintffull_nomb.o          3'754
    xsprout.o                      10
    ---------------------------------------------------
    Total:                      4'172       41      208

m7M_tls.a: [17]
    DblAddSub.o                   606
    DblCmpGe.o                     52
    DblCmpLe.o                     52
    DblDiv.o                      582
    DblMul.o                      426
    DblToFlt.o                    104
    DblToS32.o                     54
    DblToU32.o                     34
    FltToDbl.o                     72
    S32ToDbl.o                     34
    U32ToDbl.o                     28
    fpinit_M.o                     34
    frexp.o                       112
    ldexp.o                       314
    ---------------------------------------------------
    Total:                      2'504

rt7M_tl.a: [18]
    ABImemcpy.o                   166
    ABImemset.o                   102
    I64DivMod.o                   560
    I64DivZer.o                     2
    cexit.o                        10
    cmain.o                        30
    cstartup_M.o                   28
    data_init.o                    40
    memchr.o                       88
    memcmp.o                      104
    packbits_init_single.o         58
    strchr.o                       22
    strlen.o                       54
    zero_init3.o                   56
    ---------------------------------------------------
    Total:                      1'320

shb_l.a: [19]
    exit.o                         20
    iarttio.o                      44
    ---------------------------------------------------
    Total:                         64

    Gaps                           41        4
    Linker created                          32    8'192
-------------------------------------------------------
    Grand Total:               78'389   10'151   67'100


*******************************************************************************
*** ENTRY LIST
***

Entry                       Address    Size  Type      Object
-----                       -------    ----  ----      ------
.iar.init_table$$Base    0x802'4ebc           --   Gb  - Linker created -
.iar.init_table$$Limit   0x802'4edc           --   Gb  - Linker created -
?main                    0x802'503d          Code  Gb  cmain.o [18]
ADCValue1               0x2000'e4a8     0xc  Data  Gb  main.o [2]
ADCValue3               0x2000'e4b4     0xc  Data  Gb  main.o [2]
ADC_DMAConvCplt          0x801'73ed    0x6c  Code  Lc  stm32f4xx_hal_adc.o [7]
ADC_DMAError             0x801'7469    0x1a  Code  Lc  stm32f4xx_hal_adc.o [7]
ADC_DMAHalfConvCplt      0x801'7459     0xe  Code  Lc  stm32f4xx_hal_adc.o [7]
ADC_IRQHandler           0x802'5885          Code  Wk  startup_stm32f407xx.o [1]
ADC_Init                 0x801'7275   0x15e  Code  Lc  stm32f4xx_hal_adc.o [7]
AHBPrescTable            0x802'5540    0x10  Data  Gb  system_stm32f4xx.o [6]
AMP_FAULT                0x801'5c59   0x2b6  Code  Gb  I2C.o [2]
AMP_FAULT::sAmpRestCnt  0x2000'e609     0x1  Data  Lc  I2C.o [2]
AMP_Init                 0x801'5847   0x11c  Code  Gb  I2C.o [2]
AMP_Init::__func__       0x802'55dc     0xc  Data  Lc  I2C.o [2]
AMP_Mute_OFF             0x801'5963    0x70  Code  Gb  I2C.o [2]
AMP_Mute_ON              0x801'5adf   0x15c  Code  Gb  I2C.o [2]
AMP_PowOn_Check          0x801'59d3   0x10c  Code  Gb  I2C.o [2]
AMP_PowOn_Check::__func__
                         0x802'54d0    0x10  Data  Lc  I2C.o [2]
AMP_PowOn_Check::sPowerStandBy
                        0x2000'e608     0x1  Data  Lc  I2C.o [2]
AMP_SPK_CHECK            0x801'5f79   0x2c0  Code  Gb  I2C.o [2]
AMP_SPK_CHECK::sPlayReadData
                        0x2000'e4c0     0x8  Data  Lc  I2C.o [2]
AMP_SPK_CHECK::sSpkPlayCnt
                        0x2000'e5e4     0x2  Data  Lc  I2C.o [2]
AMP_SPK_CHECK::sSpkPlayModeFlag
                        0x2000'e60a     0x1  Data  Lc  I2C.o [2]
ANS_AdcCH1_Data         0x2000'e5ec     0x2  Data  Gb  main.o [2]
ANS_AdcCPU_Data         0x2000'e5f0     0x2  Data  Gb  main.o [2]
APBPrescTable            0x802'57e0     0x8  Data  Gb  system_stm32f4xx.o [6]
AUDIO_AMP_Boot_Set       0x801'456d    0xda  Code  Gb  main.o [2]
AdcHandle1              0x2000'e0ec    0x48  Data  Gb  main.o [2]
AdcHandle3              0x2000'e134    0x48  Data  Gb  main.o [2]
BCD_BIN                  0x801'4cbb    0x40  Code  Gb  USRAT.o [2]
BIN_BCD                  0x801'4cfb    0x54  Code  Gb  USRAT.o [2]
BSP_Config               0x801'38cb   0x37a  Code  Lc  main.o [2]
BlackImage              0x2000'e570     0x4  Data  Gb  OLED_1in3_c_test.o [9]
BootFlashReadAddress    0x2000'e4ec     0x4  Data  Gb  Flash.o [2]
BusFault_Handler         0x802'42af     0x2  Code  Gb  stm32f4xx_it.o [2]
CAN1_RX0_IRQHandler      0x802'588d          Code  Wk  startup_stm32f407xx.o [1]
CAN1_RX1_IRQHandler      0x802'5891          Code  Wk  startup_stm32f407xx.o [1]
CAN1_SCE_IRQHandler      0x802'5895          Code  Wk  startup_stm32f407xx.o [1]
CAN1_TX_IRQHandler       0x802'5889          Code  Wk  startup_stm32f407xx.o [1]
CAN2_RX0_IRQHandler      0x802'5905          Code  Wk  startup_stm32f407xx.o [1]
CAN2_RX1_IRQHandler      0x802'5909          Code  Wk  startup_stm32f407xx.o [1]
CAN2_SCE_IRQHandler      0x802'590d          Code  Wk  startup_stm32f407xx.o [1]
CAN2_TX_IRQHandler       0x802'5901          Code  Wk  startup_stm32f407xx.o [1]
CSTACK$$Base            0x2000'e620           --   Gb  - Linker created -
CSTACK$$Limit           0x2001'0620           --   Gb  - Linker created -
ConvAsc2Hex              0x801'4d4f    0x54  Code  Gb  USRAT.o [2]
DCMI_IRQHandler          0x802'593d          Code  Wk  startup_stm32f407xx.o [1]
DHCP_Periodic_Handle     0x801'5163    0x22  Code  Gb  app_ethernet.o [2]
DHCP_Process             0x801'503d   0x126  Code  Gb  app_ethernet.o [2]
DHCP_state              0x2000'0112     0x1  Data  Gb  app_ethernet.o [2]
DHCPfineTimer           0x2000'e4d0     0x4  Data  Gb  app_ethernet.o [2]
DMA1_Stream0_IRQHandler
                         0x802'5871          Code  Wk  startup_stm32f407xx.o [1]
DMA1_Stream1_IRQHandler
                         0x802'5875          Code  Wk  startup_stm32f407xx.o [1]
DMA1_Stream2_IRQHandler
                         0x801'4b8b     0xc  Code  Gb  USRAT.o [2]
DMA1_Stream3_IRQHandler
                         0x802'5879          Code  Wk  startup_stm32f407xx.o [1]
DMA1_Stream4_IRQHandler
                         0x801'4b97     0xc  Code  Gb  USRAT.o [2]
DMA1_Stream5_IRQHandler
                         0x802'587d          Code  Wk  startup_stm32f407xx.o [1]
DMA1_Stream6_IRQHandler
                         0x802'5881          Code  Wk  startup_stm32f407xx.o [1]
DMA1_Stream7_IRQHandler
                         0x802'58d1          Code  Wk  startup_stm32f407xx.o [1]
DMA2_Stream0_IRQHandler
                         0x802'42fb     0xc  Code  Gb  stm32f4xx_it.o [2]
DMA2_Stream1_IRQHandler
                         0x802'58ed          Code  Wk  startup_stm32f407xx.o [1]
DMA2_Stream2_IRQHandler
                         0x802'58f1          Code  Wk  startup_stm32f407xx.o [1]
DMA2_Stream3_IRQHandler
                         0x802'58f5          Code  Wk  startup_stm32f407xx.o [1]
DMA2_Stream4_IRQHandler
                         0x802'4307     0xc  Code  Gb  stm32f4xx_it.o [2]
DMA2_Stream5_IRQHandler
                         0x802'5915          Code  Wk  startup_stm32f407xx.o [1]
DMA2_Stream6_IRQHandler
                         0x802'5919          Code  Wk  startup_stm32f407xx.o [1]
DMA2_Stream7_IRQHandler
                         0x802'591d          Code  Wk  startup_stm32f407xx.o [1]
DMARxDscrTab            0x2000'dd08    0x80  Data  Gb  ethernetif.o [2]
DMATxDscrTab            0x2000'dd88    0x80  Data  Gb  ethernetif.o [2]
DMA_CalcBaseAndBitshift
                         0x801'2659    0x30  Code  Lc  stm32f4xx_hal_dma.o [7]
DMA_CalcBaseAndBitshift::flagBitshiftOffset
                         0x802'57d8     0x8  Data  Lc  stm32f4xx_hal_dma.o [7]
DMA_CheckFifoParam       0x801'269d    0x9c  Code  Lc  stm32f4xx_hal_dma.o [7]
DMA_SetConfig            0x801'262b    0x2e  Code  Lc  stm32f4xx_hal_dma.o [7]
DP_RING_BUF_POP          0x801'4ec9    0x5a  Code  Gb  USRAT.o [2]
DP_RING_BUF_PUSH         0x801'4e03    0xc6  Code  Gb  USRAT.o [2]
DebugMon_Handler         0x802'42b3     0x2  Code  Gb  stm32f4xx_it.o [2]
Driver_Delay_ms          0x801'c905     0xc  Code  Gb  DEV_Config.o [8]
ETH_DMAReceptionDisable
                         0x801'ea5f    0x12  Code  Lc  stm32f4xx_hal_eth.o [7]
ETH_DMAReceptionEnable   0x801'ea4d    0x12  Code  Lc  stm32f4xx_hal_eth.o [7]
ETH_DMATransmissionDisable
                         0x801'ea3b    0x12  Code  Lc  stm32f4xx_hal_eth.o [7]
ETH_DMATransmissionEnable
                         0x801'ea29    0x12  Code  Lc  stm32f4xx_hal_eth.o [7]
ETH_Delay                0x801'ea9d    0x26  Code  Lc  stm32f4xx_hal_eth.o [7]
ETH_FlushTransmitFIFO    0x801'ea71    0x2c  Code  Lc  stm32f4xx_hal_eth.o [7]
ETH_IRQHandler           0x802'58f9          Code  Wk  startup_stm32f407xx.o [1]
ETH_MACAddressConfig     0x801'e94f    0x2e  Code  Lc  stm32f4xx_hal_eth.o [7]
ETH_MACDMAConfig         0x801'e70b   0x244  Code  Lc  stm32f4xx_hal_eth.o [7]
ETH_MACReceptionDisable
                         0x801'ea01    0x28  Code  Lc  stm32f4xx_hal_eth.o [7]
ETH_MACReceptionEnable   0x801'e9d9    0x28  Code  Lc  stm32f4xx_hal_eth.o [7]
ETH_MACTransmissionDisable
                         0x801'e9b1    0x28  Code  Lc  stm32f4xx_hal_eth.o [7]
ETH_MACTransmissionEnable
                         0x801'e989    0x28  Code  Lc  stm32f4xx_hal_eth.o [7]
ETH_WKUP_IRQHandler      0x802'58fd          Code  Wk  startup_stm32f407xx.o [1]
EXTI0_IRQHandler         0x802'585d          Code  Wk  startup_stm32f407xx.o [1]
EXTI15_10_IRQHandler     0x802'42c7     0xc  Code  Gb  stm32f4xx_it.o [2]
EXTI1_IRQHandler         0x802'5861          Code  Wk  startup_stm32f407xx.o [1]
EXTI2_IRQHandler         0x802'5865          Code  Wk  startup_stm32f407xx.o [1]
EXTI3_IRQHandler         0x802'5869          Code  Wk  startup_stm32f407xx.o [1]
EXTI4_IRQHandler         0x802'586d          Code  Wk  startup_stm32f407xx.o [1]
EXTI9_5_IRQHandler       0x802'5899          Code  Wk  startup_stm32f407xx.o [1]
EraseInitStruct         0x2000'e418    0x14  Data  Lc  Flash.o [2]
Error_Handler            0x801'4779     0x2  Code  Gb  main.o [2]
EthHandle               0x2000'e0a4    0x48  Data  Gb  ethernetif.o [2]
FLASH_Erase_Sector       0x801'92d9    0x64  Code  Gb  stm32f4xx_hal_flash_ex.o [7]
FLASH_FlushCaches        0x801'933d    0x50  Code  Gb  stm32f4xx_hal_flash_ex.o [7]
FLASH_IRQHandler         0x802'5855          Code  Wk  startup_stm32f407xx.o [1]
FLASH_MassErase          0x801'92b1    0x28  Code  Lc  stm32f4xx_hal_flash_ex.o [7]
FLASH_Program_Byte       0x801'9143    0x1a  Code  Lc  stm32f4xx_hal_flash.o [7]
FLASH_Program_DoubleWord
                         0x801'90e1    0x26  Code  Lc  stm32f4xx_hal_flash.o [7]
FLASH_Program_HalfWord   0x801'9125    0x1e  Code  Lc  stm32f4xx_hal_flash.o [7]
FLASH_Program_Word       0x801'9107    0x1e  Code  Lc  stm32f4xx_hal_flash.o [7]
FLASH_Read_Len           0x801'48b9    0x30  Code  Gb  Flash.o [2]
FLASH_SetErrorCode       0x801'915d    0x68  Code  Lc  stm32f4xx_hal_flash.o [7]
FLASH_WaitForLastOperation
                         0x801'9091    0x50  Code  Gb  stm32f4xx_hal_flash.o [7]
FPU_IRQHandler           0x802'5945          Code  Wk  startup_stm32f407xx.o [1]
FSMC_IRQHandler          0x802'58d5          Code  Wk  startup_stm32f407xx.o [1]
FirstSector             0x2000'e4dc     0x4  Data  Gb  Flash.o [2]
Flag                    0x2000'e61a     0x1  Data  Gb  udp_echoclient.o [2]
FlashAddressPosion      0x2000'e4e4     0x4  Data  Gb  Flash.o [2]
Flash_Errase             0x801'48e9    0x14  Code  Gb  Flash.o [2]
Flash_Error_Handler      0x801'4a2b     0x2  Code  Lc  Flash.o [2]
Flash_Init               0x801'4799    0x3e  Code  Gb  Flash.o [2]
Flash_Main               0x801'47d7    0x3c  Code  Gb  Flash.o [2]
Flash_TIM                0x801'4813    0x18  Code  Gb  Flash.o [2]
Flash_Write              0x801'482b    0x8e  Code  Gb  Flash.o [2]
Font12                  0x2000'006c     0x8  Data  Gb  font12.o [3]
Font12_Table             0x802'3b3c   0x474  Data  Gb  font12.o [3]
Font16                  0x2000'0074     0x8  Data  Gb  font16.o [3]
Font16_Table             0x802'2f5c   0xbe0  Data  Gb  font16.o [3]
Font8                   0x2000'007c     0x8  Data  Gb  font8.o [3]
Font8_Table              0x802'3fb0   0x2f8  Data  Gb  font8.o [3]
GetSector                0x801'48fd    0xa4  Code  Lc  Flash.o [2]
GetSectorSize            0x801'4a01    0x2a  Code  Lc  Flash.o [2]
HAL_ADC_ConfigChannel    0x801'70f9   0x17c  Code  Gb  stm32f4xx_hal_adc.o [7]
HAL_ADC_ConvCpltCallback
                         0x801'4465    0xf2  Code  Gb  main.o [2]
HAL_ADC_ConvHalfCpltCallback
                         0x801'f19f     0x2  Code  Wk  stm32f4xx_hal_adc.o [7]
HAL_ADC_ErrorCallback    0x801'f1a1     0x2  Code  Wk  stm32f4xx_hal_adc.o [7]
HAL_ADC_Init             0x801'6f09    0x64  Code  Gb  stm32f4xx_hal_adc.o [7]
HAL_ADC_MspInit          0x801'1e17    0xf2  Code  Gb  stm32f4xx_hal_msp.o [2]
HAL_ADC_Start_DMA        0x801'6f6d   0x128  Code  Gb  stm32f4xx_hal_adc.o [7]
HAL_ADC_Stop_DMA         0x801'7095    0x64  Code  Gb  stm32f4xx_hal_adc.o [7]
HAL_DMA_Abort            0x801'235b    0x9c  Code  Gb  stm32f4xx_hal_dma.o [7]
HAL_DMA_Abort_IT         0x801'23f7    0x28  Code  Gb  stm32f4xx_hal_dma.o [7]
HAL_DMA_IRQHandler       0x801'241f   0x20c  Code  Gb  stm32f4xx_hal_dma.o [7]
HAL_DMA_Init             0x801'21e1    0xe2  Code  Gb  stm32f4xx_hal_dma.o [7]
HAL_DMA_Start_IT         0x801'22c3    0x98  Code  Gb  stm32f4xx_hal_dma.o [7]
HAL_Delay                0x801'477b    0x1e  Code  Wk  stm32f4xx_hal.o [7]
HAL_ETH_ConfigMAC        0x801'e5b1   0x15a  Code  Gb  stm32f4xx_hal_eth.o [7]
HAL_ETH_DMARxDescListInit
                         0x801'e191    0x82  Code  Gb  stm32f4xx_hal_eth.o [7]
HAL_ETH_DMATxDescListInit
                         0x801'e115    0x7c  Code  Gb  stm32f4xx_hal_eth.o [7]
HAL_ETH_GetReceivedFrame
                         0x801'e349    0xa0  Code  Gb  stm32f4xx_hal_eth.o [7]
HAL_ETH_Init             0x801'dea9   0x26c  Code  Gb  stm32f4xx_hal_eth.o [7]
HAL_ETH_MspInit          0x801'66a9   0x166  Code  Gb  ethernetif.o [2]
HAL_ETH_ReadPHYRegister
                         0x801'e3e9    0x9a  Code  Gb  stm32f4xx_hal_eth.o [7]
HAL_ETH_Start            0x801'e51d    0x4a  Code  Gb  stm32f4xx_hal_eth.o [7]
HAL_ETH_Stop             0x801'e567    0x4a  Code  Gb  stm32f4xx_hal_eth.o [7]
HAL_ETH_TransmitFrame    0x801'e213   0x136  Code  Gb  stm32f4xx_hal_eth.o [7]
HAL_ETH_WritePHYRegister
                         0x801'e483    0x9a  Code  Gb  stm32f4xx_hal_eth.o [7]
HAL_FLASHEx_Erase        0x801'9209    0xa8  Code  Gb  stm32f4xx_hal_flash_ex.o [7]
HAL_FLASH_Program        0x801'8fe5    0x92  Code  Gb  stm32f4xx_hal_flash.o [7]
HAL_FLASH_Unlock         0x801'9077    0x1a  Code  Gb  stm32f4xx_hal_flash.o [7]
HAL_GPIO_EXTI_Callback   0x801'3cb7    0x18  Code  Gb  main.o [2]
HAL_GPIO_EXTI_IRQHandler
                         0x801'3345    0x20  Code  Gb  stm32f4xx_hal_gpio.o [7]
HAL_GPIO_Init            0x801'3111   0x1f8  Code  Gb  stm32f4xx_hal_gpio.o [7]
HAL_GPIO_ReadPin         0x801'3309    0x16  Code  Gb  stm32f4xx_hal_gpio.o [7]
HAL_GPIO_TogglePin       0x801'3339     0xc  Code  Gb  stm32f4xx_hal_gpio.o [7]
HAL_GPIO_WritePin        0x801'331f    0x1a  Code  Gb  stm32f4xx_hal_gpio.o [7]
HAL_GetREVID             0x801'4f9d     0x8  Code  Gb  stm32f4xx_hal.o [7]
HAL_GetTick              0x801'21c5     0xc  Code  Wk  stm32f4xx_hal.o [7]
HAL_I2C_AbortCpltCallback
                         0x801'2739     0x2  Code  Wk  stm32f4xx_hal_i2c.o [7]
HAL_I2C_AddrCallback     0x801'21dd     0x2  Code  Wk  stm32f4xx_hal_i2c.o [7]
HAL_I2C_ER_IRQHandler    0x801'0ad5    0xea  Code  Gb  stm32f4xx_hal_i2c.o [7]
HAL_I2C_EV_IRQHandler    0x801'0985   0x150  Code  Gb  stm32f4xx_hal_i2c.o [7]
HAL_I2C_ErrorCallback    0x801'273b     0x2  Code  Wk  stm32f4xx_hal_i2c.o [7]
HAL_I2C_GetState         0x801'0bbf     0x6  Code  Gb  stm32f4xx_hal_i2c.o [7]
HAL_I2C_Init             0x801'0189   0x122  Code  Gb  stm32f4xx_hal_i2c.o [7]
HAL_I2C_ListenCpltCallback
                         0x801'21df     0x2  Code  Wk  stm32f4xx_hal_i2c.o [7]
HAL_I2C_MasterRxCpltCallback
                         0x801'21d7     0x2  Code  Wk  stm32f4xx_hal_i2c.o [7]
HAL_I2C_MasterTxCpltCallback
                         0x801'21d1     0x2  Code  Wk  stm32f4xx_hal_i2c.o [7]
HAL_I2C_Master_Transmit
                         0x801'02ab   0x146  Code  Gb  stm32f4xx_hal_i2c.o [7]
HAL_I2C_Master_Transmit_IT
                         0x801'03f1    0xce  Code  Gb  stm32f4xx_hal_i2c.o [7]
HAL_I2C_MemRxCpltCallback
                         0x801'21d5     0x2  Code  Wk  stm32f4xx_hal_i2c.o [7]
HAL_I2C_MemTxCpltCallback
                         0x801'21d3     0x2  Code  Wk  stm32f4xx_hal_i2c.o [7]
HAL_I2C_Mem_Read         0x801'065d   0x31e  Code  Gb  stm32f4xx_hal_i2c.o [7]
HAL_I2C_Mem_Write        0x801'04d1   0x18c  Code  Gb  stm32f4xx_hal_i2c.o [7]
HAL_I2C_MspInit          0x801'1d15   0x102  Code  Gb  stm32f4xx_hal_msp.o [2]
HAL_I2C_SlaveRxCpltCallback
                         0x801'21db     0x2  Code  Wk  stm32f4xx_hal_i2c.o [7]
HAL_I2C_SlaveTxCpltCallback
                         0x801'21d9     0x2  Code  Wk  stm32f4xx_hal_i2c.o [7]
HAL_IncTick              0x802'4329    0x10  Code  Wk  stm32f4xx_hal.o [7]
HAL_Init                 0x801'4f75    0x28  Code  Gb  stm32f4xx_hal.o [7]
HAL_InitTick             0x801'3425    0x28  Code  Wk  stm32f4xx_hal.o [7]
HAL_MspInit              0x801'9b83     0x2  Code  Wk  stm32f4xx_hal.o [7]
HAL_NVIC_ClearPendingIRQ
                         0x801'28b7     0xe  Code  Gb  stm32f4xx_hal_cortex.o [7]
HAL_NVIC_EnableIRQ       0x801'2895     0xe  Code  Gb  stm32f4xx_hal_cortex.o [7]
HAL_NVIC_SetPriority     0x801'286b    0x2a  Code  Gb  stm32f4xx_hal_cortex.o [7]
HAL_NVIC_SetPriorityGrouping
                         0x801'285f     0xc  Code  Gb  stm32f4xx_hal_cortex.o [7]
HAL_NVIC_SystemReset     0x801'28a3     0x8  Code  Gb  stm32f4xx_hal_cortex.o [7]
HAL_RCCEx_PeriphCLKConfig
                         0x801'2f15   0x136  Code  Gb  stm32f4xx_hal_rcc_ex.o [7]
HAL_RCC_ClockConfig      0x801'1f4d   0x180  Code  Gb  stm32f4xx_hal_rcc.o [7]
HAL_RCC_GetHCLKFreq      0x801'216b     0x6  Code  Gb  stm32f4xx_hal_rcc.o [7]
HAL_RCC_GetPCLK1Freq     0x801'2171    0x18  Code  Gb  stm32f4xx_hal_rcc.o [7]
HAL_RCC_GetPCLK2Freq     0x801'2189    0x18  Code  Gb  stm32f4xx_hal_rcc.o [7]
HAL_RCC_GetSysClockFreq
                         0x801'33a1    0x84  Code  Wk  stm32f4xx_hal_rcc.o [7]
HAL_RCC_MCOConfig        0x801'20cd    0x9e  Code  Gb  stm32f4xx_hal_rcc.o [7]
HAL_RCC_OscConfig        0x801'2bc9   0x34c  Code  Wk  stm32f4xx_hal_rcc.o [7]
HAL_RTCEx_AlarmBEventCallback
                         0x801'fc65     0x2  Code  Wk  stm32f4xx_hal_rtc_ex.o [7]
HAL_RTC_AlarmAEventCallback
                         0x801'42ff    0x1e  Code  Gb  main.o [2]
HAL_RTC_AlarmIRQHandler
                         0x801'80f3    0x5e  Code  Gb  stm32f4xx_hal_rtc.o [7]
HAL_RTC_GetDate          0x801'7e99    0x54  Code  Gb  stm32f4xx_hal_rtc.o [7]
HAL_RTC_GetTime          0x801'7d27    0x68  Code  Gb  stm32f4xx_hal_rtc.o [7]
HAL_RTC_Init             0x801'7b61    0xac  Code  Gb  stm32f4xx_hal_rtc.o [7]
HAL_RTC_MspInit          0x801'1ccf    0x46  Code  Gb  stm32f4xx_hal_msp.o [2]
HAL_RTC_SetAlarm_IT      0x801'7eed   0x206  Code  Gb  stm32f4xx_hal_rtc.o [7]
HAL_RTC_SetDate          0x801'7d8f   0x10a  Code  Gb  stm32f4xx_hal_rtc.o [7]
HAL_RTC_SetTime          0x801'7c0d   0x11a  Code  Gb  stm32f4xx_hal_rtc.o [7]
HAL_RTC_WaitForSynchro   0x801'816d    0x36  Code  Gb  stm32f4xx_hal_rtc.o [7]
HAL_SYSTICK_Config       0x801'28ab     0xc  Code  Gb  stm32f4xx_hal_cortex.o [7]
HAL_TIMEx_BreakCallback
                         0x801'3551     0x2  Code  Wk  stm32f4xx_hal_tim_ex.o [7]
HAL_TIMEx_CommutationCallback
                         0x801'3555     0x2  Code  Wk  stm32f4xx_hal_tim_ex.o [7]
HAL_TIM_Base_Init        0x801'28ed    0x38  Code  Gb  stm32f4xx_hal_tim.o [7]
HAL_TIM_Base_MspInit     0x801'1c3d    0x92  Code  Gb  stm32f4xx_hal_msp.o [2]
HAL_TIM_Base_Start_IT    0x801'2925    0x1e  Code  Gb  stm32f4xx_hal_tim.o [7]
HAL_TIM_IC_CaptureCallback
                         0x801'344d     0x2  Code  Wk  stm32f4xx_hal_tim.o [7]
HAL_TIM_IRQHandler       0x801'2943   0x176  Code  Gb  stm32f4xx_hal_tim.o [7]
HAL_TIM_OC_DelayElapsedCallback
                         0x801'344f     0x2  Code  Wk  stm32f4xx_hal_tim.o [7]
HAL_TIM_PWM_PulseFinishedCallback
                         0x801'3451     0x2  Code  Wk  stm32f4xx_hal_tim.o [7]
HAL_TIM_PeriodElapsedCallback
[...]
lwip_standard_chksum     0x802'2677    0x6e  Code  Gb  inet_chksum.o [13]
mAlarmAEventCallback_Flag
                        0x2000'0113     0x1  Data  Gb  main.o [2]
mAnsSetFlag             0x2000'e5ee     0x2  Data  Gb  main.o [2]
mChen                   0x2000'e5d0     0x4  Data  Gb  USRAT.o [2]
mDI_CheckFlag           0x2000'e60e     0x1  Data  Gb  main.o [2]
mEthernet_Tx_struct     0x2000'e3cc    0x1c  Data  Gb  main.o [2]
mFLASH_TIM_Cnt          0x2000'0004     0x4  Data  Gb  Flash.o [2]
mFlashMemoySaveBuf      0x2000'0008    0x64  Data  Gb  Flash.o [2]
mFlashSaveCnt           0x2000'010c     0x2  Data  Gb  Flash.o [2]
mLCDPrintBuf            0x2000'cfd0   0x200  Data  Gb  main.o [2]
mLCDPrintBuf_2          0x2000'd33c   0x100  Data  Gb  main.o [2]
mLed_Process_Flag       0x2000'dadc    0x94  Data  Gb  main.o [2]
mTimerFlag_10s          0x2000'e60d     0x1  Data  Gb  main.o [2]
mUSART_GetRXBuf_1ch     0x2000'e4c8     0x8  Data  Gb  USRAT.o [2]
mUSART_RXBufBackUp_1ch  0x2000'd63c   0x100  Data  Gb  USRAT.o [2]
mUSART_RXBuf_1ch        0x2000'd43c   0x100  Data  Gb  USRAT.o [2]
mUSART_TXBuf_1ch        0x2000'd53c   0x100  Data  Gb  USRAT.o [2]
mUdp_Server_Port        0x2000'0110     0x2  Data  Gb  udp_echoclient.o [2]
m_Main_TIM_Cnt          0x2000'e4f4     0x4  Data  Gb  main.o [2]
m_Main_TIM_Cnt_Reset    0x2000'e4f8     0x4  Data  Gb  main.o [2]
m_PisplayMemo           0x2000'bf84   0x44c  Data  Gb  OLED_1in3_c_test.o [9]
main                     0x801'3559   0x372  Code  Gb  main.o [2]
main::__func__           0x802'5790     0x8  Data  Lc  main.o [2]
main::sOLED_InitCnt     0x2000'e51c     0x4  Data  Lc  main.o [2]
main::s_1000msCng       0x2000'e514     0x4  Data  Lc  main.o [2]
main::s_100msCng        0x2000'e50c     0x4  Data  Lc  main.o [2]
main::s_200msCng        0x2000'e510     0x4  Data  Lc  main.o [2]
main::s_MainTimeCng     0x2000'e518     0x4  Data  Lc  main.o [2]
main_vol_gain           0x2000'e5fe     0x1  Data  Gb  debug_task.o [2]
mem_free                 0x801'9c25    0x34  Code  Gb  mem.o [13]
mem_init                 0x801'9be9    0x3c  Code  Gb  mem.o [13]
mem_malloc               0x801'9d99   0x10a  Code  Gb  mem.o [13]
mem_trim                 0x801'9c59   0x140  Code  Gb  mem.o [13]
memchr                   0x802'204d          Code  Gb  memchr.o [18]
memcmp                   0x802'2ead          Code  Gb  memcmp.o [18]
memp_FRAG_PBUF           0x802'5660     0xc  Data  Gb  memp.o [13]
memp_PBUF                0x802'5678     0xc  Data  Gb  memp.o [13]
memp_PBUF_POOL           0x802'5684     0xc  Data  Gb  memp.o [13]
memp_RAW_PCB             0x802'5618     0xc  Data  Gb  memp.o [13]
memp_REASSDATA           0x802'5654     0xc  Data  Gb  memp.o [13]
memp_SYS_TIMEOUT         0x802'566c     0xc  Data  Gb  memp.o [13]
memp_TCP_PCB             0x802'5630     0xc  Data  Gb  memp.o [13]
memp_TCP_PCB_LISTEN      0x802'563c     0xc  Data  Gb  memp.o [13]
memp_TCP_SEG             0x802'5648     0xc  Data  Gb  memp.o [13]
memp_UDP_PCB             0x802'5624     0xc  Data  Gb  memp.o [13]
memp_free                0x801'9f45    0x24  Code  Gb  memp.o [13]
memp_init                0x801'9edf    0x20  Code  Gb  memp.o [13]
memp_init_pool           0x801'9eb5    0x2a  Code  Gb  memp.o [13]
memp_malloc              0x801'9f17    0x20  Code  Gb  memp.o [13]
memp_memory_FRAG_PBUF_base
                        0x2000'd1d0   0x16c  Data  Gb  memp.o [13]
memp_memory_PBUF_POOL_base
                        0x2000'33e0  0x2e24  Data  Gb  memp.o [13]
memp_memory_PBUF_base   0x2000'da38    0xa4  Data  Gb  memp.o [13]
memp_memory_RAW_PCB_base
                        0x2000'de08    0x74  Data  Gb  memp.o [13]
memp_memory_REASSDATA_base
                        0x2000'd8f0    0xa4  Data  Gb  memp.o [13]
memp_memory_SYS_TIMEOUT_base
                        0x2000'd994    0xa4  Data  Gb  memp.o [13]
memp_memory_TCP_PCB_LISTEN_base
                        0x2000'db70    0x90  Data  Gb  memp.o [13]
memp_memory_TCP_PCB_base
                        0x2000'b9b8   0x5cc  Data  Gb  memp.o [13]
memp_memory_TCP_SEG_base
                        0x2000'dc00    0x84  Data  Gb  memp.o [13]
memp_memory_UDP_PCB_base
                        0x2000'd82c    0xc4  Data  Gb  memp.o [13]
memp_pools               0x802'4bac    0x28  Data  Gb  memp.o [13]
memp_tab_FRAG_PBUF      0x2000'e554     0x4  Data  Lc  memp.o [13]
memp_tab_PBUF           0x2000'e55c     0x4  Data  Lc  memp.o [13]
memp_tab_PBUF_POOL      0x2000'e560     0x4  Data  Lc  memp.o [13]
memp_tab_RAW_PCB        0x2000'e53c     0x4  Data  Lc  memp.o [13]
memp_tab_REASSDATA      0x2000'e550     0x4  Data  Lc  memp.o [13]
memp_tab_SYS_TIMEOUT    0x2000'e558     0x4  Data  Lc  memp.o [13]
memp_tab_TCP_PCB        0x2000'e544     0x4  Data  Lc  memp.o [13]
memp_tab_TCP_PCB_LISTEN
                        0x2000'e548     0x4  Data  Lc  memp.o [13]
memp_tab_TCP_SEG        0x2000'e54c     0x4  Data  Lc  memp.o [13]
memp_tab_UDP_PCB        0x2000'e540     0x4  Data  Lc  memp.o [13]
message_count           0x2000'e5c8     0x4  Data  Gb  udp_echoclient.o [2]
nTestCnt                0x2000'e56c     0x4  Data  Gb  OLED_1in3_c_test.o [9]
nTime_Flage             0x2000'e5b8     0x4  Data  Gb  Timer.o [2]
nTime_Flage_100us       0x2000'e5c0     0x4  Data  Gb  Timer.o [2]
nTime_Flage_1ms         0x2000'e5bc     0x4  Data  Gb  Timer.o [2]
netif_add                0x801'793f    0x7c  Code  Gb  netif.o [13]
netif_default           0x2000'e568     0x4  Data  Gb  netif.o [13]
netif_init               0x801'793d     0x2  Code  Gb  netif.o [13]
netif_issue_reports      0x801'7aab    0x22  Code  Lc  netif.o [13]
netif_list              0x2000'e564     0x4  Data  Gb  netif.o [13]
netif_num               0x2000'e614     0x1  Data  Lc  netif.o [13]
netif_set_addr           0x801'79bb    0x48  Code  Gb  netif.o [13]
netif_set_default        0x801'7a6b     0x6  Code  Gb  netif.o [13]
netif_set_down           0x801'7acd    0x28  Code  Gb  netif.o [13]
netif_set_gw             0x801'7a4f     0xe  Code  Gb  netif.o [13]
netif_set_ipaddr         0x801'7a03    0x4c  Code  Gb  netif.o [13]
netif_set_link_callback
                         0x801'7b57     0x8  Code  Gb  netif.o [13]
netif_set_link_down      0x801'7b31    0x26  Code  Gb  netif.o [13]
netif_set_link_up        0x801'7af5    0x3c  Code  Gb  netif.o [13]
netif_set_netmask        0x801'7a5d     0xe  Code  Gb  netif.o [13]
netif_set_up             0x801'7a81    0x2a  Code  Gb  netif.o [13]
next_timeout            0x2000'e5ac     0x4  Data  Lc  timeouts.o [13]
njw1192_default_value    0x801'8e45   0x16c  Code  Gb  debug_task.o [2]
njw1192_mute             0x801'8df5    0x4e  Code  Gb  debug_task.o [2]
njw1192_tx_data         0x2000'e5d8     0x2  Data  Gb  debug_task.o [2]
njw1192_vol_setting      0x801'8d35    0x86  Code  Gb  debug_task.o [2]
njw1192_vol_setting_OutSpk
                         0x801'8dbb    0x3a  Code  Gb  debug_task.o [2]
njw1192_write            0x801'8d09    0x2c  Code  Gb  debug_task.o [2]
njw1192_write::njw_i2c_err
                        0x2000'e605     0x1  Data  Lc  debug_task.o [2]
pFlash                  0x2000'e3ac    0x20  Data  Gb  stm32f4xx_hal_flash.o [7]
pbuf_alloc               0x801'eaed   0x194  Code  Gb  pbuf.o [13]
pbuf_alloced_custom      0x801'ec81    0x8a  Code  Gb  pbuf.o [13]
pbuf_cat                 0x801'ef3b    0x2e  Code  Gb  pbuf.o [13]
pbuf_chain               0x801'ef69    0x16  Code  Gb  pbuf.o [13]
pbuf_clen                0x801'ef1d    0x12  Code  Gb  pbuf.o [13]
pbuf_copy                0x801'ef7f    0xda  Code  Gb  pbuf.o [13]
pbuf_copy_partial        0x801'f059    0xae  Code  Gb  pbuf.o [13]
pbuf_free                0x801'ee97    0x86  Code  Gb  pbuf.o [13]
pbuf_header              0x801'ee6f    0x14  Code  Gb  pbuf.o [13]
pbuf_header_force        0x801'ee83    0x14  Code  Gb  pbuf.o [13]
pbuf_header_impl         0x801'eda1    0xce  Code  Lc  pbuf.o [13]
pbuf_realloc             0x801'ed0b    0x96  Code  Gb  pbuf.o [13]
pbuf_ref                 0x801'ef2f     0xc  Code  Gb  pbuf.o [13]
pbuf_take                0x801'f107    0x98  Code  Gb  pbuf.o [13]
plug_holes               0x801'9b85    0x64  Code  Lc  mem.o [13]
pmEthernet_Rx_struct    0x2000'e500     0x4  Data  Gb  main.o [2]
processCurrentVal        0x801'52e7   0x190  Code  Gb  I2C.o [2]
processCurrentVal::bCurLedCtr
                        0x2000'0084     0x4  Data  Lc  I2C.o [2]
ram                     0x2000'e530     0x4  Data  Lc  mem.o [13]
ram_end                 0x2000'e534     0x4  Data  Lc  mem.o [13]
ram_heap                0x2000'6204  0x2814  Data  Gb  mem.o [13]
rand                     0x802'1f59    0x8a  Code  Gb  rand.o [16]
raw_input                0x801'f1d9    0xa4  Code  Gb  raw.o [13]
raw_input_match          0x801'f1a5    0x34  Code  Lc  raw.o [13]
raw_netif_ip_addr_changed
                         0x801'f27d    0x34  Code  Gb  raw.o [13]
raw_pcbs                0x2000'e578     0x4  Data  Lc  raw.o [13]
reassdatagrams          0x2000'e4f0     0x4  Data  Lc  ip4_frag.o [14]
recv_acked              0x2000'e5f8     0x2  Data  Lc  tcp_in.o [13]
recv_data               0x2000'e5a4     0x4  Data  Lc  tcp_in.o [13]
recv_flags              0x2000'e619     0x1  Data  Lc  tcp_in.o [13]
reverse                  0x801'755d    0x30  Code  Gb  OLED_1in3_c.o [11]
room_vol_gain           0x2000'e5ff     0x1  Data  Gb  debug_task.o [2]
salarmstructure         0x2000'e314    0x28  Data  Gb  main.o [2]
scalbln                  0x802'217d          Code  Gb  ldexp.o [17]
scalblnl                 0x802'217d          Code  Gb  ldexp.o [17]
scalbn                   0x802'217d          Code  Gb  ldexp.o [17]
scalbnl                  0x802'217d          Code  Gb  ldexp.o [17]
scale                    0x801'dd7d    0x46  Code  Lc  xprintffull_nomb.o [16]
sdatestructure          0x2000'e504     0x4  Data  Gb  main.o [2]
sdatestructureget       0x2000'e508     0x4  Data  Gb  main.o [2]
sec_hand                0x2000'e5d4     0x4  Data  Lc  xfail_s.o [16]
seqno                   0x2000'e59c     0x4  Data  Lc  tcp_in.o [13]
setAMP_Standby           0x801'8319    0x20  Code  Gb  AmpGpio.o [2]
setAmp_Mute_1            0x801'8469    0x24  Code  Gb  AmpGpio.o [2]
setAmp_Mute_2            0x801'848d    0x24  Code  Gb  AmpGpio.o [2]
setBk_Out_1              0x801'8339    0x4c  Code  Gb  AmpGpio.o [2]
setBk_Out_3              0x801'8385    0x4c  Code  Gb  AmpGpio.o [2]
setBk_Out_5              0x801'83d1    0x4c  Code  Gb  AmpGpio.o [2]
setBk_Out_6              0x801'841d    0x4c  Code  Gb  AmpGpio.o [2]
setOSP_Led               0x801'82ed    0x2c  Code  Gb  AmpGpio.o [2]
setRSP_Led               0x801'82c1    0x2c  Code  Gb  AmpGpio.o [2]
sprintf                  0x801'65b1    0x40  Code  Gb  sprintf.o [16]
stimestructure          0x2000'e440    0x14  Data  Gb  main.o [2]
stimestructureget       0x2000'e454    0x14  Data  Gb  main.o [2]
strchr                   0x802'1ff5          Code  Gb  strchr.o [18]
strlen                   0x801'9b4d          Code  Gb  strlen.o [18]
strncmp                  0x801'91dd    0x2a  Code  Gb  strncmp.o [16]
sys_check_timeouts       0x801'6e77    0x70  Code  Gb  timeouts.o [13]
sys_now                  0x801'6bdf     0x8  Code  Gb  ethernetif.o [2]
sys_timeout              0x801'6db3    0xc4  Code  Gb  timeouts.o [13]
sys_timeouts_init        0x801'6d8d    0x26  Code  Gb  timeouts.o [13]
tcp_abandon              0x801'ab15    0xe0  Code  Gb  tcp.o [13]
tcp_abort                0x801'abf5     0xe  Code  Gb  tcp.o [13]
tcp_active_pcbs         0x2000'e58c     0x4  Data  Gb  tcp.o [13]
tcp_active_pcbs_changed
                        0x2000'e615     0x1  Data  Gb  tcp.o [13]
tcp_alloc                0x801'b2d1    0xf6  Code  Gb  tcp.o [13]
tcp_backoff              0x802'5560    0x10  Data  Lc  tcp.o [13]
tcp_bound_pcbs          0x2000'e584     0x4  Data  Gb  tcp.o [13]
tcp_close                0x801'aaeb    0x2a  Code  Gb  tcp.o [13]
tcp_close_shutdown       0x801'a93d   0x1ae  Code  Lc  tcp.o [13]
tcp_create_segment       0x802'03d3    0xbc  Code  Lc  tcp_out.o [13]
tcp_debug_print          0x801'b56f     0x2  Code  Gb  tcp.o [13]
tcp_debug_print_state    0x801'b571    0x16  Code  Gb  tcp.o [13]
tcp_eff_send_mss_impl    0x801'b4b3    0x3e  Code  Gb  tcp.o [13]
tcp_enqueue_flags        0x802'048f    0xfa  Code  Gb  tcp_out.o [13]
tcp_fasttmr              0x801'b03f    0x6c  Code  Gb  tcp.o [13]
tcp_getoptbyte           0x802'1e29    0x42  Code  Lc  tcp_in.o [13]
tcp_init                 0x801'a8e9     0x2  Code  Gb  tcp.o [13]
tcp_input                0x802'0c11   0x4fe  Code  Gb  tcp_in.o [13]
tcp_input_pcb           0x2000'e5a8     0x4  Data  Gb  tcp_in.o [13]
tcp_keepalive            0x802'0abf    0x5a  Code  Gb  tcp_out.o [13]
tcp_kill_prio            0x801'b1e3    0x5c  Code  Lc  tcp.o [13]
tcp_kill_state           0x801'b23f    0x4e  Code  Lc  tcp.o [13]
tcp_kill_timewait        0x801'b28d    0x40  Code  Lc  tcp.o [13]
tcp_listen_closed        0x801'a91d    0x20  Code  Lc  tcp.o [13]
tcp_listen_input         0x802'110f   0x11e  Code  Lc  tcp_in.o [13]
tcp_listen_pcbs         0x2000'e588     0x4  Data  Gb  tcp.o [13]
tcp_netif_ip_addr_changed
                         0x801'b521    0x4e  Code  Gb  tcp.o [13]
tcp_netif_ip_addr_changed_pcblist
                         0x801'b4f1    0x2e  Code  Lc  tcp.o [13]
tcp_next_iss             0x801'b4a3    0x10  Code  Gb  tcp.o [13]
tcp_next_iss::iss       0x2000'00c0     0x4  Data  Lc  tcp.o [13]
tcp_optidx              0x2000'e5f6     0x2  Data  Lc  tcp_in.o [13]
tcp_output               0x802'060f   0x23c  Code  Gb  tcp_out.o [13]
tcp_output_alloc_header
                         0x802'0305    0x84  Code  Lc  tcp_out.o [13]
tcp_output_segment       0x802'084b    0xca  Code  Lc  tcp_out.o [13]
tcp_parseopt             0x802'1e75    0xa8  Code  Lc  tcp_in.o [13]
tcp_pcb_lists            0x802'5570    0x10  Data  Gb  tcp.o [13]
tcp_pcb_purge            0x801'b3cd    0x6c  Code  Gb  tcp.o [13]
tcp_pcb_remove           0x801'b43d    0x66  Code  Gb  tcp.o [13]
tcp_pcbs_sane            0x801'b621     0x2  Code  Gb  tcp.o [13]
tcp_persist_backoff      0x802'5800     0x8  Data  Lc  tcp.o [13]
tcp_process              0x802'12b7   0x52e  Code  Lc  tcp_in.o [13]
tcp_process_refused_data
                         0x801'b0b9    0xaa  Code  Gb  tcp.o [13]
tcp_receive              0x802'1829   0x600  Code  Lc  tcp_in.o [13]
tcp_recv_null            0x801'b1b1    0x32  Code  Gb  tcp.o [13]
tcp_recved               0x801'ac4f    0x58  Code  Gb  tcp.o [13]
tcp_remove_listener      0x801'a907    0x16  Code  Lc  tcp.o [13]
tcp_rexmit               0x802'09f7    0x5a  Code  Gb  tcp_out.o [13]
tcp_rexmit_fast          0x802'0a51    0x6e  Code  Gb  tcp_out.o [13]
tcp_rexmit_rto           0x802'09bf    0x38  Code  Gb  tcp_out.o [13]
tcp_rst                  0x802'0921    0x9e  Code  Gb  tcp_out.o [13]
tcp_seg_free             0x801'b193    0x1e  Code  Gb  tcp.o [13]
tcp_segs_free            0x801'b17d    0x16  Code  Gb  tcp.o [13]
tcp_send_empty_ack       0x802'0589    0x86  Code  Gb  tcp_out.o [13]
tcp_send_fin             0x802'0389    0x4a  Code  Gb  tcp_out.o [13]
tcp_slowtmr              0x801'aca7   0x398  Code  Gb  tcp.o [13]
tcp_state_str            0x802'4a68    0x2c  Data  Lc  tcp.o [13]
tcp_ticks               0x2000'e580     0x4  Data  Gb  tcp.o [13]
tcp_timer               0x2000'e616     0x1  Data  Lc  tcp.o [13]
tcp_timer_ctr           0x2000'e617     0x1  Data  Lc  tcp.o [13]
tcp_timer_needed         0x801'6d4d    0x2a  Code  Gb  timeouts.o [13]
tcp_timewait_input       0x802'122d    0x8a  Code  Lc  tcp_in.o [13]
tcp_tmr                  0x801'a8eb    0x1c  Code  Gb  tcp.o [13]
tcp_trigger_input_pcb_close
                         0x802'1f1d     0xc  Code  Gb  tcp_in.o [13]
tcp_tw_pcbs             0x2000'e590     0x4  Data  Gb  tcp.o [13]
tcp_update_rcv_ann_wnd   0x801'ac03    0x4c  Code  Gb  tcp.o [13]
tcp_zero_window_probe    0x802'0b19    0xf8  Code  Gb  tcp_out.o [13]
tcphdr                  0x2000'e594     0x4  Data  Lc  tcp_in.o [13]
tcphdr_opt1len          0x2000'e5f4     0x2  Data  Lc  tcp_in.o [13]
tcphdr_opt2             0x2000'e598     0x4  Data  Lc  tcp_in.o [13]
tcphdr_optlen           0x2000'e5f2     0x2  Data  Lc  tcp_in.o [13]
tcpip_tcp_timer          0x801'6d21    0x2c  Code  Lc  timeouts.o [13]
tcpip_tcp_timer_active  0x2000'e5b4     0x4  Data  Lc  timeouts.o [13]
tcplen                  0x2000'e5fa     0x2  Data  Lc  tcp_in.o [13]
timeouts_last_time      0x2000'e5b0     0x4  Data  Lc  timeouts.o [13]
tonebass_gain           0x2000'e601     0x1  Data  Gb  debug_task.o [2]
tonetreble_gain         0x2000'e602     0x1  Data  Gb  debug_task.o [2]
udp_SysLog               0x801'7809    0xbe  Code  Gb  udp_echoclient.o [2]
udp_SysLog::szBuf       0x2000'c7d0   0x400  Data  Lc  udp_echoclient.o [2]
udp_SysLog_Connect       0x801'772f    0xda  Code  Gb  udp_echoclient.o [2]
udp_SysLog_Connect::szBuf
                        0x2000'c3d0   0x400  Data  Lc  udp_echoclient.o [2]
udp_bind                 0x801'a6a1    0xce  Code  Gb  udp.o [13]
udp_connect              0x801'a76f    0x66  Code  Gb  udp.o [13]
udp_echoclient_connect   0x801'7649    0xe6  Code  Gb  udp_echoclient.o [2]
udp_init                 0x801'9f71     0x2  Code  Gb  udp.o [13]
udp_input                0x801'a019   0x4dc  Code  Gb  udp.o [13]
udp_input_local_match    0x801'9fc3    0x56  Code  Lc  udp.o [13]
udp_netif_ip_addr_changed
                         0x801'a83d    0x34  Code  Gb  udp.o [13]
udp_new                  0x801'a817    0x26  Code  Gb  udp.o [13]
udp_new_port             0x801'9f73    0x50  Code  Lc  udp.o [13]
udp_pcbs                0x2000'e5c4     0x4  Data  Gb  udp.o [13]
udp_port                0x2000'010e     0x2  Data  Lc  udp.o [13]
udp_receive_callback     0x801'78c9    0x2e  Code  Gb  udp_echoclient.o [2]
udp_recv                 0x801'a7d5     0x6  Code  Gb  udp.o [13]
udp_remove               0x801'a7db    0x3c  Code  Gb  udp.o [13]
udp_send                 0x801'a4fd    0x1e  Code  Gb  udp.o [13]
udp_sendto               0x801'a51b    0x42  Code  Gb  udp.o [13]
udp_sendto_if            0x801'a55d    0x64  Code  Gb  udp.o [13]
udp_sendto_if_src        0x801'a5c1    0xe0  Code  Gb  udp.o [13]
uhADCxConvertedValue_Cnt
                        0x2000'e5ea     0x2  Data  Gb  main.o [2]
upcb                    0x2000'e5cc     0x4  Data  Gb  udp_echoclient.o [2]
uwTick                  0x2000'e57c     0x4  Data  Gb  stm32f4xx_hal.o [7]
vsprintf                 0x801'9b19    0x34  Code  Gb  vsprintf.o [16]


[1] = C:\D\Git_Hub\LEDC-B1\File\EWARM\STM324xG_EVAL\Obj\Application\EWARM
[2] = C:\D\Git_Hub\LEDC-B1\File\EWARM\STM324xG_EVAL\Obj\Application\User
[3] = C:\D\Git_Hub\LEDC-B1\File\EWARM\STM324xG_EVAL\Obj\Application\Utilities\Fonts
[4] = C:\D\Git_Hub\LEDC-B1\File\EWARM\STM324xG_EVAL\Obj\Drivers\BSP\Components
[5] = C:\D\Git_Hub\LEDC-B1\File\EWARM\STM324xG_EVAL\Obj\Drivers\BSP\STM324xG_EVAL
[6] = C:\D\Git_Hub\LEDC-B1\File\EWARM\STM324xG_EVAL\Obj\Drivers\CMSIS
[7] = C:\D\Git_Hub\LEDC-B1\File\EWARM\STM324xG_EVAL\Obj\Drivers\STM32F4xx_HAL_Driver
[8] = C:\D\Git_Hub\LEDC-B1\File\EWARM\STM324xG_EVAL\Obj\Drivers\display\Config
[9] = C:\D\Git_Hub\LEDC-B1\File\EWARM\STM324xG_EVAL\Obj\Drivers\display\Example
[10] = C:\D\Git_Hub\LEDC-B1\File\EWARM\STM324xG_EVAL\Obj\Drivers\display\GUI
[11] = C:\D\Git_Hub\LEDC-B1\File\EWARM\STM324xG_EVAL\Obj\Drivers\display\OLED
[12] = C:\D\Git_Hub\LEDC-B1\File\EWARM\STM324xG_EVAL\Obj\Middlewares\LwIP\Api
[13] = C:\D\Git_Hub\LEDC-B1\File\EWARM\STM324xG_EVAL\Obj\Middlewares\LwIP\Core
[14] = C:\D\Git_Hub\LEDC-B1\File\EWARM\STM324xG_EVAL\Obj\Middlewares\LwIP\Core\IPv4
[15] = C:\D\Git_Hub\LEDC-B1\File\EWARM\STM324xG_EVAL\Obj\Middlewares\LwIP\Netif
[16] = dl7M_tlf.a
[17] = m7M_tls.a
[18] = rt7M_tl.a
[19] = shb_l.a

  78'389 bytes of readonly  code memory
  10'151 bytes of readonly  data memory
  67'100 bytes of readwrite data memory

Errors: none
Warnings: none
